<html>
<body>
<pre>
<h1>µVision Build Log</h1>
<h2>Tool Versions:</h2>
IDE-Version: µVision V5.29.0.0
Copyright (C) 2019 ARM Ltd and ARM Germany GmbH. All rights reserved.
License Information: Claire Austin, Claire Austin, LIC=----
 
Tool Versions:
Toolchain:       MDK-Lite  Version: 5.29.0.0
Toolchain Path:  C:\Keil_v5\ARM\ARMCLANG\Bin
C Compiler:      ArmClang.exe V6.13.1
Assembler:       Armasm.exe V6.13.1
Linker/Locator:  ArmLink.exe V6.13.1
Library Manager: ArmAr.exe V6.13.1
Hex Converter:   FromElf.exe V6.13.1
CPU DLL:         SARMCM3.DLL V5.29.0.0
Dialog DLL:      DCM.DLL V1.17.3.0
Target DLL:      STLink\ST-LINKIII-KEIL_SWO.dll V3.0.7.0
Dialog DLL:      TCM.DLL V1.36.5.0
 
<h2>Project:</h2>
D:\Embedded\STM Nucleo L476RG\NRF24_DHT\MDK-ARM\NRF24_DHT.uvprojx
Project File Date:  01/07/2021

<h2>Output:</h2>
*** Using Compiler 'V6.13.1', folder: 'C:\Keil_v5\ARM\ARMCLANG\Bin'
Rebuild target 'NRF24_DHT'
assembling startup_stm32l476xx.s...
compiling stm32l4xx_it.c...
compiling DHT.c...
compiling main.c...
compiling stm32l4xx_hal_msp.c...
nrf24.c(713): warning: implicitly declaring library function 'sprintf' with type 'int (char *, const char *, ...)' [-Wimplicit-function-declaration]
        sprintf(uartTxBuf, "\r\n**********************************************\r\n");
        ^
nrf24.c(713): note: include the header <stdio.h> or explicitly provide a declaration for 'sprintf'
1 warning generated.
compiling nrf24.c...
compiling stm32l4xx_hal_spi_ex.c...
compiling stm32l4xx_hal.c...
compiling stm32l4xx_hal_i2c_ex.c...
compiling stm32l4xx_hal_spi.c...
compiling stm32l4xx_hal_rcc.c...
compiling stm32l4xx_hal_flash.c...
compiling stm32l4xx_hal_rcc_ex.c...
compiling stm32l4xx_hal_i2c.c...
compiling stm32l4xx_hal_flash_ramfunc.c...
compiling stm32l4xx_hal_flash_ex.c...
compiling stm32l4xx_hal_gpio.c...
compiling stm32l4xx_hal_dma_ex.c...
compiling stm32l4xx_hal_dma.c...
compiling stm32l4xx_hal_pwr.c...
compiling stm32l4xx_hal_pwr_ex.c...
compiling stm32l4xx_hal_tim.c...
compiling stm32l4xx_hal_exti.c...
compiling stm32l4xx_hal_cortex.c...
compiling stm32l4xx_hal_tim_ex.c...
compiling system_stm32l4xx.c...
compiling stm32l4xx_hal_uart_ex.c...
compiling stm32l4xx_hal_uart.c...
linking...
Program Size: Code=14570 RO-data=1438 RW-data=52 ZI-data=1548  
FromELF: creating hex file...
"NRF24_DHT\NRF24_DHT.axf" - 0 Error(s), 1 Warning(s).

<h2>Software Packages used:</h2>

Package Vendor: ARM
                http://www.keil.com/pack/ARM.CMSIS.5.6.0.pack
                ARM.CMSIS.5.6.0
                CMSIS (Cortex Microcontroller Software Interface Standard)
   * Component: CORE Version: 5.3.0

Package Vendor: Keil
                http://www.keil.com/pack/Keil.STM32L4xx_DFP.2.4.0.pack
                Keil.STM32L4xx_DFP.2.4.0
                STMicroelectronics STM32L4 Series Device Support, Drivers and Examples

<h2>Collection of Component include folders:</h2>
  .\RTE\_NRF24_DHT
  C:\Users\Claire Austin\AppData\Local\Arm\Packs\ARM\CMSIS\5.6.0\CMSIS\Core\Include
  C:\Users\Claire Austin\AppData\Local\Arm\Packs\Keil\STM32L4xx_DFP\2.4.0\Drivers\CMSIS\Device\ST\STM32L4xx\Include

<h2>Collection of Component Files used:</h2>

   * Component: ARM::CMSIS:CORE:5.3.0
Build Time Elapsed:  00:00:02
</pre>
</body>
</html>
