Component: ARM Compiler 6.16 Tool: armlink [5dfeaa00]

==============================================================================

Section Cross References

    startup_stm32f103xb.o(RESET) refers to startup_stm32f103xb.o(STACK) for __initial_sp
    startup_stm32f103xb.o(RESET) refers to startup_stm32f103xb.o(.text) for Reset_Handler
    startup_stm32f103xb.o(RESET) refers to stm32f1xx_it.o(.text.NMI_Handler) for NMI_Handler
    startup_stm32f103xb.o(RESET) refers to stm32f1xx_it.o(.text.HardFault_Handler) for HardFault_Handler
    startup_stm32f103xb.o(RESET) refers to stm32f1xx_it.o(.text.MemManage_Handler) for MemManage_Handler
    startup_stm32f103xb.o(RESET) refers to stm32f1xx_it.o(.text.BusFault_Handler) for BusFault_Handler
    startup_stm32f103xb.o(RESET) refers to stm32f1xx_it.o(.text.UsageFault_Handler) for UsageFault_Handler
    startup_stm32f103xb.o(RESET) refers to stm32f1xx_it.o(.text.SVC_Handler) for SVC_Handler
    startup_stm32f103xb.o(RESET) refers to stm32f1xx_it.o(.text.DebugMon_Handler) for DebugMon_Handler
    startup_stm32f103xb.o(RESET) refers to stm32f1xx_it.o(.text.PendSV_Handler) for PendSV_Handler
    startup_stm32f103xb.o(RESET) refers to stm32f1xx_it.o(.text.SysTick_Handler) for SysTick_Handler
    startup_stm32f103xb.o(RESET) refers to stm32f1xx_it.o(.text.TIM1_UP_IRQHandler) for TIM1_UP_IRQHandler
    startup_stm32f103xb.o(.text) refers to system_stm32f1xx.o(.text.SystemInit) for SystemInit
    startup_stm32f103xb.o(.text) refers to entry.o(.ARM.Collect$$$$00000000) for __main
    nrf24.o(.ARM.exidx.text.NRF24_DelayMicroSeconds) refers to nrf24.o(.text.NRF24_DelayMicroSeconds) for [Anonymous Symbol]
    nrf24.o(.text.NRF24_csn) refers to nrf24.o(.bss.nrf24_PORT) for nrf24_PORT
    nrf24.o(.text.NRF24_csn) refers to nrf24.o(.bss.nrf24_CSN_PIN) for nrf24_CSN_PIN
    nrf24.o(.text.NRF24_csn) refers to stm32f1xx_hal_gpio.o(.text.HAL_GPIO_WritePin) for HAL_GPIO_WritePin
    nrf24.o(.ARM.exidx.text.NRF24_csn) refers to nrf24.o(.text.NRF24_csn) for [Anonymous Symbol]
    nrf24.o(.text.NRF24_ce) refers to nrf24.o(.bss.nrf24_PORT) for nrf24_PORT
    nrf24.o(.text.NRF24_ce) refers to nrf24.o(.bss.nrf24_CE_PIN) for nrf24_CE_PIN
    nrf24.o(.text.NRF24_ce) refers to stm32f1xx_hal_gpio.o(.text.HAL_GPIO_WritePin) for HAL_GPIO_WritePin
    nrf24.o(.ARM.exidx.text.NRF24_ce) refers to nrf24.o(.text.NRF24_ce) for [Anonymous Symbol]
    nrf24.o(.text.NRF24_read_register) refers to nrf24.o(.text.NRF24_csn) for NRF24_csn
    nrf24.o(.text.NRF24_read_register) refers to nrf24.o(.bss.nrf24_hspi) for nrf24_hspi
    nrf24.o(.text.NRF24_read_register) refers to stm32f1xx_hal_spi.o(.text.HAL_SPI_Transmit) for HAL_SPI_Transmit
    nrf24.o(.text.NRF24_read_register) refers to stm32f1xx_hal_spi.o(.text.HAL_SPI_Receive) for HAL_SPI_Receive
    nrf24.o(.ARM.exidx.text.NRF24_read_register) refers to nrf24.o(.text.NRF24_read_register) for [Anonymous Symbol]
    nrf24.o(.text.NRF24_read_registerN) refers to nrf24.o(.text.NRF24_csn) for NRF24_csn
    nrf24.o(.text.NRF24_read_registerN) refers to nrf24.o(.bss.nrf24_hspi) for nrf24_hspi
    nrf24.o(.text.NRF24_read_registerN) refers to stm32f1xx_hal_spi.o(.text.HAL_SPI_Transmit) for HAL_SPI_Transmit
    nrf24.o(.text.NRF24_read_registerN) refers to stm32f1xx_hal_spi.o(.text.HAL_SPI_Receive) for HAL_SPI_Receive
    nrf24.o(.ARM.exidx.text.NRF24_read_registerN) refers to nrf24.o(.text.NRF24_read_registerN) for [Anonymous Symbol]
    nrf24.o(.text.NRF24_write_register) refers to nrf24.o(.text.NRF24_csn) for NRF24_csn
    nrf24.o(.text.NRF24_write_register) refers to nrf24.o(.bss.nrf24_hspi) for nrf24_hspi
    nrf24.o(.text.NRF24_write_register) refers to stm32f1xx_hal_spi.o(.text.HAL_SPI_Transmit) for HAL_SPI_Transmit
    nrf24.o(.ARM.exidx.text.NRF24_write_register) refers to nrf24.o(.text.NRF24_write_register) for [Anonymous Symbol]
    nrf24.o(.text.NRF24_write_registerN) refers to nrf24.o(.text.NRF24_csn) for NRF24_csn
    nrf24.o(.text.NRF24_write_registerN) refers to nrf24.o(.bss.nrf24_hspi) for nrf24_hspi
    nrf24.o(.text.NRF24_write_registerN) refers to stm32f1xx_hal_spi.o(.text.HAL_SPI_Transmit) for HAL_SPI_Transmit
    nrf24.o(.ARM.exidx.text.NRF24_write_registerN) refers to nrf24.o(.text.NRF24_write_registerN) for [Anonymous Symbol]
    nrf24.o(.text.NRF24_write_payload) refers to nrf24.o(.text.NRF24_csn) for NRF24_csn
    nrf24.o(.text.NRF24_write_payload) refers to nrf24.o(.bss.nrf24_hspi) for nrf24_hspi
    nrf24.o(.text.NRF24_write_payload) refers to stm32f1xx_hal_spi.o(.text.HAL_SPI_Transmit) for HAL_SPI_Transmit
    nrf24.o(.ARM.exidx.text.NRF24_write_payload) refers to nrf24.o(.text.NRF24_write_payload) for [Anonymous Symbol]
    nrf24.o(.text.NRF24_read_payload) refers to nrf24.o(.text.NRF24_getPayloadSize) for NRF24_getPayloadSize
    nrf24.o(.text.NRF24_read_payload) refers to nrf24.o(.text.NRF24_csn) for NRF24_csn
    nrf24.o(.text.NRF24_read_payload) refers to nrf24.o(.bss.nrf24_hspi) for nrf24_hspi
[...]
    Removing stm32f1xx_hal_tim_ex.o(.text.HAL_TIMEx_HallSensor_Stop_DMA), (70 bytes).
    Removing stm32f1xx_hal_tim_ex.o(.ARM.exidx.text.HAL_TIMEx_HallSensor_Stop_DMA), (8 bytes).
    Removing stm32f1xx_hal_tim_ex.o(.text.HAL_TIMEx_OCN_Start), (170 bytes).
    Removing stm32f1xx_hal_tim_ex.o(.ARM.exidx.text.HAL_TIMEx_OCN_Start), (8 bytes).
    Removing stm32f1xx_hal_tim_ex.o(.text.TIM_CCxNChannelCmd), (36 bytes).
    Removing stm32f1xx_hal_tim_ex.o(.ARM.exidx.text.TIM_CCxNChannelCmd), (8 bytes).
    Removing stm32f1xx_hal_tim_ex.o(.text.HAL_TIMEx_OCN_Stop), (112 bytes).
    Removing stm32f1xx_hal_tim_ex.o(.ARM.exidx.text.HAL_TIMEx_OCN_Stop), (8 bytes).
    Removing stm32f1xx_hal_tim_ex.o(.text.HAL_TIMEx_OCN_Start_IT), (202 bytes).
    Removing stm32f1xx_hal_tim_ex.o(.ARM.exidx.text.HAL_TIMEx_OCN_Start_IT), (8 bytes).
    Removing stm32f1xx_hal_tim_ex.o(.text.HAL_TIMEx_OCN_Stop_IT), (166 bytes).
    Removing stm32f1xx_hal_tim_ex.o(.ARM.exidx.text.HAL_TIMEx_OCN_Stop_IT), (8 bytes).
    Removing stm32f1xx_hal_tim_ex.o(.text.HAL_TIMEx_OCN_Start_DMA), (430 bytes).
    Removing stm32f1xx_hal_tim_ex.o(.ARM.exidx.text.HAL_TIMEx_OCN_Start_DMA), (8 bytes).
    Removing stm32f1xx_hal_tim_ex.o(.text.TIM_DMADelayPulseNCplt), (96 bytes).
    Removing stm32f1xx_hal_tim_ex.o(.ARM.exidx.text.TIM_DMADelayPulseNCplt), (8 bytes).
    Removing stm32f1xx_hal_tim_ex.o(.text.TIM_DMAErrorCCxN), (66 bytes).
    Removing stm32f1xx_hal_tim_ex.o(.ARM.exidx.text.TIM_DMAErrorCCxN), (8 bytes).
    Removing stm32f1xx_hal_tim_ex.o(.text.HAL_TIMEx_OCN_Stop_DMA), (172 bytes).
    Removing stm32f1xx_hal_tim_ex.o(.ARM.exidx.text.HAL_TIMEx_OCN_Stop_DMA), (8 bytes).
    Removing stm32f1xx_hal_tim_ex.o(.text.HAL_TIMEx_PWMN_Start), (170 bytes).
    Removing stm32f1xx_hal_tim_ex.o(.ARM.exidx.text.HAL_TIMEx_PWMN_Start), (8 bytes).
    Removing stm32f1xx_hal_tim_ex.o(.text.HAL_TIMEx_PWMN_Stop), (112 bytes).
    Removing stm32f1xx_hal_tim_ex.o(.ARM.exidx.text.HAL_TIMEx_PWMN_Stop), (8 bytes).
    Removing stm32f1xx_hal_tim_ex.o(.text.HAL_TIMEx_PWMN_Start_IT), (202 bytes).
    Removing stm32f1xx_hal_tim_ex.o(.ARM.exidx.text.HAL_TIMEx_PWMN_Start_IT), (8 bytes).
    Removing stm32f1xx_hal_tim_ex.o(.text.HAL_TIMEx_PWMN_Stop_IT), (166 bytes).
    Removing stm32f1xx_hal_tim_ex.o(.ARM.exidx.text.HAL_TIMEx_PWMN_Stop_IT), (8 bytes).
    Removing stm32f1xx_hal_tim_ex.o(.text.HAL_TIMEx_PWMN_Start_DMA), (430 bytes).
    Removing stm32f1xx_hal_tim_ex.o(.ARM.exidx.text.HAL_TIMEx_PWMN_Start_DMA), (8 bytes).
    Removing stm32f1xx_hal_tim_ex.o(.text.HAL_TIMEx_PWMN_Stop_DMA), (172 bytes).
    Removing stm32f1xx_hal_tim_ex.o(.ARM.exidx.text.HAL_TIMEx_PWMN_Stop_DMA), (8 bytes).
    Removing stm32f1xx_hal_tim_ex.o(.text.HAL_TIMEx_OnePulseN_Start), (146 bytes).
    Removing stm32f1xx_hal_tim_ex.o(.ARM.exidx.text.HAL_TIMEx_OnePulseN_Start), (8 bytes).
    Removing stm32f1xx_hal_tim_ex.o(.text.HAL_TIMEx_OnePulseN_Stop), (140 bytes).
    Removing stm32f1xx_hal_tim_ex.o(.ARM.exidx.text.HAL_TIMEx_OnePulseN_Stop), (8 bytes).
    Removing stm32f1xx_hal_tim_ex.o(.text.HAL_TIMEx_OnePulseN_Start_IT), (162 bytes).
    Removing stm32f1xx_hal_tim_ex.o(.ARM.exidx.text.HAL_TIMEx_OnePulseN_Start_IT), (8 bytes).
    Removing stm32f1xx_hal_tim_ex.o(.text.HAL_TIMEx_OnePulseN_Stop_IT), (156 bytes).
    Removing stm32f1xx_hal_tim_ex.o(.ARM.exidx.text.HAL_TIMEx_OnePulseN_Stop_IT), (8 bytes).
    Removing stm32f1xx_hal_tim_ex.o(.text.HAL_TIMEx_ConfigCommutEvent), (100 bytes).
    Removing stm32f1xx_hal_tim_ex.o(.ARM.exidx.text.HAL_TIMEx_ConfigCommutEvent), (8 bytes).
    Removing stm32f1xx_hal_tim_ex.o(.text.HAL_TIMEx_ConfigCommutEvent_IT), (100 bytes).
    Removing stm32f1xx_hal_tim_ex.o(.ARM.exidx.text.HAL_TIMEx_ConfigCommutEvent_IT), (8 bytes).
    Removing stm32f1xx_hal_tim_ex.o(.text.HAL_TIMEx_ConfigCommutEvent_DMA), (140 bytes).
    Removing stm32f1xx_hal_tim_ex.o(.ARM.exidx.text.HAL_TIMEx_ConfigCommutEvent_DMA), (8 bytes).
    Removing stm32f1xx_hal_tim_ex.o(.text.TIMEx_DMACommutationCplt), (14 bytes).
    Removing stm32f1xx_hal_tim_ex.o(.ARM.exidx.text.TIMEx_DMACommutationCplt), (8 bytes).
    Removing stm32f1xx_hal_tim_ex.o(.text.TIMEx_DMACommutationHalfCplt), (14 bytes).
    Removing stm32f1xx_hal_tim_ex.o(.ARM.exidx.text.TIMEx_DMACommutationHalfCplt), (8 bytes).
    Removing stm32f1xx_hal_tim_ex.o(.ARM.exidx.text.HAL_TIMEx_MasterConfigSynchronization), (8 bytes).
    Removing stm32f1xx_hal_tim_ex.o(.text.HAL_TIMEx_ConfigBreakDeadTime), (72 bytes).
    Removing stm32f1xx_hal_tim_ex.o(.ARM.exidx.text.HAL_TIMEx_ConfigBreakDeadTime), (8 bytes).
    Removing stm32f1xx_hal_tim_ex.o(.text.HAL_TIMEx_RemapConfig), (4 bytes).
    Removing stm32f1xx_hal_tim_ex.o(.ARM.exidx.text.HAL_TIMEx_RemapConfig), (8 bytes).
    Removing stm32f1xx_hal_tim_ex.o(.ARM.exidx.text.HAL_TIMEx_CommutCallback), (8 bytes).
    Removing stm32f1xx_hal_tim_ex.o(.text.HAL_TIMEx_CommutHalfCpltCallback), (2 bytes).
    Removing stm32f1xx_hal_tim_ex.o(.ARM.exidx.text.HAL_TIMEx_CommutHalfCpltCallback), (8 bytes).
    Removing stm32f1xx_hal_tim_ex.o(.ARM.exidx.text.HAL_TIMEx_BreakCallback), (8 bytes).
    Removing stm32f1xx_hal_tim_ex.o(.text.HAL_TIMEx_HallSensor_GetState), (4 bytes).
    Removing stm32f1xx_hal_tim_ex.o(.ARM.exidx.text.HAL_TIMEx_HallSensor_GetState), (8 bytes).
    Removing stm32f1xx_hal_tim_ex.o(.text.HAL_TIMEx_GetChannelNState), (32 bytes).
    Removing stm32f1xx_hal_tim_ex.o(.ARM.exidx.text.HAL_TIMEx_GetChannelNState), (8 bytes).
    Removing stm32f1xx_hal_uart.o(.text), (0 bytes).
    Removing stm32f1xx_hal_uart.o(.ARM.exidx.text.HAL_UART_Init), (8 bytes).
    Removing stm32f1xx_hal_uart.o(.text.HAL_UART_MspInit), (2 bytes).
    Removing stm32f1xx_hal_uart.o(.ARM.exidx.text.HAL_UART_MspInit), (8 bytes).
    Removing stm32f1xx_hal_uart.o(.ARM.exidx.text.UART_SetConfig), (8 bytes).
    Removing stm32f1xx_hal_uart.o(.text.HAL_HalfDuplex_Init), (92 bytes).
    Removing stm32f1xx_hal_uart.o(.ARM.exidx.text.HAL_HalfDuplex_Init), (8 bytes).
    Removing stm32f1xx_hal_uart.o(.text.HAL_LIN_Init), (108 bytes).
    Removing stm32f1xx_hal_uart.o(.ARM.exidx.text.HAL_LIN_Init), (8 bytes).
    Removing stm32f1xx_hal_uart.o(.text.HAL_MultiProcessor_Init), (116 bytes).
    Removing stm32f1xx_hal_uart.o(.ARM.exidx.text.HAL_MultiProcessor_Init), (8 bytes).
    Removing stm32f1xx_hal_uart.o(.text.HAL_UART_DeInit), (44 bytes).
    Removing stm32f1xx_hal_uart.o(.ARM.exidx.text.HAL_UART_DeInit), (8 bytes).
    Removing stm32f1xx_hal_uart.o(.text.HAL_UART_MspDeInit), (2 bytes).
    Removing stm32f1xx_hal_uart.o(.ARM.exidx.text.HAL_UART_MspDeInit), (8 bytes).
    Removing stm32f1xx_hal_uart.o(.ARM.exidx.text.HAL_UART_Transmit), (8 bytes).
    Removing stm32f1xx_hal_uart.o(.ARM.exidx.text.UART_WaitOnFlagUntilTimeout), (8 bytes).
    Removing stm32f1xx_hal_uart.o(.text.HAL_UART_Receive), (206 bytes).
    Removing stm32f1xx_hal_uart.o(.ARM.exidx.text.HAL_UART_Receive), (8 bytes).
    Removing stm32f1xx_hal_uart.o(.text.HAL_UART_Transmit_IT), (60 bytes).
    Removing stm32f1xx_hal_uart.o(.ARM.exidx.text.HAL_UART_Transmit_IT), (8 bytes).
    Removing stm32f1xx_hal_uart.o(.text.HAL_UART_Receive_IT), (76 bytes).
    Removing stm32f1xx_hal_uart.o(.ARM.exidx.text.HAL_UART_Receive_IT), (8 bytes).
    Removing stm32f1xx_hal_uart.o(.text.HAL_UART_Transmit_DMA), (112 bytes).
    Removing stm32f1xx_hal_uart.o(.ARM.exidx.text.HAL_UART_Transmit_DMA), (8 bytes).
    Removing stm32f1xx_hal_uart.o(.text.UART_DMATransmitCplt), (42 bytes).
    Removing stm32f1xx_hal_uart.o(.ARM.exidx.text.UART_DMATransmitCplt), (8 bytes).
    Removing stm32f1xx_hal_uart.o(.text.UART_DMATxHalfCplt), (10 bytes).
    Removing stm32f1xx_hal_uart.o(.ARM.exidx.text.UART_DMATxHalfCplt), (8 bytes).
    Removing stm32f1xx_hal_uart.o(.text.UART_DMAError), (72 bytes).
    Removing stm32f1xx_hal_uart.o(.ARM.exidx.text.UART_DMAError), (8 bytes).
    Removing stm32f1xx_hal_uart.o(.text.HAL_UART_Receive_DMA), (146 bytes).
    Removing stm32f1xx_hal_uart.o(.ARM.exidx.text.HAL_UART_Receive_DMA), (8 bytes).
    Removing stm32f1xx_hal_uart.o(.text.UART_DMAReceiveCplt), (52 bytes).
    Removing stm32f1xx_hal_uart.o(.ARM.exidx.text.UART_DMAReceiveCplt), (8 bytes).
    Removing stm32f1xx_hal_uart.o(.text.UART_DMARxHalfCplt), (10 bytes).
    Removing stm32f1xx_hal_uart.o(.ARM.exidx.text.UART_DMARxHalfCplt), (8 bytes).
    Removing stm32f1xx_hal_uart.o(.text.HAL_UART_DMAPause), (84 bytes).
    Removing stm32f1xx_hal_uart.o(.ARM.exidx.text.HAL_UART_DMAPause), (8 bytes).
    Removing stm32f1xx_hal_uart.o(.text.HAL_UART_DMAResume), (88 bytes).
    Removing stm32f1xx_hal_uart.o(.ARM.exidx.text.HAL_UART_DMAResume), (8 bytes).
    Removing stm32f1xx_hal_uart.o(.text.HAL_UART_DMAStop), (88 bytes).
    Removing stm32f1xx_hal_uart.o(.ARM.exidx.text.HAL_UART_DMAStop), (8 bytes).
    Removing stm32f1xx_hal_uart.o(.text.UART_EndTxTransfer), (16 bytes).
    Removing stm32f1xx_hal_uart.o(.ARM.exidx.text.UART_EndTxTransfer), (8 bytes).
    Removing stm32f1xx_hal_uart.o(.text.UART_EndRxTransfer), (24 bytes).
    Removing stm32f1xx_hal_uart.o(.ARM.exidx.text.UART_EndRxTransfer), (8 bytes).
    Removing stm32f1xx_hal_uart.o(.text.HAL_UART_Abort), (124 bytes).
    Removing stm32f1xx_hal_uart.o(.ARM.exidx.text.HAL_UART_Abort), (8 bytes).
    Removing stm32f1xx_hal_uart.o(.text.HAL_UART_AbortTransmit), (70 bytes).
    Removing stm32f1xx_hal_uart.o(.ARM.exidx.text.HAL_UART_AbortTransmit), (8 bytes).
    Removing stm32f1xx_hal_uart.o(.text.HAL_UART_AbortReceive), (78 bytes).
    Removing stm32f1xx_hal_uart.o(.ARM.exidx.text.HAL_UART_AbortReceive), (8 bytes).
    Removing stm32f1xx_hal_uart.o(.text.HAL_UART_Abort_IT), (162 bytes).
    Removing stm32f1xx_hal_uart.o(.ARM.exidx.text.HAL_UART_Abort_IT), (8 bytes).
    Removing stm32f1xx_hal_uart.o(.text.UART_DMATxAbortCallback), (40 bytes).
    Removing stm32f1xx_hal_uart.o(.ARM.exidx.text.UART_DMATxAbortCallback), (8 bytes).
    Removing stm32f1xx_hal_uart.o(.text.UART_DMARxAbortCallback), (40 bytes).
    Removing stm32f1xx_hal_uart.o(.ARM.exidx.text.UART_DMARxAbortCallback), (8 bytes).
    Removing stm32f1xx_hal_uart.o(.text.HAL_UART_AbortCpltCallback), (2 bytes).
    Removing stm32f1xx_hal_uart.o(.ARM.exidx.text.HAL_UART_AbortCpltCallback), (8 bytes).
    Removing stm32f1xx_hal_uart.o(.text.HAL_UART_AbortTransmit_IT), (96 bytes).
    Removing stm32f1xx_hal_uart.o(.ARM.exidx.text.HAL_UART_AbortTransmit_IT), (8 bytes).
    Removing stm32f1xx_hal_uart.o(.text.UART_DMATxOnlyAbortCallback), (18 bytes).
    Removing stm32f1xx_hal_uart.o(.ARM.exidx.text.UART_DMATxOnlyAbortCallback), (8 bytes).
    Removing stm32f1xx_hal_uart.o(.text.HAL_UART_AbortTransmitCpltCallback), (2 bytes).
    Removing stm32f1xx_hal_uart.o(.ARM.exidx.text.HAL_UART_AbortTransmitCpltCallback), (8 bytes).
    Removing stm32f1xx_hal_uart.o(.text.HAL_UART_AbortReceive_IT), (104 bytes).
    Removing stm32f1xx_hal_uart.o(.ARM.exidx.text.HAL_UART_AbortReceive_IT), (8 bytes).
    Removing stm32f1xx_hal_uart.o(.text.UART_DMARxOnlyAbortCallback), (18 bytes).
    Removing stm32f1xx_hal_uart.o(.ARM.exidx.text.UART_DMARxOnlyAbortCallback), (8 bytes).
    Removing stm32f1xx_hal_uart.o(.text.HAL_UART_AbortReceiveCpltCallback), (2 bytes).
    Removing stm32f1xx_hal_uart.o(.ARM.exidx.text.HAL_UART_AbortReceiveCpltCallback), (8 bytes).
    Removing stm32f1xx_hal_uart.o(.text.HAL_UART_IRQHandler), (270 bytes).
    Removing stm32f1xx_hal_uart.o(.ARM.exidx.text.HAL_UART_IRQHandler), (8 bytes).
    Removing stm32f1xx_hal_uart.o(.text.UART_Receive_IT), (122 bytes).
    Removing stm32f1xx_hal_uart.o(.ARM.exidx.text.UART_Receive_IT), (8 bytes).
    Removing stm32f1xx_hal_uart.o(.text.UART_DMAAbortOnError), (16 bytes).
    Removing stm32f1xx_hal_uart.o(.ARM.exidx.text.UART_DMAAbortOnError), (8 bytes).
    Removing stm32f1xx_hal_uart.o(.text.HAL_UART_ErrorCallback), (2 bytes).
    Removing stm32f1xx_hal_uart.o(.ARM.exidx.text.HAL_UART_ErrorCallback), (8 bytes).
    Removing stm32f1xx_hal_uart.o(.text.UART_Transmit_IT), (80 bytes).
    Removing stm32f1xx_hal_uart.o(.ARM.exidx.text.UART_Transmit_IT), (8 bytes).
    Removing stm32f1xx_hal_uart.o(.text.UART_EndTransmit_IT), (22 bytes).
    Removing stm32f1xx_hal_uart.o(.ARM.exidx.text.UART_EndTransmit_IT), (8 bytes).
    Removing stm32f1xx_hal_uart.o(.text.HAL_UART_TxCpltCallback), (2 bytes).
    Removing stm32f1xx_hal_uart.o(.ARM.exidx.text.HAL_UART_TxCpltCallback), (8 bytes).
    Removing stm32f1xx_hal_uart.o(.text.HAL_UART_TxHalfCpltCallback), (2 bytes).
    Removing stm32f1xx_hal_uart.o(.ARM.exidx.text.HAL_UART_TxHalfCpltCallback), (8 bytes).
    Removing stm32f1xx_hal_uart.o(.text.HAL_UART_RxCpltCallback), (2 bytes).
    Removing stm32f1xx_hal_uart.o(.ARM.exidx.text.HAL_UART_RxCpltCallback), (8 bytes).
    Removing stm32f1xx_hal_uart.o(.text.HAL_UART_RxHalfCpltCallback), (2 bytes).
    Removing stm32f1xx_hal_uart.o(.ARM.exidx.text.HAL_UART_RxHalfCpltCallback), (8 bytes).
    Removing stm32f1xx_hal_uart.o(.text.HAL_LIN_SendBreak), (36 bytes).
    Removing stm32f1xx_hal_uart.o(.ARM.exidx.text.HAL_LIN_SendBreak), (8 bytes).
    Removing stm32f1xx_hal_uart.o(.text.HAL_MultiProcessor_EnterMuteMode), (36 bytes).
    Removing stm32f1xx_hal_uart.o(.ARM.exidx.text.HAL_MultiProcessor_EnterMuteMode), (8 bytes).
    Removing stm32f1xx_hal_uart.o(.text.HAL_MultiProcessor_ExitMuteMode), (36 bytes).
    Removing stm32f1xx_hal_uart.o(.ARM.exidx.text.HAL_MultiProcessor_ExitMuteMode), (8 bytes).
    Removing stm32f1xx_hal_uart.o(.text.HAL_HalfDuplex_EnableTransmitter), (36 bytes).
    Removing stm32f1xx_hal_uart.o(.ARM.exidx.text.HAL_HalfDuplex_EnableTransmitter), (8 bytes).
    Removing stm32f1xx_hal_uart.o(.text.HAL_HalfDuplex_EnableReceiver), (38 bytes).
    Removing stm32f1xx_hal_uart.o(.ARM.exidx.text.HAL_HalfDuplex_EnableReceiver), (8 bytes).
    Removing stm32f1xx_hal_uart.o(.text.HAL_UART_GetState), (8 bytes).
    Removing stm32f1xx_hal_uart.o(.ARM.exidx.text.HAL_UART_GetState), (8 bytes).
    Removing stm32f1xx_hal_uart.o(.text.HAL_UART_GetError), (4 bytes).
    Removing stm32f1xx_hal_uart.o(.ARM.exidx.text.HAL_UART_GetError), (8 bytes).
    Removing system_stm32f1xx.o(.text), (0 bytes).
    Removing system_stm32f1xx.o(.ARM.exidx.text.SystemInit), (8 bytes).
    Removing system_stm32f1xx.o(.text.SystemCoreClockUpdate), (110 bytes).
    Removing system_stm32f1xx.o(.ARM.exidx.text.SystemCoreClockUpdate), (8 bytes).
    Removing dadd.o(.text), (334 bytes).
    Removing dmul.o(.text), (228 bytes).
    Removing ddiv.o(.text), (222 bytes).
    Removing dfixul.o(.text), (48 bytes).
    Removing cdrcmple.o(.text), (48 bytes).
    Removing depilogue.o(.text), (186 bytes).

943 unused section(s) (total 37564 bytes) removed from the image.

==============================================================================

Image Symbol Table

    Local Symbols

    Symbol Name                              Value     Ov Type        Size  Object(Section)

    ../clib/division.s                       0x00000000   Number         0  aeabi_sdiv.o ABSOLUTE
    ../clib/microlib/division.c              0x00000000   Number         0  uidiv.o ABSOLUTE
    ../clib/microlib/division.c              0x00000000   Number         0  uldiv.o ABSOLUTE
    ../clib/microlib/init/entry.s            0x00000000   Number         0  entry.o ABSOLUTE
    ../clib/microlib/init/entry.s            0x00000000   Number         0  entry2.o ABSOLUTE
    ../clib/microlib/init/entry.s            0x00000000   Number         0  entry5.o ABSOLUTE
    ../clib/microlib/init/entry.s            0x00000000   Number         0  entry7a.o ABSOLUTE
    ../clib/microlib/init/entry.s            0x00000000   Number         0  entry7b.o ABSOLUTE
    ../clib/microlib/init/entry.s            0x00000000   Number         0  entry8a.o ABSOLUTE
    ../clib/microlib/init/entry.s            0x00000000   Number         0  entry8b.o ABSOLUTE
    ../clib/microlib/init/entry.s            0x00000000   Number         0  entry9a.o ABSOLUTE
    ../clib/microlib/init/entry.s            0x00000000   Number         0  entry9b.o ABSOLUTE
    ../clib/microlib/init/entry.s            0x00000000   Number         0  entry10a.o ABSOLUTE
    ../clib/microlib/init/entry.s            0x00000000   Number         0  entry10b.o ABSOLUTE
    ../clib/microlib/init/entry.s            0x00000000   Number         0  entry11a.o ABSOLUTE
    ../clib/microlib/init/entry.s            0x00000000   Number         0  entry11b.o ABSOLUTE
    ../clib/microlib/longlong.c              0x00000000   Number         0  llshl.o ABSOLUTE
    ../clib/microlib/longlong.c              0x00000000   Number         0  llushr.o ABSOLUTE
    ../clib/microlib/longlong.c              0x00000000   Number         0  llsshr.o ABSOLUTE
    ../clib/microlib/printf/printf.c         0x00000000   Number         0  printfb.o ABSOLUTE
    ../clib/microlib/printf/printf.c         0x00000000   Number         0  printf0.o ABSOLUTE
    ../clib/microlib/printf/printf.c         0x00000000   Number         0  printf1.o ABSOLUTE
    ../clib/microlib/printf/printf.c         0x00000000   Number         0  printf2.o ABSOLUTE
    ../clib/microlib/printf/printf.c         0x00000000   Number         0  printf3.o ABSOLUTE
    ../clib/microlib/printf/printf.c         0x00000000   Number         0  printf4.o ABSOLUTE
    ../clib/microlib/printf/printf.c         0x00000000   Number         0  printf5.o ABSOLUTE
    ../clib/microlib/printf/printf.c         0x00000000   Number         0  printf6.o ABSOLUTE
    ../clib/microlib/printf/printf.c         0x00000000   Number         0  printf7.o ABSOLUTE
    ../clib/microlib/printf/printf.c         0x00000000   Number         0  printf8.o ABSOLUTE
    ../clib/microlib/printf/printf.c         0x00000000   Number         0  printfa.o ABSOLUTE
    ../clib/microlib/printf/stubs.s          0x00000000   Number         0  printfstubs.o ABSOLUTE
    ../clib/microlib/stdio/fputc.c           0x00000000   Number         0  fputc.o ABSOLUTE
    ../clib/microlib/stdio/fputc.c           0x00000000   Number         0  fputc_h.o ABSOLUTE
    ../clib/microlib/stdio/semi.s            0x00000000   Number         0  semi.o ABSOLUTE
    ../clib/microlib/stdio/streams.c         0x00000000   Number         0  stdout.o ABSOLUTE
    ../clib/microlib/string/memcpy.c         0x00000000   Number         0  memcpya.o ABSOLUTE
    ../clib/microlib/string/memcpy.c         0x00000000   Number         0  memcpyb.o ABSOLUTE
    ../clib/microlib/string/memset.c         0x00000000   Number         0  memseta.o ABSOLUTE
    ../clib/microlib/string/strlen.c         0x00000000   Number         0  strlen.o ABSOLUTE
    ../clib/microlib/stubs.s                 0x00000000   Number         0  iusefp.o ABSOLUTE
    ../clib/microlib/stubs.s                 0x00000000   Number         0  iusesemip.o ABSOLUTE
    ../fplib/microlib/fpadd.c                0x00000000   Number         0  dadd.o ABSOLUTE
    ../fplib/microlib/fpdiv.c                0x00000000   Number         0  ddiv.o ABSOLUTE
    ../fplib/microlib/fpepilogue.c           0x00000000   Number         0  depilogue.o ABSOLUTE
    ../fplib/microlib/fpfix.c                0x00000000   Number         0  dfixul.o ABSOLUTE
    ../fplib/microlib/fpmul.c                0x00000000   Number         0  dmul.o ABSOLUTE
    cdrcmple.s                               0x00000000   Number         0  cdrcmple.o ABSOLUTE
    dc.s                                     0x00000000   Number         0  dc.o ABSOLUTE
    handlers.s                               0x00000000   Number         0  handlers.o ABSOLUTE
    init.s                                   0x00000000   Number         0  init.o ABSOLUTE
    main.c                                   0x00000000   Number         0  main.o ABSOLUTE
    nrf24.c                                  0x00000000   Number         0  nrf24.o ABSOLUTE
    startup_stm32f103xb.s                    0x00000000   Number         0  startup_stm32f103xb.o ABSOLUTE
    stm32f1xx_hal.c                          0x00000000   Number         0  stm32f1xx_hal.o ABSOLUTE
    stm32f1xx_hal_cortex.c                   0x00000000   Number         0  stm32f1xx_hal_cortex.o ABSOLUTE
    stm32f1xx_hal_dma.c                      0x00000000   Number         0  stm32f1xx_hal_dma.o ABSOLUTE
    stm32f1xx_hal_exti.c                     0x00000000   Number         0  stm32f1xx_hal_exti.o ABSOLUTE
    stm32f1xx_hal_flash.c                    0x00000000   Number         0  stm32f1xx_hal_flash.o ABSOLUTE
    stm32f1xx_hal_flash_ex.c                 0x00000000   Number         0  stm32f1xx_hal_flash_ex.o ABSOLUTE
    stm32f1xx_hal_gpio.c                     0x00000000   Number         0  stm32f1xx_hal_gpio.o ABSOLUTE
    stm32f1xx_hal_gpio_ex.c                  0x00000000   Number         0  stm32f1xx_hal_gpio_ex.o ABSOLUTE
    stm32f1xx_hal_msp.c                      0x00000000   Number         0  stm32f1xx_hal_msp.o ABSOLUTE
    stm32f1xx_hal_pwr.c                      0x00000000   Number         0  stm32f1xx_hal_pwr.o ABSOLUTE
    stm32f1xx_hal_rcc.c                      0x00000000   Number         0  stm32f1xx_hal_rcc.o ABSOLUTE
    stm32f1xx_hal_rcc_ex.c                   0x00000000   Number         0  stm32f1xx_hal_rcc_ex.o ABSOLUTE
    stm32f1xx_hal_spi.c                      0x00000000   Number         0  stm32f1xx_hal_spi.o ABSOLUTE
    stm32f1xx_hal_tim.c                      0x00000000   Number         0  stm32f1xx_hal_tim.o ABSOLUTE
    stm32f1xx_hal_tim_ex.c                   0x00000000   Number         0  stm32f1xx_hal_tim_ex.o ABSOLUTE
    stm32f1xx_hal_uart.c                     0x00000000   Number         0  stm32f1xx_hal_uart.o ABSOLUTE
    stm32f1xx_it.c                           0x00000000   Number         0  stm32f1xx_it.o ABSOLUTE
    system_stm32f1xx.c                       0x00000000   Number         0  system_stm32f1xx.o ABSOLUTE
    RESET                                    0x08000000   Section      236  startup_stm32f103xb.o(RESET)
    .ARM.Collect$$$$00000000                 0x080000ec   Section        0  entry.o(.ARM.Collect$$$$00000000)
    .ARM.Collect$$$$00000001                 0x080000ec   Section        4  entry2.o(.ARM.Collect$$$$00000001)
    .ARM.Collect$$$$00000004                 0x080000f0   Section        4  entry5.o(.ARM.Collect$$$$00000004)
    .ARM.Collect$$$$00000008                 0x080000f4   Section        0  entry7b.o(.ARM.Collect$$$$00000008)
    .ARM.Collect$$$$0000000A                 0x080000f4   Section        0  entry8b.o(.ARM.Collect$$$$0000000A)
    .ARM.Collect$$$$0000000B                 0x080000f4   Section        8  entry9a.o(.ARM.Collect$$$$0000000B)
    __lit__00000000                          0x080000fc   Data           4  entry2.o(.ARM.Collect$$$$00002712)
    .ARM.Collect$$$$0000000D                 0x080000fc   Section        0  entry10a.o(.ARM.Collect$$$$0000000D)
    .ARM.Collect$$$$0000000F                 0x080000fc   Section        0  entry11a.o(.ARM.Collect$$$$0000000F)
    .ARM.Collect$$$$00002712                 0x080000fc   Section        4  entry2.o(.ARM.Collect$$$$00002712)
    .text                                    0x08000100   Section       36  startup_stm32f103xb.o(.text)
    .text                                    0x08000124   Section        0  memcpya.o(.text)
    .text                                    0x08000148   Section        0  memseta.o(.text)
    .text                                    0x0800016c   Section        0  strlen.o(.text)
    .text                                    0x0800017a   Section        0  uldiv.o(.text)
    .text                                    0x080001dc   Section       36  init.o(.text)
    .text                                    0x08000200   Section        0  llshl.o(.text)
    .text                                    0x0800021e   Section        0  llushr.o(.text)
    [Anonymous Symbol]                       0x08000240   Section        0  stm32f1xx_it.o(.text.BusFault_Handler)
    [Anonymous Symbol]                       0x08000244   Section        0  stm32f1xx_it.o(.text.DebugMon_Handler)
    [Anonymous Symbol]                       0x08000248   Section        0  main.o(.text.Error_Handler)
    [Anonymous Symbol]                       0x08000254   Section        0  stm32f1xx_hal.o(.text.HAL_Delay)
    [Anonymous Symbol]                       0x0800027c   Section        0  stm32f1xx_hal_gpio.o(.text.HAL_GPIO_Init)
    [Anonymous Symbol]                       0x08000478   Section        0  stm32f1xx_hal_gpio.o(.text.HAL_GPIO_WritePin)
    [Anonymous Symbol]                       0x08000484   Section        0  stm32f1xx_hal.o(.text.HAL_GetTick)
    [Anonymous Symbol]                       0x08000490   Section        0  stm32f1xx_hal.o(.text.HAL_IncTick)
    [Anonymous Symbol]                       0x080004ac   Section        0  stm32f1xx_hal.o(.text.HAL_Init)
    [Anonymous Symbol]                       0x080004d4   Section        0  stm32f1xx_hal.o(.text.HAL_InitTick)
    [Anonymous Symbol]                       0x08000524   Section        0  stm32f1xx_hal_msp.o(.text.HAL_MspInit)
    [Anonymous Symbol]                       0x08000568   Section        0  stm32f1xx_hal_cortex.o(.text.HAL_NVIC_EnableIRQ)
    [Anonymous Symbol]                       0x08000570   Section        0  stm32f1xx_hal_cortex.o(.text.HAL_NVIC_SetPriority)
    [Anonymous Symbol]                       0x08000590   Section        0  stm32f1xx_hal_cortex.o(.text.HAL_NVIC_SetPriorityGrouping)
    [Anonymous Symbol]                       0x08000598   Section        0  stm32f1xx_hal_rcc.o(.text.HAL_RCC_ClockConfig)
    [Anonymous Symbol]                       0x0800070c   Section        0  stm32f1xx_hal_rcc.o(.text.HAL_RCC_GetHCLKFreq)
    [Anonymous Symbol]                       0x08000718   Section        0  stm32f1xx_hal_rcc.o(.text.HAL_RCC_GetPCLK1Freq)
    [Anonymous Symbol]                       0x0800073c   Section        0  stm32f1xx_hal_rcc.o(.text.HAL_RCC_GetPCLK2Freq)
    [Anonymous Symbol]                       0x08000760   Section        0  stm32f1xx_hal_rcc.o(.text.HAL_RCC_GetSysClockFreq)
    [Anonymous Symbol]                       0x080007c0   Section        0  stm32f1xx_hal_rcc.o(.text.HAL_RCC_OscConfig)
    [Anonymous Symbol]                       0x08000acc   Section        0  stm32f1xx_hal_spi.o(.text.HAL_SPI_Init)
    [Anonymous Symbol]                       0x08000b70   Section        0  stm32f1xx_hal_msp.o(.text.HAL_SPI_MspInit)
    [Anonymous Symbol]                       0x08000bfc   Section        0  stm32f1xx_hal_spi.o(.text.HAL_SPI_Receive)
    [Anonymous Symbol]                       0x08000d44   Section        0  stm32f1xx_hal_spi.o(.text.HAL_SPI_Transmit)
    [Anonymous Symbol]                       0x08000eb8   Section        0  stm32f1xx_hal_spi.o(.text.HAL_SPI_TransmitReceive)
    [Anonymous Symbol]                       0x0800108c   Section        0  stm32f1xx_hal_cortex.o(.text.HAL_SYSTICK_Config)
    [Anonymous Symbol]                       0x08001094   Section        0  stm32f1xx_hal_tim_ex.o(.text.HAL_TIMEx_BreakCallback)
    [Anonymous Symbol]                       0x08001098   Section        0  stm32f1xx_hal_tim_ex.o(.text.HAL_TIMEx_CommutCallback)
    [Anonymous Symbol]                       0x0800109c   Section        0  stm32f1xx_hal_tim_ex.o(.text.HAL_TIMEx_MasterConfigSynchronization)
    [Anonymous Symbol]                       0x08001108   Section        0  stm32f1xx_hal_tim.o(.text.HAL_TIM_Base_Init)
    [Anonymous Symbol]                       0x08001148   Section        0  stm32f1xx_hal_msp.o(.text.HAL_TIM_Base_MspInit)
    [Anonymous Symbol]                       0x0800118c   Section        0  stm32f1xx_hal_tim.o(.text.HAL_TIM_Base_Start_IT)
    [Anonymous Symbol]                       0x080011f0   Section        0  stm32f1xx_hal_tim.o(.text.HAL_TIM_ConfigClockSource)
    [Anonymous Symbol]                       0x080012b8   Section        0  stm32f1xx_hal_tim.o(.text.HAL_TIM_IC_CaptureCallback)
    [Anonymous Symbol]                       0x080012bc   Section        0  stm32f1xx_hal_tim.o(.text.HAL_TIM_IRQHandler)
    [Anonymous Symbol]                       0x08001428   Section        0  stm32f1xx_hal_tim.o(.text.HAL_TIM_OC_DelayElapsedCallback)
    [Anonymous Symbol]                       0x0800142c   Section        0  stm32f1xx_hal_tim.o(.text.HAL_TIM_PWM_PulseFinishedCallback)
    [Anonymous Symbol]                       0x08001430   Section        0  main.o(.text.HAL_TIM_PeriodElapsedCallback)
    [Anonymous Symbol]                       0x08001460   Section        0  stm32f1xx_hal_tim.o(.text.HAL_TIM_TriggerCallback)
    [Anonymous Symbol]                       0x08001464   Section        0  stm32f1xx_hal_uart.o(.text.HAL_UART_Init)
    [Anonymous Symbol]                       0x080014b8   Section        0  stm32f1xx_hal_msp.o(.text.HAL_UART_MspInit)
    [Anonymous Symbol]                       0x08001538   Section        0  stm32f1xx_hal_uart.o(.text.HAL_UART_Transmit)
    [Anonymous Symbol]                       0x080015fc   Section        0  stm32f1xx_it.o(.text.HardFault_Handler)
    MX_GPIO_Init                             0x08001601   Thumb Code   168  main.o(.text.MX_GPIO_Init)
    [Anonymous Symbol]                       0x08001600   Section        0  main.o(.text.MX_GPIO_Init)
    MX_SPI1_Init                             0x080016a9   Thumb Code    72  main.o(.text.MX_SPI1_Init)
    [Anonymous Symbol]                       0x080016a8   Section        0  main.o(.text.MX_SPI1_Init)
    MX_TIM1_Init                             0x080016f1   Thumb Code   114  main.o(.text.MX_TIM1_Init)
    [Anonymous Symbol]                       0x080016f0   Section        0  main.o(.text.MX_TIM1_Init)
    MX_USART1_UART_Init                      0x08001765   Thumb Code    56  main.o(.text.MX_USART1_UART_Init)
    [Anonymous Symbol]                       0x08001764   Section        0  main.o(.text.MX_USART1_UART_Init)
    [Anonymous Symbol]                       0x0800179c   Section        0  stm32f1xx_it.o(.text.MemManage_Handler)
    [Anonymous Symbol]                       0x080017a0   Section        0  stm32f1xx_it.o(.text.NMI_Handler)
    [Anonymous Symbol]                       0x080017a4   Section        0  nrf24.o(.text.NRF24_ACTIVATE_cmd)
    [Anonymous Symbol]                       0x080017d4   Section        0  nrf24.o(.text.NRF24_available)
    [Anonymous Symbol]                       0x080017e0   Section        0  nrf24.o(.text.NRF24_availablePipe)
    [Anonymous Symbol]                       0x08001818   Section        0  nrf24.o(.text.NRF24_begin)
    [Anonymous Symbol]                       0x080019a4   Section        0  nrf24.o(.text.NRF24_ce)
    [Anonymous Symbol]                       0x080019c8   Section        0  nrf24.o(.text.NRF24_csn)
    [Anonymous Symbol]                       0x080019ec   Section        0  nrf24.o(.text.NRF24_disableDynamicPayloads)
    [Anonymous Symbol]                       0x08001a08   Section        0  nrf24.o(.text.NRF24_flush_rx)
    [Anonymous Symbol]                       0x08001a14   Section        0  nrf24.o(.text.NRF24_flush_tx)
    [Anonymous Symbol]                       0x08001a20   Section        0  nrf24.o(.text.NRF24_getDynamicPayloadSize)
    [Anonymous Symbol]                       0x08001a2c   Section        0  nrf24.o(.text.NRF24_getPayloadSize)
    [Anonymous Symbol]                       0x08001a38   Section        0  nrf24.o(.text.NRF24_get_status)
    [Anonymous Symbol]                       0x08001a44   Section        0  nrf24.o(.text.NRF24_openReadingPipe)
    NRF24_ADDR_REGS                          0x08001aa4   Number         0  nrf24.o(.text.NRF24_openReadingPipe)
    RF24_RX_PW_PIPE                          0x08001aac   Number         0  nrf24.o(.text.NRF24_openReadingPipe)
    [Anonymous Symbol]                       0x08001ab4   Section        0  nrf24.o(.text.NRF24_powerDown)
    [Anonymous Symbol]                       0x08001ac8   Section        0  nrf24.o(.text.NRF24_read)
    [Anonymous Symbol]                       0x08001ae4   Section        0  nrf24.o(.text.NRF24_read_payload)
    [Anonymous Symbol]                       0x08001b34   Section        0  nrf24.o(.text.NRF24_read_register)
    [Anonymous Symbol]                       0x08001b7c   Section        0  nrf24.o(.text.NRF24_read_registerN)
    [Anonymous Symbol]                       0x08001bc0   Section        0  nrf24.o(.text.NRF24_resetStatus)
    [Anonymous Symbol]                       0x08001bcc   Section        0  nrf24.o(.text.NRF24_setAutoAck)
    [Anonymous Symbol]                       0x08001be0   Section        0  nrf24.o(.text.NRF24_setCRCLength)
    [Anonymous Symbol]                       0x08001c04   Section        0  nrf24.o(.text.NRF24_setChannel)
    [Anonymous Symbol]                       0x08001c18   Section        0  nrf24.o(.text.NRF24_setDataRate)
    [Anonymous Symbol]                       0x08001c50   Section        0  nrf24.o(.text.NRF24_setPALevel)
    [Anonymous Symbol]                       0x08001c8c   Section        0  nrf24.o(.text.NRF24_setPayloadSize)
    [Anonymous Symbol]                       0x08001ca0   Section        0  nrf24.o(.text.NRF24_setRetries)
    [Anonymous Symbol]                       0x08001cb4   Section        0  nrf24.o(.text.NRF24_startListening)
    [Anonymous Symbol]                       0x08001cf4   Section        0  nrf24.o(.text.NRF24_write_register)
    [Anonymous Symbol]                       0x08001d2c   Section        0  nrf24.o(.text.NRF24_write_registerN)
    NVIC_EncodePriority                      0x08001d71   Thumb Code    44  stm32f1xx_hal_cortex.o(.text.NVIC_EncodePriority)
    [Anonymous Symbol]                       0x08001d70   Section        0  stm32f1xx_hal_cortex.o(.text.NVIC_EncodePriority)
    [Anonymous Symbol]                       0x08001d9c   Section        0  stm32f1xx_it.o(.text.PendSV_Handler)
    RCC_Delay                                0x08001da1   Thumb Code    44  stm32f1xx_hal_rcc.o(.text.RCC_Delay)
    [Anonymous Symbol]                       0x08001da0   Section        0  stm32f1xx_hal_rcc.o(.text.RCC_Delay)
    SPI_EndRxTransaction                     0x08001dcd   Thumb Code    96  stm32f1xx_hal_spi.o(.text.SPI_EndRxTransaction)
    [Anonymous Symbol]                       0x08001dcc   Section        0  stm32f1xx_hal_spi.o(.text.SPI_EndRxTransaction)
    SPI_EndRxTxTransaction                   0x08001e2d   Thumb Code    34  stm32f1xx_hal_spi.o(.text.SPI_EndRxTxTransaction)
    [Anonymous Symbol]                       0x08001e2c   Section        0  stm32f1xx_hal_spi.o(.text.SPI_EndRxTxTransaction)
    SPI_WaitFlagStateUntilTimeout            0x08001e51   Thumb Code   206  stm32f1xx_hal_spi.o(.text.SPI_WaitFlagStateUntilTimeout)
    [Anonymous Symbol]                       0x08001e50   Section        0  stm32f1xx_hal_spi.o(.text.SPI_WaitFlagStateUntilTimeout)
    [Anonymous Symbol]                       0x08001f20   Section        0  stm32f1xx_it.o(.text.SVC_Handler)
    SysTick_Config                           0x08001f25   Thumb Code    46  stm32f1xx_hal_cortex.o(.text.SysTick_Config)
    [Anonymous Symbol]                       0x08001f24   Section        0  stm32f1xx_hal_cortex.o(.text.SysTick_Config)
    [Anonymous Symbol]                       0x08001f54   Section        0  stm32f1xx_it.o(.text.SysTick_Handler)
    [Anonymous Symbol]                       0x08001f5c   Section        0  main.o(.text.SystemClock_Config)
    [Anonymous Symbol]                       0x08001fbc   Section        0  system_stm32f1xx.o(.text.SystemInit)
    [Anonymous Symbol]                       0x08001fc0   Section        0  stm32f1xx_it.o(.text.TIM1_UP_IRQHandler)
    [Anonymous Symbol]                       0x08001fd0   Section        0  stm32f1xx_hal_tim.o(.text.TIM_Base_SetConfig)
    [Anonymous Symbol]                       0x0800205c   Section        0  stm32f1xx_hal_tim.o(.text.TIM_ETR_SetConfig)
    TIM_ITRx_SetConfig                       0x08002075   Thumb Code    16  stm32f1xx_hal_tim.o(.text.TIM_ITRx_SetConfig)
    [Anonymous Symbol]                       0x08002074   Section        0  stm32f1xx_hal_tim.o(.text.TIM_ITRx_SetConfig)
    TIM_TI1_ConfigInputStage                 0x08002085   Thumb Code    34  stm32f1xx_hal_tim.o(.text.TIM_TI1_ConfigInputStage)
    [Anonymous Symbol]                       0x08002084   Section        0  stm32f1xx_hal_tim.o(.text.TIM_TI1_ConfigInputStage)
    TIM_TI2_ConfigInputStage                 0x080020a9   Thumb Code    36  stm32f1xx_hal_tim.o(.text.TIM_TI2_ConfigInputStage)
    [Anonymous Symbol]                       0x080020a8   Section        0  stm32f1xx_hal_tim.o(.text.TIM_TI2_ConfigInputStage)
    UART_SetConfig                           0x080020cd   Thumb Code   142  stm32f1xx_hal_uart.o(.text.UART_SetConfig)
    [Anonymous Symbol]                       0x080020cc   Section        0  stm32f1xx_hal_uart.o(.text.UART_SetConfig)
    UART_WaitOnFlagUntilTimeout              0x0800215d   Thumb Code    94  stm32f1xx_hal_uart.o(.text.UART_WaitOnFlagUntilTimeout)
    [Anonymous Symbol]                       0x0800215c   Section        0  stm32f1xx_hal_uart.o(.text.UART_WaitOnFlagUntilTimeout)
    [Anonymous Symbol]                       0x080021bc   Section        0  stm32f1xx_it.o(.text.UsageFault_Handler)
    __NVIC_EnableIRQ                         0x080021c1   Thumb Code    32  stm32f1xx_hal_cortex.o(.text.__NVIC_EnableIRQ)
    [Anonymous Symbol]                       0x080021c0   Section        0  stm32f1xx_hal_cortex.o(.text.__NVIC_EnableIRQ)
    __NVIC_GetPriorityGrouping               0x080021e1   Thumb Code    16  stm32f1xx_hal_cortex.o(.text.__NVIC_GetPriorityGrouping)
    [Anonymous Symbol]                       0x080021e0   Section        0  stm32f1xx_hal_cortex.o(.text.__NVIC_GetPriorityGrouping)
    __NVIC_SetPriority                       0x080021f1   Thumb Code    34  stm32f1xx_hal_cortex.o(.text.__NVIC_SetPriority)
    [Anonymous Symbol]                       0x080021f0   Section        0  stm32f1xx_hal_cortex.o(.text.__NVIC_SetPriority)
    __NVIC_SetPriorityGrouping               0x08002215   Thumb Code    32  stm32f1xx_hal_cortex.o(.text.__NVIC_SetPriorityGrouping)
    [Anonymous Symbol]                       0x08002214   Section        0  stm32f1xx_hal_cortex.o(.text.__NVIC_SetPriorityGrouping)
    [Anonymous Symbol]                       0x08002234   Section        0  main.o(.text.enLed)
    [Anonymous Symbol]                       0x08002270   Section        0  main.o(.text.main)
    [Anonymous Symbol]                       0x080023ac   Section        0  nrf24.o(.text.nrf24_DebugUART_Init)
    [Anonymous Symbol]                       0x080023d0   Section        0  main.o(.text.offLed)
    [Anonymous Symbol]                       0x080023e8   Section        0  main.o(.text.onSeg)
    [Anonymous Symbol]                       0x08002458   Section        0  nrf24.o(.text.printRadioSettings)
    i.__0sprintf$8                           0x08002b80   Section        0  printf8.o(i.__0sprintf$8)
    i.__scatterload_copy                     0x08002ba8   Section       14  handlers.o(i.__scatterload_copy)
    i.__scatterload_null                     0x08002bb6   Section        2  handlers.o(i.__scatterload_null)
    i.__scatterload_zeroinit                 0x08002bb8   Section       14  handlers.o(i.__scatterload_zeroinit)
    _printf_core                             0x08002bc9   Thumb Code   996  printf8.o(i._printf_core)
    i._printf_core                           0x08002bc8   Section        0  printf8.o(i._printf_core)
    _printf_post_padding                     0x08002fd9   Thumb Code    36  printf8.o(i._printf_post_padding)
    i._printf_post_padding                   0x08002fd8   Section        0  printf8.o(i._printf_post_padding)
    _printf_pre_padding                      0x08002ffd   Thumb Code    46  printf8.o(i._printf_pre_padding)
    i._printf_pre_padding                    0x08002ffc   Section        0  printf8.o(i._printf_pre_padding)
    _sputc                                   0x0800302b   Thumb Code    10  printf8.o(i._sputc)
    i._sputc                                 0x0800302a   Section        0  printf8.o(i._sputc)
    .L.str.14                                0x0800304c   Data          48  nrf24.o(.rodata.str1.1)
    [Anonymous Symbol]                       0x0800304c   Section        0  nrf24.o(.rodata.str1.1)
    .L.str.15                                0x0800307c   Data          48  nrf24.o(.rodata.str1.1)
    .L.str.20                                0x080030ac   Data          42  nrf24.o(.rodata.str1.1)
    .L.str.16                                0x080030d6   Data          40  nrf24.o(.rodata.str1.1)
    .L.str.17                                0x080030fe   Data          40  nrf24.o(.rodata.str1.1)
    .L.str.18                                0x08003126   Data          40  nrf24.o(.rodata.str1.1)
    .L.str.19                                0x0800314e   Data          40  nrf24.o(.rodata.str1.1)
    .L.str.21                                0x08003176   Data          25  nrf24.o(.rodata.str1.1)
    .L.str.22                                0x0800318f   Data          25  nrf24.o(.rodata.str1.1)
    .L.str.23                                0x080031a8   Data          25  nrf24.o(.rodata.str1.1)
    .L.str.4                                 0x080031c1   Data          68  nrf24.o(.rodata.str1.1)
    .L.str.5                                 0x08003205   Data          73  nrf24.o(.rodata.str1.1)
    .L.str.27                                0x0800324e   Data          74  nrf24.o(.rodata.str1.1)
    .L.str.13                                0x08003298   Data          18  nrf24.o(.rodata.str1.4)
    .L.str.33                                0x08003298   Data          87  nrf24.o(.rodata.str1.1)
    [Anonymous Symbol]                       0x08003298   Section        0  nrf24.o(.rodata.str1.4)
    .L.str.11                                0x080032ac   Data          20  nrf24.o(.rodata.str1.4)
    .L.str.12                                0x080032c0   Data          19  nrf24.o(.rodata.str1.4)
    .L.str.10                                0x080032d4   Data          20  nrf24.o(.rodata.str1.4)
    .L.str.28                                0x080032e8   Data          22  nrf24.o(.rodata.str1.4)
    .L.str.35                                0x080032ef   Data          85  nrf24.o(.rodata.str1.1)
    .L.str.30                                0x08003300   Data          26  nrf24.o(.rodata.str1.4)
    .L.str.3                                 0x0800331c   Data          20  nrf24.o(.rodata.str1.4)
    .L.str.29                                0x08003330   Data          23  nrf24.o(.rodata.str1.4)
    .L.str.31                                0x08003348   Data          27  nrf24.o(.rodata.str1.4)
    .L.str.2                                 0x08003364   Data          27  nrf24.o(.rodata.str1.4)
    .L.str.1                                 0x08003380   Data          28  nrf24.o(.rodata.str1.4)
    .L.str.9                                 0x0800339c   Data          23  nrf24.o(.rodata.str1.4)
    .L.str.8                                 0x080033b4   Data          23  nrf24.o(.rodata.str1.4)
    .L.str                                   0x080033cc   Data          51  nrf24.o(.rodata.str1.4)
    .L.str.32                                0x08003400   Data          30  nrf24.o(.rodata.str1.4)
    nrf24_CE_PIN                             0x2000012c   Data           2  nrf24.o(.bss.nrf24_CE_PIN)
    [Anonymous Symbol]                       0x2000012c   Section        0  nrf24.o(.bss.nrf24_CE_PIN)
    nrf24_CSN_PIN                            0x2000012e   Data           2  nrf24.o(.bss.nrf24_CSN_PIN)
    [Anonymous Symbol]                       0x2000012e   Section        0  nrf24.o(.bss.nrf24_CSN_PIN)
    nrf24_PORT                               0x20000130   Data           4  nrf24.o(.bss.nrf24_PORT)
    [Anonymous Symbol]                       0x20000130   Section        0  nrf24.o(.bss.nrf24_PORT)
    nrf24_hspi                               0x20000134   Data          92  nrf24.o(.bss.nrf24_hspi)
    [Anonymous Symbol]                       0x20000134   Section        0  nrf24.o(.bss.nrf24_hspi)
    nrf24_huart                              0x20000190   Data          72  nrf24.o(.bss.nrf24_huart)
    [Anonymous Symbol]                       0x20000190   Section        0  nrf24.o(.bss.nrf24_huart)
    payload_size                             0x200001d8   Data           1  nrf24.o(.bss.payload_size)
    [Anonymous Symbol]                       0x200001d8   Section        0  nrf24.o(.bss.payload_size)
    pipe0_reading_address                    0x200001e0   Data           8  nrf24.o(.bss.pipe0_reading_address)
    [Anonymous Symbol]                       0x200001e0   Section        0  nrf24.o(.bss.pipe0_reading_address)
    STACK                                    0x20000220   Section     1024  startup_stm32f103xb.o(STACK)

    Global Symbols

    Symbol Name                              Value     Ov Type        Size  Object(Section)

    BuildAttributes$$THM_ISAv4$P$D$K$B$S$PE$A:L22UL41UL21$X:L11$S22US41US21$IEEE1$IW$~IW$USESV6$~STKCKD$USESV7$WCHAR32$ENUMINT$~SHL$OTIME$ROPI$EBA8$MICROLIB$REQ8$PRES8$EABIv2 0x00000000   Number         0  anon$$obj.o ABSOLUTE
    _printf_a                                0x00000000   Number         0  printfstubs.o ABSOLUTE
    _printf_c                                0x00000000   Number         0  printfstubs.o ABSOLUTE
    _printf_charcount                        0x00000000   Number         0  printfstubs.o ABSOLUTE
    _printf_d                                0x00000000   Number         0  printfstubs.o ABSOLUTE
    _printf_e                                0x00000000   Number         0  printfstubs.o ABSOLUTE
    _printf_f                                0x00000000   Number         0  printfstubs.o ABSOLUTE
    _printf_flags                            0x00000000   Number         0  printfstubs.o ABSOLUTE
    _printf_fp_dec                           0x00000000   Number         0  printfstubs.o ABSOLUTE
    _printf_fp_hex                           0x00000000   Number         0  printfstubs.o ABSOLUTE
    _printf_g                                0x00000000   Number         0  printfstubs.o ABSOLUTE
    _printf_i                                0x00000000   Number         0  printfstubs.o ABSOLUTE
    _printf_int_dec                          0x00000000   Number         0  printfstubs.o ABSOLUTE
    _printf_l                                0x00000000   Number         0  printfstubs.o ABSOLUTE
    _printf_lc                               0x00000000   Number         0  printfstubs.o ABSOLUTE
    _printf_ll                               0x00000000   Number         0  printfstubs.o ABSOLUTE
    _printf_lld                              0x00000000   Number         0  printfstubs.o ABSOLUTE
    _printf_lli                              0x00000000   Number         0  printfstubs.o ABSOLUTE
    _printf_llo                              0x00000000   Number         0  printfstubs.o ABSOLUTE
    _printf_llu                              0x00000000   Number         0  printfstubs.o ABSOLUTE
    _printf_llx                              0x00000000   Number         0  printfstubs.o ABSOLUTE
    _printf_longlong_dec                     0x00000000   Number         0  printfstubs.o ABSOLUTE
    _printf_longlong_hex                     0x00000000   Number         0  printfstubs.o ABSOLUTE
    _printf_longlong_oct                     0x00000000   Number         0  printfstubs.o ABSOLUTE
    _printf_ls                               0x00000000   Number         0  printfstubs.o ABSOLUTE
    _printf_mbtowc                           0x00000000   Number         0  printfstubs.o ABSOLUTE
    _printf_n                                0x00000000   Number         0  printfstubs.o ABSOLUTE
    _printf_o                                0x00000000   Number         0  printfstubs.o ABSOLUTE
    _printf_p                                0x00000000   Number         0  printfstubs.o ABSOLUTE
    _printf_percent                          0x00000000   Number         0  printfstubs.o ABSOLUTE
    _printf_pre_padding                      0x00000000   Number         0  printfstubs.o ABSOLUTE
    _printf_return_value                     0x00000000   Number         0  printfstubs.o ABSOLUTE
    _printf_s                                0x00000000   Number         0  printfstubs.o ABSOLUTE
    _printf_sizespec                         0x00000000   Number         0  printfstubs.o ABSOLUTE
    _printf_str                              0x00000000   Number         0  printfstubs.o ABSOLUTE
    _printf_truncate_signed                  0x00000000   Number         0  printfstubs.o ABSOLUTE
    _printf_truncate_unsigned                0x00000000   Number         0  printfstubs.o ABSOLUTE
    _printf_u                                0x00000000   Number         0  printfstubs.o ABSOLUTE
    _printf_wc                               0x00000000   Number         0  printfstubs.o ABSOLUTE
    _printf_wctomb                           0x00000000   Number         0  printfstubs.o ABSOLUTE
    _printf_widthprec                        0x00000000   Number         0  printfstubs.o ABSOLUTE
    _printf_x                                0x00000000   Number         0  printfstubs.o ABSOLUTE
    __cpp_initialize__aeabi_                  - Undefined Weak Reference
    __cxa_finalize                            - Undefined Weak Reference
    __decompress                              - Undefined Weak Reference
    _clock_init                               - Undefined Weak Reference
    _microlib_exit                            - Undefined Weak Reference
    __Vectors_Size                           0x000000ec   Number         0  startup_stm32f103xb.o ABSOLUTE
    __Vectors                                0x08000000   Data           4  startup_stm32f103xb.o(RESET)
    __Vectors_End                            0x080000ec   Data           0  startup_stm32f103xb.o(RESET)
    __main                                   0x080000ed   Thumb Code     0  entry.o(.ARM.Collect$$$$00000000)
    _main_stk                                0x080000ed   Thumb Code     0  entry2.o(.ARM.Collect$$$$00000001)
    _main_scatterload                        0x080000f1   Thumb Code     0  entry5.o(.ARM.Collect$$$$00000004)
    __main_after_scatterload                 0x080000f5   Thumb Code     0  entry5.o(.ARM.Collect$$$$00000004)
    _main_clock                              0x080000f5   Thumb Code     0  entry7b.o(.ARM.Collect$$$$00000008)
    _main_cpp_init                           0x080000f5   Thumb Code     0  entry8b.o(.ARM.Collect$$$$0000000A)
    _main_init                               0x080000f5   Thumb Code     0  entry9a.o(.ARM.Collect$$$$0000000B)
    __rt_final_cpp                           0x080000fd   Thumb Code     0  entry10a.o(.ARM.Collect$$$$0000000D)
    __rt_final_exit                          0x080000fd   Thumb Code     0  entry11a.o(.ARM.Collect$$$$0000000F)
    Reset_Handler                            0x08000101   Thumb Code     8  startup_stm32f103xb.o(.text)
    ADC1_2_IRQHandler                        0x0800011b   Thumb Code     0  startup_stm32f103xb.o(.text)
    CAN1_RX1_IRQHandler                      0x0800011b   Thumb Code     0  startup_stm32f103xb.o(.text)
    CAN1_SCE_IRQHandler                      0x0800011b   Thumb Code     0  startup_stm32f103xb.o(.text)
    DMA1_Channel1_IRQHandler                 0x0800011b   Thumb Code     0  startup_stm32f103xb.o(.text)
    DMA1_Channel2_IRQHandler                 0x0800011b   Thumb Code     0  startup_stm32f103xb.o(.text)
    DMA1_Channel3_IRQHandler                 0x0800011b   Thumb Code     0  startup_stm32f103xb.o(.text)
    DMA1_Channel4_IRQHandler                 0x0800011b   Thumb Code     0  startup_stm32f103xb.o(.text)
    DMA1_Channel5_IRQHandler                 0x0800011b   Thumb Code     0  startup_stm32f103xb.o(.text)
    DMA1_Channel6_IRQHandler                 0x0800011b   Thumb Code     0  startup_stm32f103xb.o(.text)
    DMA1_Channel7_IRQHandler                 0x0800011b   Thumb Code     0  startup_stm32f103xb.o(.text)
    EXTI0_IRQHandler                         0x0800011b   Thumb Code     0  startup_stm32f103xb.o(.text)
    EXTI15_10_IRQHandler                     0x0800011b   Thumb Code     0  startup_stm32f103xb.o(.text)
    EXTI1_IRQHandler                         0x0800011b   Thumb Code     0  startup_stm32f103xb.o(.text)
    EXTI2_IRQHandler                         0x0800011b   Thumb Code     0  startup_stm32f103xb.o(.text)
    EXTI3_IRQHandler                         0x0800011b   Thumb Code     0  startup_stm32f103xb.o(.text)
    EXTI4_IRQHandler                         0x0800011b   Thumb Code     0  startup_stm32f103xb.o(.text)
    EXTI9_5_IRQHandler                       0x0800011b   Thumb Code     0  startup_stm32f103xb.o(.text)
    FLASH_IRQHandler                         0x0800011b   Thumb Code     0  startup_stm32f103xb.o(.text)
    I2C1_ER_IRQHandler                       0x0800011b   Thumb Code     0  startup_stm32f103xb.o(.text)
    I2C1_EV_IRQHandler                       0x0800011b   Thumb Code     0  startup_stm32f103xb.o(.text)
    I2C2_ER_IRQHandler                       0x0800011b   Thumb Code     0  startup_stm32f103xb.o(.text)
    I2C2_EV_IRQHandler                       0x0800011b   Thumb Code     0  startup_stm32f103xb.o(.text)
    PVD_IRQHandler                           0x0800011b   Thumb Code     0  startup_stm32f103xb.o(.text)
    RCC_IRQHandler                           0x0800011b   Thumb Code     0  startup_stm32f103xb.o(.text)
    RTC_Alarm_IRQHandler                     0x0800011b   Thumb Code     0  startup_stm32f103xb.o(.text)
    RTC_IRQHandler                           0x0800011b   Thumb Code     0  startup_stm32f103xb.o(.text)
    SPI1_IRQHandler                          0x0800011b   Thumb Code     0  startup_stm32f103xb.o(.text)
    SPI2_IRQHandler                          0x0800011b   Thumb Code     0  startup_stm32f103xb.o(.text)
    TAMPER_IRQHandler                        0x0800011b   Thumb Code     0  startup_stm32f103xb.o(.text)
    TIM1_BRK_IRQHandler                      0x0800011b   Thumb Code     0  startup_stm32f103xb.o(.text)
    TIM1_CC_IRQHandler                       0x0800011b   Thumb Code     0  startup_stm32f103xb.o(.text)
    TIM1_TRG_COM_IRQHandler                  0x0800011b   Thumb Code     0  startup_stm32f103xb.o(.text)
    TIM2_IRQHandler                          0x0800011b   Thumb Code     0  startup_stm32f103xb.o(.text)
    TIM3_IRQHandler                          0x0800011b   Thumb Code     0  startup_stm32f103xb.o(.text)
    TIM4_IRQHandler                          0x0800011b   Thumb Code     0  startup_stm32f103xb.o(.text)
    USART1_IRQHandler                        0x0800011b   Thumb Code     0  startup_stm32f103xb.o(.text)
    USART2_IRQHandler                        0x0800011b   Thumb Code     0  startup_stm32f103xb.o(.text)
    USART3_IRQHandler                        0x0800011b   Thumb Code     0  startup_stm32f103xb.o(.text)
    USBWakeUp_IRQHandler                     0x0800011b   Thumb Code     0  startup_stm32f103xb.o(.text)
    USB_HP_CAN1_TX_IRQHandler                0x0800011b   Thumb Code     0  startup_stm32f103xb.o(.text)
    USB_LP_CAN1_RX0_IRQHandler               0x0800011b   Thumb Code     0  startup_stm32f103xb.o(.text)
    WWDG_IRQHandler                          0x0800011b   Thumb Code     0  startup_stm32f103xb.o(.text)
    __aeabi_memcpy                           0x08000125   Thumb Code    36  memcpya.o(.text)
    __aeabi_memcpy4                          0x08000125   Thumb Code     0  memcpya.o(.text)
    __aeabi_memcpy8                          0x08000125   Thumb Code     0  memcpya.o(.text)
    __aeabi_memset                           0x08000149   Thumb Code    14  memseta.o(.text)
    __aeabi_memset4                          0x08000149   Thumb Code     0  memseta.o(.text)
    __aeabi_memset8                          0x08000149   Thumb Code     0  memseta.o(.text)
    __aeabi_memclr                           0x08000157   Thumb Code     4  memseta.o(.text)
    __aeabi_memclr4                          0x08000157   Thumb Code     0  memseta.o(.text)
    __aeabi_memclr8                          0x08000157   Thumb Code     0  memseta.o(.text)
    _memset$wrapper                          0x0800015b   Thumb Code    18  memseta.o(.text)
    strlen                                   0x0800016d   Thumb Code    14  strlen.o(.text)
    __aeabi_uldivmod                         0x0800017b   Thumb Code    98  uldiv.o(.text)
    __scatterload                            0x080001dd   Thumb Code    28  init.o(.text)
    __scatterload_rt2                        0x080001dd   Thumb Code     0  init.o(.text)
    __aeabi_llsl                             0x08000201   Thumb Code    30  llshl.o(.text)
    _ll_shift_l                              0x08000201   Thumb Code     0  llshl.o(.text)
    __aeabi_llsr                             0x0800021f   Thumb Code    32  llushr.o(.text)
    _ll_ushift_r                             0x0800021f   Thumb Code     0  llushr.o(.text)
    BusFault_Handler                         0x08000241   Thumb Code     2  stm32f1xx_it.o(.text.BusFault_Handler)
    DebugMon_Handler                         0x08000245   Thumb Code     2  stm32f1xx_it.o(.text.DebugMon_Handler)
    Error_Handler                            0x08000249   Thumb Code    10  main.o(.text.Error_Handler)
    HAL_Delay                                0x08000255   Thumb Code    40  stm32f1xx_hal.o(.text.HAL_Delay)
    HAL_GPIO_Init                            0x0800027d   Thumb Code   506  stm32f1xx_hal_gpio.o(.text.HAL_GPIO_Init)
    HAL_GPIO_WritePin                        0x08000479   Thumb Code    10  stm32f1xx_hal_gpio.o(.text.HAL_GPIO_WritePin)
    HAL_GetTick                              0x08000485   Thumb Code    12  stm32f1xx_hal.o(.text.HAL_GetTick)
    HAL_IncTick                              0x08000491   Thumb Code    26  stm32f1xx_hal.o(.text.HAL_IncTick)
    HAL_Init                                 0x080004ad   Thumb Code    38  stm32f1xx_hal.o(.text.HAL_Init)
    HAL_InitTick                             0x080004d5   Thumb Code    80  stm32f1xx_hal.o(.text.HAL_InitTick)
    HAL_MspInit                              0x08000525   Thumb Code    66  stm32f1xx_hal_msp.o(.text.HAL_MspInit)
    HAL_NVIC_EnableIRQ                       0x08000569   Thumb Code     8  stm32f1xx_hal_cortex.o(.text.HAL_NVIC_EnableIRQ)
    HAL_NVIC_SetPriority                     0x08000571   Thumb Code    30  stm32f1xx_hal_cortex.o(.text.HAL_NVIC_SetPriority)
    HAL_NVIC_SetPriorityGrouping             0x08000591   Thumb Code     8  stm32f1xx_hal_cortex.o(.text.HAL_NVIC_SetPriorityGrouping)
    HAL_RCC_ClockConfig                      0x08000599   Thumb Code   372  stm32f1xx_hal_rcc.o(.text.HAL_RCC_ClockConfig)
    HAL_RCC_GetHCLKFreq                      0x0800070d   Thumb Code    12  stm32f1xx_hal_rcc.o(.text.HAL_RCC_GetHCLKFreq)
    HAL_RCC_GetPCLK1Freq                     0x08000719   Thumb Code    34  stm32f1xx_hal_rcc.o(.text.HAL_RCC_GetPCLK1Freq)
    HAL_RCC_GetPCLK2Freq                     0x0800073d   Thumb Code    34  stm32f1xx_hal_rcc.o(.text.HAL_RCC_GetPCLK2Freq)
    HAL_RCC_GetSysClockFreq                  0x08000761   Thumb Code    76  stm32f1xx_hal_rcc.o(.text.HAL_RCC_GetSysClockFreq)
    HAL_RCC_OscConfig                        0x080007c1   Thumb Code   780  stm32f1xx_hal_rcc.o(.text.HAL_RCC_OscConfig)
    HAL_SPI_Init                             0x08000acd   Thumb Code   164  stm32f1xx_hal_spi.o(.text.HAL_SPI_Init)
    HAL_SPI_MspInit                          0x08000b71   Thumb Code   140  stm32f1xx_hal_msp.o(.text.HAL_SPI_MspInit)
    HAL_SPI_Receive                          0x08000bfd   Thumb Code   326  stm32f1xx_hal_spi.o(.text.HAL_SPI_Receive)
    HAL_SPI_Transmit                         0x08000d45   Thumb Code   370  stm32f1xx_hal_spi.o(.text.HAL_SPI_Transmit)
    HAL_SPI_TransmitReceive                  0x08000eb9   Thumb Code   466  stm32f1xx_hal_spi.o(.text.HAL_SPI_TransmitReceive)
    HAL_SYSTICK_Config                       0x0800108d   Thumb Code     8  stm32f1xx_hal_cortex.o(.text.HAL_SYSTICK_Config)
    HAL_TIMEx_BreakCallback                  0x08001095   Thumb Code     2  stm32f1xx_hal_tim_ex.o(.text.HAL_TIMEx_BreakCallback)
    HAL_TIMEx_CommutCallback                 0x08001099   Thumb Code     2  stm32f1xx_hal_tim_ex.o(.text.HAL_TIMEx_CommutCallback)
    HAL_TIMEx_MasterConfigSynchronization    0x0800109d   Thumb Code   108  stm32f1xx_hal_tim_ex.o(.text.HAL_TIMEx_MasterConfigSynchronization)
    HAL_TIM_Base_Init                        0x08001109   Thumb Code    64  stm32f1xx_hal_tim.o(.text.HAL_TIM_Base_Init)
    HAL_TIM_Base_MspInit                     0x08001149   Thumb Code    68  stm32f1xx_hal_msp.o(.text.HAL_TIM_Base_MspInit)
    HAL_TIM_Base_Start_IT                    0x0800118d   Thumb Code    98  stm32f1xx_hal_tim.o(.text.HAL_TIM_Base_Start_IT)
    HAL_TIM_ConfigClockSource                0x080011f1   Thumb Code   198  stm32f1xx_hal_tim.o(.text.HAL_TIM_ConfigClockSource)
    HAL_TIM_IC_CaptureCallback               0x080012b9   Thumb Code     2  stm32f1xx_hal_tim.o(.text.HAL_TIM_IC_CaptureCallback)
    HAL_TIM_IRQHandler                       0x080012bd   Thumb Code   362  stm32f1xx_hal_tim.o(.text.HAL_TIM_IRQHandler)
    HAL_TIM_OC_DelayElapsedCallback          0x08001429   Thumb Code     2  stm32f1xx_hal_tim.o(.text.HAL_TIM_OC_DelayElapsedCallback)
    HAL_TIM_PWM_PulseFinishedCallback        0x0800142d   Thumb Code     2  stm32f1xx_hal_tim.o(.text.HAL_TIM_PWM_PulseFinishedCallback)
    HAL_TIM_PeriodElapsedCallback            0x08001431   Thumb Code    48  main.o(.text.HAL_TIM_PeriodElapsedCallback)
    HAL_TIM_TriggerCallback                  0x08001461   Thumb Code     2  stm32f1xx_hal_tim.o(.text.HAL_TIM_TriggerCallback)
    HAL_UART_Init                            0x08001465   Thumb Code    84  stm32f1xx_hal_uart.o(.text.HAL_UART_Init)
    HAL_UART_MspInit                         0x080014b9   Thumb Code   126  stm32f1xx_hal_msp.o(.text.HAL_UART_MspInit)
    HAL_UART_Transmit                        0x08001539   Thumb Code   194  stm32f1xx_hal_uart.o(.text.HAL_UART_Transmit)
    HardFault_Handler                        0x080015fd   Thumb Code     2  stm32f1xx_it.o(.text.HardFault_Handler)
    MemManage_Handler                        0x0800179d   Thumb Code     2  stm32f1xx_it.o(.text.MemManage_Handler)
    NMI_Handler                              0x080017a1   Thumb Code     2  stm32f1xx_it.o(.text.NMI_Handler)
    NRF24_ACTIVATE_cmd                       0x080017a5   Thumb Code    48  nrf24.o(.text.NRF24_ACTIVATE_cmd)
    NRF24_available                          0x080017d5   Thumb Code    10  nrf24.o(.text.NRF24_available)
    NRF24_availablePipe                      0x080017e1   Thumb Code    56  nrf24.o(.text.NRF24_availablePipe)
    NRF24_begin                              0x08001819   Thumb Code   396  nrf24.o(.text.NRF24_begin)
    NRF24_ce                                 0x080019a5   Thumb Code    36  nrf24.o(.text.NRF24_ce)
    NRF24_csn                                0x080019c9   Thumb Code    36  nrf24.o(.text.NRF24_csn)
    NRF24_disableDynamicPayloads             0x080019ed   Thumb Code    28  nrf24.o(.text.NRF24_disableDynamicPayloads)
    NRF24_flush_rx                           0x08001a09   Thumb Code    12  nrf24.o(.text.NRF24_flush_rx)
    NRF24_flush_tx                           0x08001a15   Thumb Code    12  nrf24.o(.text.NRF24_flush_tx)
    NRF24_getDynamicPayloadSize              0x08001a21   Thumb Code    10  nrf24.o(.text.NRF24_getDynamicPayloadSize)
    NRF24_getPayloadSize                     0x08001a2d   Thumb Code    12  nrf24.o(.text.NRF24_getPayloadSize)
    NRF24_get_status                         0x08001a39   Thumb Code    10  nrf24.o(.text.NRF24_get_status)
    NRF24_openReadingPipe                    0x08001a45   Thumb Code    96  nrf24.o(.text.NRF24_openReadingPipe)
    NRF24_powerDown                          0x08001ab5   Thumb Code    20  nrf24.o(.text.NRF24_powerDown)
    NRF24_read                               0x08001ac9   Thumb Code    28  nrf24.o(.text.NRF24_read)
    NRF24_read_payload                       0x08001ae5   Thumb Code    78  nrf24.o(.text.NRF24_read_payload)
    NRF24_read_register                      0x08001b35   Thumb Code    72  nrf24.o(.text.NRF24_read_register)
    NRF24_read_registerN                     0x08001b7d   Thumb Code    68  nrf24.o(.text.NRF24_read_registerN)
    NRF24_resetStatus                        0x08001bc1   Thumb Code    12  nrf24.o(.text.NRF24_resetStatus)
    NRF24_setAutoAck                         0x08001bcd   Thumb Code    20  nrf24.o(.text.NRF24_setAutoAck)
    NRF24_setCRCLength                       0x08001be1   Thumb Code    36  nrf24.o(.text.NRF24_setCRCLength)
    NRF24_setChannel                         0x08001c05   Thumb Code    20  nrf24.o(.text.NRF24_setChannel)
    NRF24_setDataRate                        0x08001c19   Thumb Code    56  nrf24.o(.text.NRF24_setDataRate)
    NRF24_setPALevel                         0x08001c51   Thumb Code    58  nrf24.o(.text.NRF24_setPALevel)
    NRF24_setPayloadSize                     0x08001c8d   Thumb Code    18  nrf24.o(.text.NRF24_setPayloadSize)
    NRF24_setRetries                         0x08001ca1   Thumb Code    20  nrf24.o(.text.NRF24_setRetries)
    NRF24_startListening                     0x08001cb5   Thumb Code    64  nrf24.o(.text.NRF24_startListening)
    NRF24_write_register                     0x08001cf5   Thumb Code    56  nrf24.o(.text.NRF24_write_register)
    NRF24_write_registerN                    0x08001d2d   Thumb Code    68  nrf24.o(.text.NRF24_write_registerN)
    PendSV_Handler                           0x08001d9d   Thumb Code     2  stm32f1xx_it.o(.text.PendSV_Handler)
    SVC_Handler                              0x08001f21   Thumb Code     2  stm32f1xx_it.o(.text.SVC_Handler)
    SysTick_Handler                          0x08001f55   Thumb Code     8  stm32f1xx_it.o(.text.SysTick_Handler)
    SystemClock_Config                       0x08001f5d   Thumb Code    96  main.o(.text.SystemClock_Config)
    SystemInit                               0x08001fbd   Thumb Code     2  system_stm32f1xx.o(.text.SystemInit)
    TIM1_UP_IRQHandler                       0x08001fc1   Thumb Code    16  stm32f1xx_it.o(.text.TIM1_UP_IRQHandler)
    TIM_Base_SetConfig                       0x08001fd1   Thumb Code   138  stm32f1xx_hal_tim.o(.text.TIM_Base_SetConfig)
    TIM_ETR_SetConfig                        0x0800205d   Thumb Code    22  stm32f1xx_hal_tim.o(.text.TIM_ETR_SetConfig)
    UsageFault_Handler                       0x080021bd   Thumb Code     2  stm32f1xx_it.o(.text.UsageFault_Handler)
    enLed                                    0x08002235   Thumb Code    58  main.o(.text.enLed)
    main                                     0x08002271   Thumb Code   316  main.o(.text.main)
    nrf24_DebugUART_Init                     0x080023ad   Thumb Code    36  nrf24.o(.text.nrf24_DebugUART_Init)
    offLed                                   0x080023d1   Thumb Code    22  main.o(.text.offLed)
    onSeg                                    0x080023e9   Thumb Code   110  main.o(.text.onSeg)
    printRadioSettings                       0x08002459   Thumb Code  1700  nrf24.o(.text.printRadioSettings)
    __0sprintf$8                             0x08002b81   Thumb Code    34  printf8.o(i.__0sprintf$8)
    __1sprintf$8                             0x08002b81   Thumb Code     0  printf8.o(i.__0sprintf$8)
    __2sprintf                               0x08002b81   Thumb Code     0  printf8.o(i.__0sprintf$8)
    __scatterload_copy                       0x08002ba9   Thumb Code    14  handlers.o(i.__scatterload_copy)
    __scatterload_null                       0x08002bb7   Thumb Code     2  handlers.o(i.__scatterload_null)
    __scatterload_zeroinit                   0x08002bb9   Thumb Code    14  handlers.o(i.__scatterload_zeroinit)
    AHBPrescTable                            0x08003034   Data          16  system_stm32f1xx.o(.rodata.AHBPrescTable)
    APBPrescTable                            0x08003044   Data           8  system_stm32f1xx.o(.rodata.APBPrescTable)
    Region$$Table$$Base                      0x08003400   Number         0  anon$$obj.o(Region$$Table)
    Region$$Table$$Limit                     0x08003420   Number         0  anon$$obj.o(Region$$Table)
    RxpipeAddrs                              0x20000000   Data           8  main.o(.data.RxpipeAddrs)
    SystemCoreClock                          0x20000008   Data           4  system_stm32f1xx.o(.data.SystemCoreClock)
    uwTickFreq                               0x2000000c   Data           4  stm32f1xx_hal.o(.data.uwTickFreq)
    uwTickPrio                               0x20000010   Data           4  stm32f1xx_hal.o(.data.uwTickPrio)
    buffer                                   0x20000018   Data           4  main.o(.bss.buffer)
    cnt                                      0x2000001c   Data           1  main.o(.bss.cnt)
    hspi1                                    0x20000020   Data          92  main.o(.bss.hspi1)
    htim1                                    0x2000007c   Data         104  main.o(.bss.htim1)
    huart1                                   0x200000e4   Data          72  main.o(.bss.huart1)
    rData                                    0x200001e8   Data          50  main.o(.bss.rData)
    uwTick                                   0x2000021c   Data           4  stm32f1xx_hal.o(.bss.uwTick)
    __initial_sp                             0x20000620   Data           0  startup_stm32f103xb.o(STACK)



==============================================================================

Memory Map of the image

  Image Entry point : 0x080000ed

  Load Region LR_IROM1 (Base: 0x08000000, Size: 0x00003438, Max: 0x00010000, ABSOLUTE)

    Execution Region ER_IROM1 (Exec base: 0x08000000, Load base: 0x08000000, Size: 0x00003420, Max: 0x00010000, ABSOLUTE)

    Exec Addr    Load Addr    Size         Type   Attr      Idx    E Section Name        Object

    0x08000000   0x08000000   0x000000ec   Data   RO            3    RESET               startup_stm32f103xb.o
    0x080000ec   0x080000ec   0x00000000   Code   RO         1215  * .ARM.Collect$$$$00000000  mc_w.l(entry.o)
    0x080000ec   0x080000ec   0x00000004   Code   RO         1487    .ARM.Collect$$$$00000001  mc_w.l(entry2.o)
    0x080000f0   0x080000f0   0x00000004   Code   RO         1490    .ARM.Collect$$$$00000004  mc_w.l(entry5.o)
    0x080000f4   0x080000f4   0x00000000   Code   RO         1492    .ARM.Collect$$$$00000008  mc_w.l(entry7b.o)
    0x080000f4   0x080000f4   0x00000000   Code   RO         1494    .ARM.Collect$$$$0000000A  mc_w.l(entry8b.o)
    0x080000f4   0x080000f4   0x00000008   Code   RO         1495    .ARM.Collect$$$$0000000B  mc_w.l(entry9a.o)
    0x080000fc   0x080000fc   0x00000000   Code   RO         1497    .ARM.Collect$$$$0000000D  mc_w.l(entry10a.o)
    0x080000fc   0x080000fc   0x00000000   Code   RO         1499    .ARM.Collect$$$$0000000F  mc_w.l(entry11a.o)
    0x080000fc   0x080000fc   0x00000004   Code   RO         1488    .ARM.Collect$$$$00002712  mc_w.l(entry2.o)
    0x08000100   0x08000100   0x00000024   Code   RO            4    .text               startup_stm32f103xb.o
    0x08000124   0x08000124   0x00000024   Code   RO         1218    .text               mc_w.l(memcpya.o)
    0x08000148   0x08000148   0x00000024   Code   RO         1220    .text               mc_w.l(memseta.o)
    0x0800016c   0x0800016c   0x0000000e   Code   RO         1222    .text               mc_w.l(strlen.o)
    0x0800017a   0x0800017a   0x00000062   Code   RO         1517    .text               mc_w.l(uldiv.o)
    0x080001dc   0x080001dc   0x00000024   Code   RO         1530    .text               mc_w.l(init.o)
    0x08000200   0x08000200   0x0000001e   Code   RO         1533    .text               mc_w.l(llshl.o)
    0x0800021e   0x0800021e   0x00000020   Code   RO         1535    .text               mc_w.l(llushr.o)
    0x0800023e   0x0800023e   0x00000002   PAD
    0x08000240   0x08000240   0x00000002   Code   RO          186    .text.BusFault_Handler  stm32f1xx_it.o
    0x08000242   0x08000242   0x00000002   PAD
    0x08000244   0x08000244   0x00000002   Code   RO          192    .text.DebugMon_Handler  stm32f1xx_it.o
    0x08000246   0x08000246   0x00000002   PAD
    0x08000248   0x08000248   0x0000000a   Code   RO          160    .text.Error_Handler  main.o
    0x08000252   0x08000252   0x00000002   PAD
    0x08000254   0x08000254   0x00000028   Code   RO          381    .text.HAL_Delay     stm32f1xx_hal.o
    0x0800027c   0x0800027c   0x000001fa   Code   RO          474    .text.HAL_GPIO_Init  stm32f1xx_hal_gpio.o
    0x08000476   0x08000476   0x00000002   PAD
    0x08000478   0x08000478   0x0000000a   Code   RO          480    .text.HAL_GPIO_WritePin  stm32f1xx_hal_gpio.o
    0x08000482   0x08000482   0x00000002   PAD
    0x08000484   0x08000484   0x0000000c   Code   RO          373    .text.HAL_GetTick   stm32f1xx_hal.o
    0x08000490   0x08000490   0x0000001a   Code   RO          371    .text.HAL_IncTick   stm32f1xx_hal.o
    0x080004aa   0x080004aa   0x00000002   PAD
    0x080004ac   0x080004ac   0x00000026   Code   RO          361    .text.HAL_Init      stm32f1xx_hal.o
    0x080004d2   0x080004d2   0x00000002   PAD
    0x080004d4   0x080004d4   0x00000050   Code   RO          363    .text.HAL_InitTick  stm32f1xx_hal.o
    0x08000524   0x08000524   0x00000042   Code   RO          207    .text.HAL_MspInit   stm32f1xx_hal_msp.o
    0x08000566   0x08000566   0x00000002   PAD
    0x08000568   0x08000568   0x00000008   Code   RO          544    .text.HAL_NVIC_EnableIRQ  stm32f1xx_hal_cortex.o
    0x08000570   0x08000570   0x0000001e   Code   RO          536    .text.HAL_NVIC_SetPriority  stm32f1xx_hal_cortex.o
    0x0800058e   0x0800058e   0x00000002   PAD
    0x08000590   0x08000590   0x00000008   Code   RO          532    .text.HAL_NVIC_SetPriorityGrouping  stm32f1xx_hal_cortex.o
    0x08000598   0x08000598   0x00000174   Code   RO          428    .text.HAL_RCC_ClockConfig  stm32f1xx_hal_rcc.o
    0x0800070c   0x0800070c   0x0000000c   Code   RO          438    .text.HAL_RCC_GetHCLKFreq  stm32f1xx_hal_rcc.o
    0x08000718   0x08000718   0x00000022   Code   RO          440    .text.HAL_RCC_GetPCLK1Freq  stm32f1xx_hal_rcc.o
    0x0800073a   0x0800073a   0x00000002   PAD
    0x0800073c   0x0800073c   0x00000022   Code   RO          442    .text.HAL_RCC_GetPCLK2Freq  stm32f1xx_hal_rcc.o
    0x0800075e   0x0800075e   0x00000002   PAD
    0x08000760   0x08000760   0x00000060   Code   RO          430    .text.HAL_RCC_GetSysClockFreq  stm32f1xx_hal_rcc.o
    0x080007c0   0x080007c0   0x0000030c   Code   RO          424    .text.HAL_RCC_OscConfig  stm32f1xx_hal_rcc.o
    0x08000acc   0x08000acc   0x000000a4   Code   RO          243    .text.HAL_SPI_Init  stm32f1xx_hal_spi.o
    0x08000b70   0x08000b70   0x0000008c   Code   RO          209    .text.HAL_SPI_MspInit  stm32f1xx_hal_msp.o
    0x08000bfc   0x08000bfc   0x00000146   Code   RO          255    .text.HAL_SPI_Receive  stm32f1xx_hal_spi.o
    0x08000d42   0x08000d42   0x00000002   PAD
    0x08000d44   0x08000d44   0x00000172   Code   RO          251    .text.HAL_SPI_Transmit  stm32f1xx_hal_spi.o
    0x08000eb6   0x08000eb6   0x00000002   PAD
    0x08000eb8   0x08000eb8   0x000001d2   Code   RO          257    .text.HAL_SPI_TransmitReceive  stm32f1xx_hal_spi.o
    0x0800108a   0x0800108a   0x00000002   PAD
    0x0800108c   0x0800108c   0x00000008   Code   RO          556    .text.HAL_SYSTICK_Config  stm32f1xx_hal_cortex.o
    0x08001094   0x08001094   0x00000002   Code   RO         1069    .text.HAL_TIMEx_BreakCallback  stm32f1xx_hal_tim_ex.o
    0x08001096   0x08001096   0x00000002   PAD
    0x08001098   0x08001098   0x00000002   Code   RO         1065    .text.HAL_TIMEx_CommutCallback  stm32f1xx_hal_tim_ex.o
    0x0800109a   0x0800109a   0x00000002   PAD
    0x0800109c   0x0800109c   0x0000006c   Code   RO         1059    .text.HAL_TIMEx_MasterConfigSynchronization  stm32f1xx_hal_tim_ex.o
    0x08001108   0x08001108   0x00000040   Code   RO          745    .text.HAL_TIM_Base_Init  stm32f1xx_hal_tim.o
    0x08001148   0x08001148   0x00000044   Code   RO          213    .text.HAL_TIM_Base_MspInit  stm32f1xx_hal_msp.o
    0x0800118c   0x0800118c   0x00000062   Code   RO          759    .text.HAL_TIM_Base_Start_IT  stm32f1xx_hal_tim.o
    0x080011ee   0x080011ee   0x00000002   PAD
    0x080011f0   0x080011f0   0x000000c6   Code   RO          937    .text.HAL_TIM_ConfigClockSource  stm32f1xx_hal_tim.o
    0x080012b6   0x080012b6   0x00000002   PAD
    0x080012b8   0x080012b8   0x00000002   Code   RO          881    .text.HAL_TIM_IC_CaptureCallback  stm32f1xx_hal_tim.o
    0x080012ba   0x080012ba   0x00000002   PAD
    0x080012bc   0x080012bc   0x0000016a   Code   RO          879    .text.HAL_TIM_IRQHandler  stm32f1xx_hal_tim.o
    0x08001426   0x08001426   0x00000002   PAD
    0x08001428   0x08001428   0x00000002   Code   RO          883    .text.HAL_TIM_OC_DelayElapsedCallback  stm32f1xx_hal_tim.o
    0x0800142a   0x0800142a   0x00000002   PAD
    0x0800142c   0x0800142c   0x00000002   Code   RO          885    .text.HAL_TIM_PWM_PulseFinishedCallback  stm32f1xx_hal_tim.o
    0x0800142e   0x0800142e   0x00000002   PAD
    0x08001430   0x08001430   0x00000030   Code   RO          146    .text.HAL_TIM_PeriodElapsedCallback  main.o
    0x08001460   0x08001460   0x00000002   Code   RO          889    .text.HAL_TIM_TriggerCallback  stm32f1xx_hal_tim.o
    0x08001462   0x08001462   0x00000002   PAD
    0x08001464   0x08001464   0x00000054   Code   RO         1083    .text.HAL_UART_Init  stm32f1xx_hal_uart.o
    0x080014b8   0x080014b8   0x0000007e   Code   RO          217    .text.HAL_UART_MspInit  stm32f1xx_hal_msp.o
    0x08001536   0x08001536   0x00000002   PAD
    0x08001538   0x08001538   0x000000c2   Code   RO         1099    .text.HAL_UART_Transmit  stm32f1xx_hal_uart.o
    0x080015fa   0x080015fa   0x00000002   PAD
    0x080015fc   0x080015fc   0x00000002   Code   RO          182    .text.HardFault_Handler  stm32f1xx_it.o
    0x080015fe   0x080015fe   0x00000002   PAD
    0x08001600   0x08001600   0x000000a8   Code   RO          152    .text.MX_GPIO_Init  main.o
    0x080016a8   0x080016a8   0x00000048   Code   RO          156    .text.MX_SPI1_Init  main.o
    0x080016f0   0x080016f0   0x00000072   Code   RO          154    .text.MX_TIM1_Init  main.o
    0x08001762   0x08001762   0x00000002   PAD
    0x08001764   0x08001764   0x00000038   Code   RO          158    .text.MX_USART1_UART_Init  main.o
    0x0800179c   0x0800179c   0x00000002   Code   RO          184    .text.MemManage_Handler  stm32f1xx_it.o
    0x0800179e   0x0800179e   0x00000002   PAD
    0x080017a0   0x080017a0   0x00000002   Code   RO          180    .text.NMI_Handler   stm32f1xx_it.o
    0x080017a2   0x080017a2   0x00000002   PAD
    0x080017a4   0x080017a4   0x00000030   Code   RO           39    .text.NRF24_ACTIVATE_cmd  nrf24.o
    0x080017d4   0x080017d4   0x0000000a   Code   RO           73    .text.NRF24_available  nrf24.o
    0x080017de   0x080017de   0x00000002   PAD
    0x080017e0   0x080017e0   0x00000038   Code   RO           75    .text.NRF24_availablePipe  nrf24.o
    0x08001818   0x08001818   0x0000018c   Code   RO           37    .text.NRF24_begin   nrf24.o
    0x080019a4   0x080019a4   0x00000024   Code   RO           15    .text.NRF24_ce      nrf24.o
    0x080019c8   0x080019c8   0x00000024   Code   RO           13    .text.NRF24_csn     nrf24.o
    0x080019ec   0x080019ec   0x0000001c   Code   RO           51    .text.NRF24_disableDynamicPayloads  nrf24.o
    0x08001a08   0x08001a08   0x0000000c   Code   RO           33    .text.NRF24_flush_rx  nrf24.o
    0x08001a14   0x08001a14   0x0000000c   Code   RO           31    .text.NRF24_flush_tx  nrf24.o
    0x08001a20   0x08001a20   0x0000000a   Code   RO           71    .text.NRF24_getDynamicPayloadSize  nrf24.o
    0x08001a2a   0x08001a2a   0x00000002   PAD
    0x08001a2c   0x08001a2c   0x0000000c   Code   RO           29    .text.NRF24_getPayloadSize  nrf24.o
    0x08001a38   0x08001a38   0x0000000a   Code   RO           35    .text.NRF24_get_status  nrf24.o
    0x08001a42   0x08001a42   0x00000002   PAD
    0x08001a44   0x08001a44   0x00000070   Code   RO           81    .text.NRF24_openReadingPipe  nrf24.o
    0x08001ab4   0x08001ab4   0x00000014   Code   RO           59    .text.NRF24_powerDown  nrf24.o
    0x08001ac8   0x08001ac8   0x0000001c   Code   RO           77    .text.NRF24_read    nrf24.o
    0x08001ae4   0x08001ae4   0x0000004e   Code   RO           27    .text.NRF24_read_payload  nrf24.o
    0x08001b32   0x08001b32   0x00000002   PAD
    0x08001b34   0x08001b34   0x00000048   Code   RO           17    .text.NRF24_read_register  nrf24.o
    0x08001b7c   0x08001b7c   0x00000044   Code   RO           19    .text.NRF24_read_registerN  nrf24.o
    0x08001bc0   0x08001bc0   0x0000000c   Code   RO           55    .text.NRF24_resetStatus  nrf24.o
    0x08001bcc   0x08001bcc   0x00000014   Code   RO           89    .text.NRF24_setAutoAck  nrf24.o
    0x08001be0   0x08001be0   0x00000024   Code   RO           49    .text.NRF24_setCRCLength  nrf24.o
    0x08001c04   0x08001c04   0x00000014   Code   RO           57    .text.NRF24_setChannel  nrf24.o
    0x08001c18   0x08001c18   0x00000038   Code   RO           47    .text.NRF24_setDataRate  nrf24.o
    0x08001c50   0x08001c50   0x0000003a   Code   RO           45    .text.NRF24_setPALevel  nrf24.o
    0x08001c8a   0x08001c8a   0x00000002   PAD
    0x08001c8c   0x08001c8c   0x00000012   Code   RO           53    .text.NRF24_setPayloadSize  nrf24.o
    0x08001c9e   0x08001c9e   0x00000002   PAD
    0x08001ca0   0x08001ca0   0x00000014   Code   RO           43    .text.NRF24_setRetries  nrf24.o
    0x08001cb4   0x08001cb4   0x00000040   Code   RO           61    .text.NRF24_startListening  nrf24.o
    0x08001cf4   0x08001cf4   0x00000038   Code   RO           21    .text.NRF24_write_register  nrf24.o
    0x08001d2c   0x08001d2c   0x00000044   Code   RO           23    .text.NRF24_write_registerN  nrf24.o
    0x08001d70   0x08001d70   0x0000002c   Code   RO          542    .text.NVIC_EncodePriority  stm32f1xx_hal_cortex.o
    0x08001d9c   0x08001d9c   0x00000002   Code   RO          194    .text.PendSV_Handler  stm32f1xx_it.o
    0x08001d9e   0x08001d9e   0x00000002   PAD
    0x08001da0   0x08001da0   0x0000002c   Code   RO          426    .text.RCC_Delay     stm32f1xx_hal_rcc.o
    0x08001dcc   0x08001dcc   0x00000060   Code   RO          259    .text.SPI_EndRxTransaction  stm32f1xx_hal_spi.o
    0x08001e2c   0x08001e2c   0x00000022   Code   RO          253    .text.SPI_EndRxTxTransaction  stm32f1xx_hal_spi.o
    0x08001e4e   0x08001e4e   0x00000002   PAD
    0x08001e50   0x08001e50   0x000000ce   Code   RO          351    .text.SPI_WaitFlagStateUntilTimeout  stm32f1xx_hal_spi.o
    0x08001f1e   0x08001f1e   0x00000002   PAD
    0x08001f20   0x08001f20   0x00000002   Code   RO          190    .text.SVC_Handler   stm32f1xx_it.o
    0x08001f22   0x08001f22   0x00000002   PAD
    0x08001f24   0x08001f24   0x0000002e   Code   RO          558    .text.SysTick_Config  stm32f1xx_hal_cortex.o
    0x08001f52   0x08001f52   0x00000002   PAD
    0x08001f54   0x08001f54   0x00000008   Code   RO          196    .text.SysTick_Handler  stm32f1xx_it.o
    0x08001f5c   0x08001f5c   0x00000060   Code   RO          150    .text.SystemClock_Config  main.o
    0x08001fbc   0x08001fbc   0x00000002   Code   RO         1201    .text.SystemInit    system_stm32f1xx.o
    0x08001fbe   0x08001fbe   0x00000002   PAD
    0x08001fc0   0x08001fc0   0x00000010   Code   RO          198    .text.TIM1_UP_IRQHandler  stm32f1xx_it.o
    0x08001fd0   0x08001fd0   0x0000008a   Code   RO          749    .text.TIM_Base_SetConfig  stm32f1xx_hal_tim.o
    0x0800205a   0x0800205a   0x00000002   PAD
    0x0800205c   0x0800205c   0x00000016   Code   RO          935    .text.TIM_ETR_SetConfig  stm32f1xx_hal_tim.o
    0x08002072   0x08002072   0x00000002   PAD
    0x08002074   0x08002074   0x00000010   Code   RO          941    .text.TIM_ITRx_SetConfig  stm32f1xx_hal_tim.o
    0x08002084   0x08002084   0x00000022   Code   RO          939    .text.TIM_TI1_ConfigInputStage  stm32f1xx_hal_tim.o
    0x080020a6   0x080020a6   0x00000002   PAD
    0x080020a8   0x080020a8   0x00000024   Code   RO          943    .text.TIM_TI2_ConfigInputStage  stm32f1xx_hal_tim.o
    0x080020cc   0x080020cc   0x0000008e   Code   RO         1087    .text.UART_SetConfig  stm32f1xx_hal_uart.o
    0x0800215a   0x0800215a   0x00000002   PAD
    0x0800215c   0x0800215c   0x0000005e   Code   RO         1101    .text.UART_WaitOnFlagUntilTimeout  stm32f1xx_hal_uart.o
    0x080021ba   0x080021ba   0x00000002   PAD
    0x080021bc   0x080021bc   0x00000002   Code   RO          188    .text.UsageFault_Handler  stm32f1xx_it.o
    0x080021be   0x080021be   0x00000002   PAD
    0x080021c0   0x080021c0   0x00000020   Code   RO          546    .text.__NVIC_EnableIRQ  stm32f1xx_hal_cortex.o
    0x080021e0   0x080021e0   0x00000010   Code   RO          538    .text.__NVIC_GetPriorityGrouping  stm32f1xx_hal_cortex.o
    0x080021f0   0x080021f0   0x00000022   Code   RO          540    .text.__NVIC_SetPriority  stm32f1xx_hal_cortex.o
    0x08002212   0x08002212   0x00000002   PAD
    0x08002214   0x08002214   0x00000020   Code   RO          534    .text.__NVIC_SetPriorityGrouping  stm32f1xx_hal_cortex.o
    0x08002234   0x08002234   0x0000003a   Code   RO          142    .text.enLed         main.o
    0x0800226e   0x0800226e   0x00000002   PAD
    0x08002270   0x08002270   0x0000013c   Code   RO          148    .text.main          main.o
    0x080023ac   0x080023ac   0x00000024   Code   RO          117    .text.nrf24_DebugUART_Init  nrf24.o
    0x080023d0   0x080023d0   0x00000016   Code   RO          140    .text.offLed        main.o
    0x080023e6   0x080023e6   0x00000002   PAD
    0x080023e8   0x080023e8   0x0000006e   Code   RO          144    .text.onSeg         main.o
    0x08002456   0x08002456   0x00000002   PAD
    0x08002458   0x08002458   0x00000728   Code   RO           41    .text.printRadioSettings  nrf24.o
    0x08002b80   0x08002b80   0x00000028   Code   RO         1435    i.__0sprintf$8      mc_w.l(printf8.o)
    0x08002ba8   0x08002ba8   0x0000000e   Code   RO         1544    i.__scatterload_copy  mc_w.l(handlers.o)
    0x08002bb6   0x08002bb6   0x00000002   Code   RO         1545    i.__scatterload_null  mc_w.l(handlers.o)
    0x08002bb8   0x08002bb8   0x0000000e   Code   RO         1546    i.__scatterload_zeroinit  mc_w.l(handlers.o)
    0x08002bc6   0x08002bc6   0x00000002   PAD
    0x08002bc8   0x08002bc8   0x00000410   Code   RO         1440    i._printf_core      mc_w.l(printf8.o)
    0x08002fd8   0x08002fd8   0x00000024   Code   RO         1441    i._printf_post_padding  mc_w.l(printf8.o)
    0x08002ffc   0x08002ffc   0x0000002e   Code   RO         1442    i._printf_pre_padding  mc_w.l(printf8.o)
    0x0800302a   0x0800302a   0x0000000a   Code   RO         1444    i._sputc            mc_w.l(printf8.o)
    0x08003034   0x08003034   0x00000010   Data   RO         1206    .rodata.AHBPrescTable  system_stm32f1xx.o
    0x08003044   0x08003044   0x00000008   Data   RO         1207    .rodata.APBPrescTable  system_stm32f1xx.o
    0x0800304c   0x0800304c   0x0000024c   Data   RO          131    .rodata.str1.1      nrf24.o
    0x08003298   0x08003298   0x00000167   Data   RO          129    .rodata.str1.4      nrf24.o
    0x080033ff   0x080033ff   0x00000001   PAD
    0x08003400   0x08003400   0x00000020   Data   RO         1543    Region$$Table       anon$$obj.o


    Execution Region RW_IRAM1 (Exec base: 0x20000000, Load base: 0x08003420, Size: 0x00000620, Max: 0x00005000, ABSOLUTE)

    Exec Addr    Load Addr    Size         Type   Attr      Idx    E Section Name        Object

    0x20000000   0x08003420   0x00000008   Data   RW          162    .data.RxpipeAddrs   main.o
    0x20000008   0x08003428   0x00000004   Data   RW         1205    .data.SystemCoreClock  system_stm32f1xx.o
    0x2000000c   0x0800342c   0x00000004   Data   RW          412    .data.uwTickFreq    stm32f1xx_hal.o
    0x20000010   0x08003430   0x00000004   Data   RW          411    .data.uwTickPrio    stm32f1xx_hal.o
    0x20000014   0x08003434   0x00000004   PAD
    0x20000018        -       0x00000004   Zero   RW          166    .bss.buffer         main.o
    0x2000001c        -       0x00000001   Zero   RW          163    .bss.cnt            main.o
    0x2000001d   0x08003434   0x00000003   PAD
    0x20000020        -       0x0000005c   Zero   RW          168    .bss.hspi1          main.o
    0x2000007c        -       0x00000068   Zero   RW          167    .bss.htim1          main.o
    0x200000e4        -       0x00000048   Zero   RW          169    .bss.huart1         main.o
    0x2000012c        -       0x00000002   Zero   RW          123    .bss.nrf24_CE_PIN   nrf24.o
    0x2000012e        -       0x00000002   Zero   RW          122    .bss.nrf24_CSN_PIN  nrf24.o
    0x20000130        -       0x00000004   Zero   RW          121    .bss.nrf24_PORT     nrf24.o
    0x20000134        -       0x0000005c   Zero   RW          124    .bss.nrf24_hspi     nrf24.o
    0x20000190        -       0x00000048   Zero   RW          130    .bss.nrf24_huart    nrf24.o
    0x200001d8        -       0x00000001   Zero   RW          128    .bss.payload_size   nrf24.o
    0x200001d9   0x08003434   0x00000007   PAD
    0x200001e0        -       0x00000008   Zero   RW          125    .bss.pipe0_reading_address  nrf24.o
    0x200001e8        -       0x00000032   Zero   RW          170    .bss.rData          main.o
    0x2000021a   0x08003434   0x00000002   PAD
    0x2000021c        -       0x00000004   Zero   RW          413    .bss.uwTick         stm32f1xx_hal.o
    0x20000220        -       0x00000400   Zero   RW            1    STACK               startup_stm32f103xb.o


==============================================================================

Image component sizes


      Code (inc. data)   RO Data    RW Data    ZI Data      Debug   Object Name

      1070          4          0          8        323       9021   main.o
      3340        152        947          0        181      16829   nrf24.o
        36          8        236          0       1024        748   startup_stm32f103xb.o
       196          0          0          8          4       5697   stm32f1xx_hal.o
       258          0          0          0          0       8606   stm32f1xx_hal_cortex.o
       516         20          0          0          0       4604   stm32f1xx_hal_gpio.o
       400          0          0          0          0       8791   stm32f1xx_hal_msp.o
      1372         20          0          0          0       6961   stm32f1xx_hal_rcc.o
      1662          0          0          0          0      21134   stm32f1xx_hal_spi.o
       976          0          0          0          0      43117   stm32f1xx_hal_tim.o
       112          0          0          0          0      17881   stm32f1xx_hal_tim_ex.o
       514          0          0          0          0      17253   stm32f1xx_hal_uart.o
        40          0          0          0          0       1085   stm32f1xx_it.o
         2          0         24          4          0       1558   system_stm32f1xx.o

    ----------------------------------------------------------------------
     10596        204       1240         20       1548     163285   Object Totals
         0          0         32          0          0          0   (incl. Generated)
       102          0          1          0         16          0   (incl. Padding)

    ----------------------------------------------------------------------

      Code (inc. data)   RO Data    RW Data    ZI Data      Debug   Library Member Name

         0          0          0          0          0          0   entry.o
         0          0          0          0          0          0   entry10a.o
         0          0          0          0          0          0   entry11a.o
         8          4          0          0          0          0   entry2.o
         4          0          0          0          0          0   entry5.o
         0          0          0          0          0          0   entry7b.o
         0          0          0          0          0          0   entry8b.o
         8          4          0          0          0          0   entry9a.o
        30          0          0          0          0          0   handlers.o
        36          8          0          0          0         68   init.o
        30          0          0          0          0         68   llshl.o
        32          0          0          0          0         68   llushr.o
        36          0          0          0          0         68   memcpya.o
        36          0          0          0          0        108   memseta.o
      1172         50          0          0          0        420   printf8.o
        14          0          0          0          0         68   strlen.o
        98          0          0          0          0         92   uldiv.o

    ----------------------------------------------------------------------
      1508         66          0          0          0        960   Library Totals
         4          0          0          0          0          0   (incl. Padding)

    ----------------------------------------------------------------------

      Code (inc. data)   RO Data    RW Data    ZI Data      Debug   Library Name

      1504         66          0          0          0        960   mc_w.l

    ----------------------------------------------------------------------
      1508         66          0          0          0        960   Library Totals

    ----------------------------------------------------------------------

==============================================================================


      Code (inc. data)   RO Data    RW Data    ZI Data      Debug   

     12104        270       1240         20       1548     163789   Grand Totals
     12104        270       1240         20       1548     163789   ELF Image Totals
     12104        270       1240         20          0          0   ROM Totals

==============================================================================

    Total RO  Size (Code + RO Data)                13344 (  13.03kB)
    Total RW  Size (RW Data + ZI Data)              1568 (   1.53kB)
    Total ROM Size (Code + RO Data + RW Data)      13364 (  13.05kB)

==============================================================================

