Component: ARM Compiler 6.16 Tool: armlink [5dfeaa00]

==============================================================================

Section Cross References

    startup_stm32f407xx.o(RESET) refers to startup_stm32f407xx.o(STACK) for __initial_sp
    startup_stm32f407xx.o(RESET) refers to startup_stm32f407xx.o(.text) for Reset_Handler
    startup_stm32f407xx.o(RESET) refers to stm32f4xx_it.o(.text.NMI_Handler) for NMI_Handler
    startup_stm32f407xx.o(RESET) refers to stm32f4xx_it.o(.text.HardFault_Handler) for HardFault_Handler
    startup_stm32f407xx.o(RESET) refers to stm32f4xx_it.o(.text.MemManage_Handler) for MemManage_Handler
    startup_stm32f407xx.o(RESET) refers to stm32f4xx_it.o(.text.BusFault_Handler) for BusFault_Handler
    startup_stm32f407xx.o(RESET) refers to stm32f4xx_it.o(.text.UsageFault_Handler) for UsageFault_Handler
    startup_stm32f407xx.o(RESET) refers to stm32f4xx_it.o(.text.SVC_Handler) for SVC_Handler
    startup_stm32f407xx.o(RESET) refers to stm32f4xx_it.o(.text.DebugMon_Handler) for DebugMon_Handler
    startup_stm32f407xx.o(RESET) refers to stm32f4xx_it.o(.text.PendSV_Handler) for PendSV_Handler
    startup_stm32f407xx.o(RESET) refers to stm32f4xx_it.o(.text.SysTick_Handler) for SysTick_Handler
    startup_stm32f407xx.o(RESET) refers to stm32f4xx_it.o(.text.EXTI3_IRQHandler) for EXTI3_IRQHandler
    startup_stm32f407xx.o(RESET) refers to stm32f4xx_it.o(.text.EXTI4_IRQHandler) for EXTI4_IRQHandler
    startup_stm32f407xx.o(RESET) refers to stm32f4xx_it.o(.text.USART2_IRQHandler) for USART2_IRQHandler
    startup_stm32f407xx.o(.text) refers to system_stm32f4xx.o(.text.SystemInit) for SystemInit
    startup_stm32f407xx.o(.text) refers to entry.o(.ARM.Collect$$$$00000000) for __main
    my_nrf24.o(.ARM.exidx.text.NRF24_DelayMicroSeconds) refers to my_nrf24.o(.text.NRF24_DelayMicroSeconds) for [Anonymous Symbol]
    my_nrf24.o(.text.NRF24_csn) refers to my_nrf24.o(.bss.nrf24_PORT) for nrf24_PORT
    my_nrf24.o(.text.NRF24_csn) refers to my_nrf24.o(.bss.nrf24_CSN_PIN) for nrf24_CSN_PIN
    my_nrf24.o(.text.NRF24_csn) refers to stm32f4xx_hal_gpio.o(.text.HAL_GPIO_WritePin) for HAL_GPIO_WritePin
    my_nrf24.o(.ARM.exidx.text.NRF24_csn) refers to my_nrf24.o(.text.NRF24_csn) for [Anonymous Symbol]
    my_nrf24.o(.text.NRF24_ce) refers to my_nrf24.o(.bss.nrf24_PORT) for nrf24_PORT
    my_nrf24.o(.text.NRF24_ce) refers to my_nrf24.o(.bss.nrf24_CE_PIN) for nrf24_CE_PIN
    my_nrf24.o(.text.NRF24_ce) refers to stm32f4xx_hal_gpio.o(.text.HAL_GPIO_WritePin) for HAL_GPIO_WritePin
    my_nrf24.o(.ARM.exidx.text.NRF24_ce) refers to my_nrf24.o(.text.NRF24_ce) for [Anonymous Symbol]
    my_nrf24.o(.text.NRF24_read_register) refers to my_nrf24.o(.text.NRF24_csn) for NRF24_csn
    my_nrf24.o(.text.NRF24_read_register) refers to my_nrf24.o(.bss.nrf24_hspi) for nrf24_hspi
    my_nrf24.o(.text.NRF24_read_register) refers to stm32f4xx_hal_spi.o(.text.HAL_SPI_Transmit) for HAL_SPI_Transmit
    my_nrf24.o(.text.NRF24_read_register) refers to stm32f4xx_hal_spi.o(.text.HAL_SPI_Receive) for HAL_SPI_Receive
    my_nrf24.o(.ARM.exidx.text.NRF24_read_register) refers to my_nrf24.o(.text.NRF24_read_register) for [Anonymous Symbol]
    my_nrf24.o(.text.NRF24_read_registerN) refers to my_nrf24.o(.text.NRF24_csn) for NRF24_csn
    my_nrf24.o(.text.NRF24_read_registerN) refers to my_nrf24.o(.bss.nrf24_hspi) for nrf24_hspi
    my_nrf24.o(.text.NRF24_read_registerN) refers to stm32f4xx_hal_spi.o(.text.HAL_SPI_Transmit) for HAL_SPI_Transmit
    my_nrf24.o(.text.NRF24_read_registerN) refers to stm32f4xx_hal_spi.o(.text.HAL_SPI_Receive) for HAL_SPI_Receive
    my_nrf24.o(.ARM.exidx.text.NRF24_read_registerN) refers to my_nrf24.o(.text.NRF24_read_registerN) for [Anonymous Symbol]
    my_nrf24.o(.text.NRF24_write_register) refers to my_nrf24.o(.text.NRF24_csn) for NRF24_csn
    my_nrf24.o(.text.NRF24_write_register) refers to my_nrf24.o(.bss.nrf24_hspi) for nrf24_hspi
    my_nrf24.o(.text.NRF24_write_register) refers to stm32f4xx_hal_spi.o(.text.HAL_SPI_Transmit) for HAL_SPI_Transmit
    my_nrf24.o(.ARM.exidx.text.NRF24_write_register) refers to my_nrf24.o(.text.NRF24_write_register) for [Anonymous Symbol]
    my_nrf24.o(.text.NRF24_write_registerN) refers to my_nrf24.o(.text.NRF24_csn) for NRF24_csn
    my_nrf24.o(.text.NRF24_write_registerN) refers to my_nrf24.o(.bss.nrf24_hspi) for nrf24_hspi
    my_nrf24.o(.text.NRF24_write_registerN) refers to stm32f4xx_hal_spi.o(.text.HAL_SPI_Transmit) for HAL_SPI_Transmit
    my_nrf24.o(.ARM.exidx.text.NRF24_write_registerN) refers to my_nrf24.o(.text.NRF24_write_registerN) for [Anonymous Symbol]
    my_nrf24.o(.text.NRF24_write_payload) refers to my_nrf24.o(.text.NRF24_csn) for NRF24_csn
    my_nrf24.o(.text.NRF24_write_payload) refers to my_nrf24.o(.bss.nrf24_hspi) for nrf24_hspi
    my_nrf24.o(.text.NRF24_write_payload) refers to stm32f4xx_hal_spi.o(.text.HAL_SPI_Transmit) for HAL_SPI_Transmit
[...]
    Removing stm32f4xx_hal.o(.ARM.exidx.text.HAL_DBGMCU_DisableDBGStandbyMode), (8 bytes).
    Removing stm32f4xx_hal.o(.text.HAL_EnableCompensationCell), (14 bytes).
    Removing stm32f4xx_hal.o(.ARM.exidx.text.HAL_EnableCompensationCell), (8 bytes).
    Removing stm32f4xx_hal.o(.text.HAL_DisableCompensationCell), (14 bytes).
    Removing stm32f4xx_hal.o(.ARM.exidx.text.HAL_DisableCompensationCell), (8 bytes).
    Removing stm32f4xx_hal.o(.text.HAL_GetUIDw0), (12 bytes).
    Removing stm32f4xx_hal.o(.ARM.exidx.text.HAL_GetUIDw0), (8 bytes).
    Removing stm32f4xx_hal.o(.text.HAL_GetUIDw1), (12 bytes).
    Removing stm32f4xx_hal.o(.ARM.exidx.text.HAL_GetUIDw1), (8 bytes).
    Removing stm32f4xx_hal.o(.text.HAL_GetUIDw2), (12 bytes).
    Removing stm32f4xx_hal.o(.ARM.exidx.text.HAL_GetUIDw2), (8 bytes).
    Removing stm32f4xx_hal_exti.o(.text), (0 bytes).
    Removing stm32f4xx_hal_exti.o(.text.HAL_EXTI_SetConfigLine), (180 bytes).
    Removing stm32f4xx_hal_exti.o(.ARM.exidx.text.HAL_EXTI_SetConfigLine), (8 bytes).
    Removing stm32f4xx_hal_exti.o(.text.HAL_EXTI_GetConfigLine), (156 bytes).
    Removing stm32f4xx_hal_exti.o(.ARM.exidx.text.HAL_EXTI_GetConfigLine), (8 bytes).
    Removing stm32f4xx_hal_exti.o(.text.HAL_EXTI_ClearConfigLine), (136 bytes).
    Removing stm32f4xx_hal_exti.o(.ARM.exidx.text.HAL_EXTI_ClearConfigLine), (8 bytes).
    Removing stm32f4xx_hal_exti.o(.text.HAL_EXTI_RegisterCallback), (12 bytes).
    Removing stm32f4xx_hal_exti.o(.ARM.exidx.text.HAL_EXTI_RegisterCallback), (8 bytes).
    Removing stm32f4xx_hal_exti.o(.text.HAL_EXTI_GetHandle), (12 bytes).
    Removing stm32f4xx_hal_exti.o(.ARM.exidx.text.HAL_EXTI_GetHandle), (8 bytes).
    Removing stm32f4xx_hal_exti.o(.text.HAL_EXTI_IRQHandler), (44 bytes).
    Removing stm32f4xx_hal_exti.o(.ARM.exidx.text.HAL_EXTI_IRQHandler), (8 bytes).
    Removing stm32f4xx_hal_exti.o(.text.HAL_EXTI_GetPending), (28 bytes).
    Removing stm32f4xx_hal_exti.o(.ARM.exidx.text.HAL_EXTI_GetPending), (8 bytes).
    Removing stm32f4xx_hal_exti.o(.text.HAL_EXTI_ClearPending), (24 bytes).
    Removing stm32f4xx_hal_exti.o(.ARM.exidx.text.HAL_EXTI_ClearPending), (8 bytes).
    Removing stm32f4xx_hal_exti.o(.text.HAL_EXTI_GenerateSWI), (24 bytes).
    Removing stm32f4xx_hal_exti.o(.ARM.exidx.text.HAL_EXTI_GenerateSWI), (8 bytes).
    Removing stm32f4xx_hal_tim.o(.text), (0 bytes).
    Removing stm32f4xx_hal_tim_ex.o(.text), (0 bytes).
    Removing stm32f4xx_hal_uart.o(.text), (0 bytes).
    Removing stm32f4xx_hal_uart.o(.ARM.exidx.text.HAL_UART_Init), (8 bytes).
    Removing stm32f4xx_hal_uart.o(.text.HAL_UART_MspInit), (2 bytes).
    Removing stm32f4xx_hal_uart.o(.ARM.exidx.text.HAL_UART_MspInit), (8 bytes).
    Removing stm32f4xx_hal_uart.o(.ARM.exidx.text.UART_SetConfig), (8 bytes).
    Removing stm32f4xx_hal_uart.o(.text.HAL_HalfDuplex_Init), (102 bytes).
    Removing stm32f4xx_hal_uart.o(.ARM.exidx.text.HAL_HalfDuplex_Init), (8 bytes).
    Removing stm32f4xx_hal_uart.o(.text.HAL_LIN_Init), (118 bytes).
    Removing stm32f4xx_hal_uart.o(.ARM.exidx.text.HAL_LIN_Init), (8 bytes).
    Removing stm32f4xx_hal_uart.o(.text.HAL_MultiProcessor_Init), (126 bytes).
    Removing stm32f4xx_hal_uart.o(.ARM.exidx.text.HAL_MultiProcessor_Init), (8 bytes).
    Removing stm32f4xx_hal_uart.o(.text.HAL_UART_DeInit), (54 bytes).
    Removing stm32f4xx_hal_uart.o(.ARM.exidx.text.HAL_UART_DeInit), (8 bytes).
    Removing stm32f4xx_hal_uart.o(.text.HAL_UART_MspDeInit), (2 bytes).
    Removing stm32f4xx_hal_uart.o(.ARM.exidx.text.HAL_UART_MspDeInit), (8 bytes).
    Removing stm32f4xx_hal_uart.o(.ARM.exidx.text.HAL_UART_Transmit), (8 bytes).
    Removing stm32f4xx_hal_uart.o(.ARM.exidx.text.UART_WaitOnFlagUntilTimeout), (8 bytes).
    Removing stm32f4xx_hal_uart.o(.text.HAL_UART_Receive), (220 bytes).
    Removing stm32f4xx_hal_uart.o(.ARM.exidx.text.HAL_UART_Receive), (8 bytes).
    Removing stm32f4xx_hal_uart.o(.text.HAL_UART_Transmit_IT), (68 bytes).
    Removing stm32f4xx_hal_uart.o(.ARM.exidx.text.HAL_UART_Transmit_IT), (8 bytes).
    Removing stm32f4xx_hal_uart.o(.text.HAL_UART_Receive_IT), (56 bytes).
    Removing stm32f4xx_hal_uart.o(.ARM.exidx.text.HAL_UART_Receive_IT), (8 bytes).
    Removing stm32f4xx_hal_uart.o(.text.UART_Start_Receive_IT), (50 bytes).
    Removing stm32f4xx_hal_uart.o(.ARM.exidx.text.UART_Start_Receive_IT), (8 bytes).
    Removing stm32f4xx_hal_uart.o(.text.HAL_UART_Transmit_DMA), (122 bytes).
    Removing stm32f4xx_hal_uart.o(.ARM.exidx.text.HAL_UART_Transmit_DMA), (8 bytes).
    Removing stm32f4xx_hal_uart.o(.text.UART_DMATransmitCplt), (42 bytes).
    Removing stm32f4xx_hal_uart.o(.ARM.exidx.text.UART_DMATransmitCplt), (8 bytes).
    Removing stm32f4xx_hal_uart.o(.text.UART_DMATxHalfCplt), (10 bytes).
    Removing stm32f4xx_hal_uart.o(.ARM.exidx.text.UART_DMATxHalfCplt), (8 bytes).
    Removing stm32f4xx_hal_uart.o(.text.UART_DMAError), (76 bytes).
    Removing stm32f4xx_hal_uart.o(.ARM.exidx.text.UART_DMAError), (8 bytes).
    Removing stm32f4xx_hal_uart.o(.text.HAL_UART_Receive_DMA), (56 bytes).
    Removing stm32f4xx_hal_uart.o(.ARM.exidx.text.HAL_UART_Receive_DMA), (8 bytes).
    Removing stm32f4xx_hal_uart.o(.text.UART_Start_Receive_DMA), (114 bytes).
    Removing stm32f4xx_hal_uart.o(.ARM.exidx.text.UART_Start_Receive_DMA), (8 bytes).
    Removing stm32f4xx_hal_uart.o(.text.HAL_UART_DMAPause), (94 bytes).
    Removing stm32f4xx_hal_uart.o(.ARM.exidx.text.HAL_UART_DMAPause), (8 bytes).
    Removing stm32f4xx_hal_uart.o(.text.HAL_UART_DMAResume), (98 bytes).
    Removing stm32f4xx_hal_uart.o(.ARM.exidx.text.HAL_UART_DMAResume), (8 bytes).
    Removing stm32f4xx_hal_uart.o(.text.HAL_UART_DMAStop), (92 bytes).
    Removing stm32f4xx_hal_uart.o(.ARM.exidx.text.HAL_UART_DMAStop), (8 bytes).
    Removing stm32f4xx_hal_uart.o(.text.UART_EndTxTransfer), (18 bytes).
    Removing stm32f4xx_hal_uart.o(.ARM.exidx.text.UART_EndTxTransfer), (8 bytes).
    Removing stm32f4xx_hal_uart.o(.ARM.exidx.text.UART_EndRxTransfer), (8 bytes).
    Removing stm32f4xx_hal_uart.o(.text.HAL_UARTEx_ReceiveToIdle), (304 bytes).
    Removing stm32f4xx_hal_uart.o(.ARM.exidx.text.HAL_UARTEx_ReceiveToIdle), (8 bytes).
    Removing stm32f4xx_hal_uart.o(.text.HAL_UARTEx_ReceiveToIdle_IT), (92 bytes).
    Removing stm32f4xx_hal_uart.o(.ARM.exidx.text.HAL_UARTEx_ReceiveToIdle_IT), (8 bytes).
    Removing stm32f4xx_hal_uart.o(.text.HAL_UARTEx_ReceiveToIdle_DMA), (92 bytes).
    Removing stm32f4xx_hal_uart.o(.ARM.exidx.text.HAL_UARTEx_ReceiveToIdle_DMA), (8 bytes).
    Removing stm32f4xx_hal_uart.o(.text.HAL_UART_Abort), (144 bytes).
    Removing stm32f4xx_hal_uart.o(.ARM.exidx.text.HAL_UART_Abort), (8 bytes).
    Removing stm32f4xx_hal_uart.o(.text.HAL_UART_AbortTransmit), (72 bytes).
    Removing stm32f4xx_hal_uart.o(.ARM.exidx.text.HAL_UART_AbortTransmit), (8 bytes).
    Removing stm32f4xx_hal_uart.o(.text.HAL_UART_AbortReceive), (96 bytes).
    Removing stm32f4xx_hal_uart.o(.ARM.exidx.text.HAL_UART_AbortReceive), (8 bytes).
    Removing stm32f4xx_hal_uart.o(.text.HAL_UART_Abort_IT), (182 bytes).
    Removing stm32f4xx_hal_uart.o(.ARM.exidx.text.HAL_UART_Abort_IT), (8 bytes).
    Removing stm32f4xx_hal_uart.o(.text.UART_DMATxAbortCallback), (46 bytes).
    Removing stm32f4xx_hal_uart.o(.ARM.exidx.text.UART_DMATxAbortCallback), (8 bytes).
    Removing stm32f4xx_hal_uart.o(.text.UART_DMARxAbortCallback), (46 bytes).
    Removing stm32f4xx_hal_uart.o(.ARM.exidx.text.UART_DMARxAbortCallback), (8 bytes).
    Removing stm32f4xx_hal_uart.o(.text.HAL_UART_AbortCpltCallback), (2 bytes).
    Removing stm32f4xx_hal_uart.o(.ARM.exidx.text.HAL_UART_AbortCpltCallback), (8 bytes).
    Removing stm32f4xx_hal_uart.o(.text.HAL_UART_AbortTransmit_IT), (100 bytes).
    Removing stm32f4xx_hal_uart.o(.ARM.exidx.text.HAL_UART_AbortTransmit_IT), (8 bytes).
    Removing stm32f4xx_hal_uart.o(.text.UART_DMATxOnlyAbortCallback), (20 bytes).
    Removing stm32f4xx_hal_uart.o(.ARM.exidx.text.UART_DMATxOnlyAbortCallback), (8 bytes).
    Removing stm32f4xx_hal_uart.o(.text.HAL_UART_AbortTransmitCpltCallback), (2 bytes).
    Removing stm32f4xx_hal_uart.o(.ARM.exidx.text.HAL_UART_AbortTransmitCpltCallback), (8 bytes).
    Removing stm32f4xx_hal_uart.o(.text.HAL_UART_AbortReceive_IT), (126 bytes).
    Removing stm32f4xx_hal_uart.o(.ARM.exidx.text.HAL_UART_AbortReceive_IT), (8 bytes).
    Removing stm32f4xx_hal_uart.o(.text.UART_DMARxOnlyAbortCallback), (22 bytes).
    Removing stm32f4xx_hal_uart.o(.ARM.exidx.text.UART_DMARxOnlyAbortCallback), (8 bytes).
    Removing stm32f4xx_hal_uart.o(.text.HAL_UART_AbortReceiveCpltCallback), (2 bytes).
    Removing stm32f4xx_hal_uart.o(.ARM.exidx.text.HAL_UART_AbortReceiveCpltCallback), (8 bytes).
    Removing stm32f4xx_hal_uart.o(.ARM.exidx.text.HAL_UART_IRQHandler), (8 bytes).
    Removing stm32f4xx_hal_uart.o(.ARM.exidx.text.UART_Receive_IT), (8 bytes).
    Removing stm32f4xx_hal_uart.o(.ARM.exidx.text.UART_DMAAbortOnError), (8 bytes).
    Removing stm32f4xx_hal_uart.o(.ARM.exidx.text.HAL_UART_ErrorCallback), (8 bytes).
    Removing stm32f4xx_hal_uart.o(.ARM.exidx.text.HAL_UARTEx_RxEventCallback), (8 bytes).
    Removing stm32f4xx_hal_uart.o(.ARM.exidx.text.UART_Transmit_IT), (8 bytes).
    Removing stm32f4xx_hal_uart.o(.ARM.exidx.text.UART_EndTransmit_IT), (8 bytes).
    Removing stm32f4xx_hal_uart.o(.ARM.exidx.text.HAL_UART_TxCpltCallback), (8 bytes).
    Removing stm32f4xx_hal_uart.o(.text.HAL_UART_TxHalfCpltCallback), (2 bytes).
    Removing stm32f4xx_hal_uart.o(.ARM.exidx.text.HAL_UART_TxHalfCpltCallback), (8 bytes).
    Removing stm32f4xx_hal_uart.o(.ARM.exidx.text.HAL_UART_RxCpltCallback), (8 bytes).
    Removing stm32f4xx_hal_uart.o(.text.HAL_UART_RxHalfCpltCallback), (2 bytes).
    Removing stm32f4xx_hal_uart.o(.ARM.exidx.text.HAL_UART_RxHalfCpltCallback), (8 bytes).
    Removing stm32f4xx_hal_uart.o(.text.HAL_LIN_SendBreak), (44 bytes).
    Removing stm32f4xx_hal_uart.o(.ARM.exidx.text.HAL_LIN_SendBreak), (8 bytes).
    Removing stm32f4xx_hal_uart.o(.text.HAL_MultiProcessor_EnterMuteMode), (44 bytes).
    Removing stm32f4xx_hal_uart.o(.ARM.exidx.text.HAL_MultiProcessor_EnterMuteMode), (8 bytes).
    Removing stm32f4xx_hal_uart.o(.text.HAL_MultiProcessor_ExitMuteMode), (44 bytes).
    Removing stm32f4xx_hal_uart.o(.ARM.exidx.text.HAL_MultiProcessor_ExitMuteMode), (8 bytes).
    Removing stm32f4xx_hal_uart.o(.text.HAL_HalfDuplex_EnableTransmitter), (44 bytes).
    Removing stm32f4xx_hal_uart.o(.ARM.exidx.text.HAL_HalfDuplex_EnableTransmitter), (8 bytes).
    Removing stm32f4xx_hal_uart.o(.text.HAL_HalfDuplex_EnableReceiver), (46 bytes).
    Removing stm32f4xx_hal_uart.o(.ARM.exidx.text.HAL_HalfDuplex_EnableReceiver), (8 bytes).
    Removing stm32f4xx_hal_uart.o(.text.HAL_UART_GetState), (14 bytes).
    Removing stm32f4xx_hal_uart.o(.ARM.exidx.text.HAL_UART_GetState), (8 bytes).
    Removing stm32f4xx_hal_uart.o(.text.HAL_UART_GetError), (4 bytes).
    Removing stm32f4xx_hal_uart.o(.ARM.exidx.text.HAL_UART_GetError), (8 bytes).
    Removing stm32f4xx_hal_uart.o(.text.UART_DMAReceiveCplt), (82 bytes).
    Removing stm32f4xx_hal_uart.o(.ARM.exidx.text.UART_DMAReceiveCplt), (8 bytes).
    Removing stm32f4xx_hal_uart.o(.text.UART_DMARxHalfCplt), (26 bytes).
    Removing stm32f4xx_hal_uart.o(.ARM.exidx.text.UART_DMARxHalfCplt), (8 bytes).
    Removing system_stm32f4xx.o(.text), (0 bytes).
    Removing system_stm32f4xx.o(.ARM.exidx.text.SystemInit), (8 bytes).
    Removing system_stm32f4xx.o(.text.SystemCoreClockUpdate), (126 bytes).
    Removing system_stm32f4xx.o(.ARM.exidx.text.SystemCoreClockUpdate), (8 bytes).
    Removing dadd.o(.text), (334 bytes).
    Removing dmul.o(.text), (228 bytes).
    Removing ddiv.o(.text), (222 bytes).
    Removing dfixul.o(.text), (48 bytes).
    Removing cdrcmple.o(.text), (48 bytes).
    Removing depilogue.o(.text), (186 bytes).

671 unused section(s) (total 22483 bytes) removed from the image.

==============================================================================

Image Symbol Table

    Local Symbols

    Symbol Name                              Value     Ov Type        Size  Object(Section)

    ../clib/division.s                       0x00000000   Number         0  aeabi_sdiv.o ABSOLUTE
    ../clib/microlib/division.c              0x00000000   Number         0  uldiv.o ABSOLUTE
    ../clib/microlib/division.c              0x00000000   Number         0  uidiv.o ABSOLUTE
    ../clib/microlib/init/entry.s            0x00000000   Number         0  entry.o ABSOLUTE
    ../clib/microlib/init/entry.s            0x00000000   Number         0  entry2.o ABSOLUTE
    ../clib/microlib/init/entry.s            0x00000000   Number         0  entry5.o ABSOLUTE
    ../clib/microlib/init/entry.s            0x00000000   Number         0  entry7a.o ABSOLUTE
    ../clib/microlib/init/entry.s            0x00000000   Number         0  entry7b.o ABSOLUTE
    ../clib/microlib/init/entry.s            0x00000000   Number         0  entry8a.o ABSOLUTE
    ../clib/microlib/init/entry.s            0x00000000   Number         0  entry8b.o ABSOLUTE
    ../clib/microlib/init/entry.s            0x00000000   Number         0  entry9a.o ABSOLUTE
    ../clib/microlib/init/entry.s            0x00000000   Number         0  entry9b.o ABSOLUTE
    ../clib/microlib/init/entry.s            0x00000000   Number         0  entry10a.o ABSOLUTE
    ../clib/microlib/init/entry.s            0x00000000   Number         0  entry10b.o ABSOLUTE
    ../clib/microlib/init/entry.s            0x00000000   Number         0  entry11a.o ABSOLUTE
    ../clib/microlib/init/entry.s            0x00000000   Number         0  entry11b.o ABSOLUTE
    ../clib/microlib/longlong.c              0x00000000   Number         0  llshl.o ABSOLUTE
    ../clib/microlib/longlong.c              0x00000000   Number         0  llushr.o ABSOLUTE
    ../clib/microlib/longlong.c              0x00000000   Number         0  llsshr.o ABSOLUTE
    ../clib/microlib/printf/printf.c         0x00000000   Number         0  printfb.o ABSOLUTE
    ../clib/microlib/printf/printf.c         0x00000000   Number         0  printf0.o ABSOLUTE
    ../clib/microlib/printf/printf.c         0x00000000   Number         0  printf1.o ABSOLUTE
    ../clib/microlib/printf/printf.c         0x00000000   Number         0  printf2.o ABSOLUTE
    ../clib/microlib/printf/printf.c         0x00000000   Number         0  printf3.o ABSOLUTE
    ../clib/microlib/printf/printf.c         0x00000000   Number         0  printf4.o ABSOLUTE
    ../clib/microlib/printf/printf.c         0x00000000   Number         0  printf5.o ABSOLUTE
    ../clib/microlib/printf/printf.c         0x00000000   Number         0  printf6.o ABSOLUTE
    ../clib/microlib/printf/printf.c         0x00000000   Number         0  printf7.o ABSOLUTE
    ../clib/microlib/printf/printf.c         0x00000000   Number         0  printf8.o ABSOLUTE
    ../clib/microlib/printf/printf.c         0x00000000   Number         0  printfa.o ABSOLUTE
    ../clib/microlib/printf/stubs.s          0x00000000   Number         0  printfstubs.o ABSOLUTE
    ../clib/microlib/stdio/fputc.c           0x00000000   Number         0  fputc.o ABSOLUTE
    ../clib/microlib/stdio/fputc.c           0x00000000   Number         0  fputc_h.o ABSOLUTE
    ../clib/microlib/stdio/semi.s            0x00000000   Number         0  semi.o ABSOLUTE
    ../clib/microlib/stdio/streams.c         0x00000000   Number         0  stdout.o ABSOLUTE
    ../clib/microlib/string/memcpy.c         0x00000000   Number         0  memcpya.o ABSOLUTE
    ../clib/microlib/string/memcpy.c         0x00000000   Number         0  memcpyb.o ABSOLUTE
    ../clib/microlib/string/memset.c         0x00000000   Number         0  memseta.o ABSOLUTE
    ../clib/microlib/string/strlen.c         0x00000000   Number         0  strlen.o ABSOLUTE
    ../clib/microlib/stubs.s                 0x00000000   Number         0  iusefp.o ABSOLUTE
    ../clib/microlib/stubs.s                 0x00000000   Number         0  iusesemip.o ABSOLUTE
    ../fplib/microlib/fpadd.c                0x00000000   Number         0  dadd.o ABSOLUTE
    ../fplib/microlib/fpdiv.c                0x00000000   Number         0  ddiv.o ABSOLUTE
    ../fplib/microlib/fpepilogue.c           0x00000000   Number         0  depilogue.o ABSOLUTE
    ../fplib/microlib/fpfix.c                0x00000000   Number         0  dfixul.o ABSOLUTE
    ../fplib/microlib/fpmul.c                0x00000000   Number         0  dmul.o ABSOLUTE
    MY_NRF24.c                               0x00000000   Number         0  my_nrf24.o ABSOLUTE
    cdrcmple.s                               0x00000000   Number         0  cdrcmple.o ABSOLUTE
    dc.s                                     0x00000000   Number         0  dc.o ABSOLUTE
    handlers.s                               0x00000000   Number         0  handlers.o ABSOLUTE
    init.s                                   0x00000000   Number         0  init.o ABSOLUTE
    main.c                                   0x00000000   Number         0  main.o ABSOLUTE
    startup_stm32f407xx.s                    0x00000000   Number         0  startup_stm32f407xx.o ABSOLUTE
    stm32f4xx_hal.c                          0x00000000   Number         0  stm32f4xx_hal.o ABSOLUTE
    stm32f4xx_hal_cortex.c                   0x00000000   Number         0  stm32f4xx_hal_cortex.o ABSOLUTE
    stm32f4xx_hal_dma.c                      0x00000000   Number         0  stm32f4xx_hal_dma.o ABSOLUTE
    stm32f4xx_hal_dma_ex.c                   0x00000000   Number         0  stm32f4xx_hal_dma_ex.o ABSOLUTE
    stm32f4xx_hal_exti.c                     0x00000000   Number         0  stm32f4xx_hal_exti.o ABSOLUTE
    stm32f4xx_hal_flash.c                    0x00000000   Number         0  stm32f4xx_hal_flash.o ABSOLUTE
    stm32f4xx_hal_flash_ex.c                 0x00000000   Number         0  stm32f4xx_hal_flash_ex.o ABSOLUTE
    stm32f4xx_hal_flash_ramfunc.c            0x00000000   Number         0  stm32f4xx_hal_flash_ramfunc.o ABSOLUTE
    stm32f4xx_hal_gpio.c                     0x00000000   Number         0  stm32f4xx_hal_gpio.o ABSOLUTE
    stm32f4xx_hal_msp.c                      0x00000000   Number         0  stm32f4xx_hal_msp.o ABSOLUTE
    stm32f4xx_hal_pwr.c                      0x00000000   Number         0  stm32f4xx_hal_pwr.o ABSOLUTE
    stm32f4xx_hal_pwr_ex.c                   0x00000000   Number         0  stm32f4xx_hal_pwr_ex.o ABSOLUTE
    stm32f4xx_hal_rcc.c                      0x00000000   Number         0  stm32f4xx_hal_rcc.o ABSOLUTE
    stm32f4xx_hal_rcc_ex.c                   0x00000000   Number         0  stm32f4xx_hal_rcc_ex.o ABSOLUTE
    stm32f4xx_hal_spi.c                      0x00000000   Number         0  stm32f4xx_hal_spi.o ABSOLUTE
    stm32f4xx_hal_tim.c                      0x00000000   Number         0  stm32f4xx_hal_tim.o ABSOLUTE
    stm32f4xx_hal_tim_ex.c                   0x00000000   Number         0  stm32f4xx_hal_tim_ex.o ABSOLUTE
    stm32f4xx_hal_uart.c                     0x00000000   Number         0  stm32f4xx_hal_uart.o ABSOLUTE
    stm32f4xx_it.c                           0x00000000   Number         0  stm32f4xx_it.o ABSOLUTE
    system_stm32f4xx.c                       0x00000000   Number         0  system_stm32f4xx.o ABSOLUTE
    RESET                                    0x08000000   Section      392  startup_stm32f407xx.o(RESET)
    .ARM.Collect$$$$00000000                 0x08000188   Section        0  entry.o(.ARM.Collect$$$$00000000)
    .ARM.Collect$$$$00000001                 0x08000188   Section        4  entry2.o(.ARM.Collect$$$$00000001)
    .ARM.Collect$$$$00000004                 0x0800018c   Section        4  entry5.o(.ARM.Collect$$$$00000004)
    .ARM.Collect$$$$00000008                 0x08000190   Section        0  entry7b.o(.ARM.Collect$$$$00000008)
    .ARM.Collect$$$$0000000A                 0x08000190   Section        0  entry8b.o(.ARM.Collect$$$$0000000A)
    .ARM.Collect$$$$0000000B                 0x08000190   Section        8  entry9a.o(.ARM.Collect$$$$0000000B)
    __lit__00000000                          0x08000198   Data           4  entry2.o(.ARM.Collect$$$$00002712)
    .ARM.Collect$$$$0000000D                 0x08000198   Section        0  entry10a.o(.ARM.Collect$$$$0000000D)
    .ARM.Collect$$$$0000000F                 0x08000198   Section        0  entry11a.o(.ARM.Collect$$$$0000000F)
    .ARM.Collect$$$$00002712                 0x08000198   Section        4  entry2.o(.ARM.Collect$$$$00002712)
    $v0                                      0x0800019c   Number         0  startup_stm32f407xx.o(.text)
    .text                                    0x0800019c   Section       36  startup_stm32f407xx.o(.text)
    .text                                    0x080001c0   Section        0  uldiv.o(.text)
    .text                                    0x08000222   Section        0  memcpya.o(.text)
    .text                                    0x08000246   Section        0  memseta.o(.text)
    .text                                    0x0800026a   Section        0  strlen.o(.text)
    .text                                    0x08000278   Section        0  llshl.o(.text)
    .text                                    0x08000296   Section        0  llushr.o(.text)
    .text                                    0x080002b8   Section       36  init.o(.text)
    [Anonymous Symbol]                       0x080002dc   Section        0  stm32f4xx_it.o(.text.BusFault_Handler)
    [Anonymous Symbol]                       0x080002e0   Section        0  stm32f4xx_it.o(.text.DebugMon_Handler)
    [Anonymous Symbol]                       0x080002e4   Section        0  stm32f4xx_it.o(.text.EXTI3_IRQHandler)
    [Anonymous Symbol]                       0x080002f0   Section        0  stm32f4xx_it.o(.text.EXTI4_IRQHandler)
    [Anonymous Symbol]                       0x080002fc   Section        0  main.o(.text.Error_Handler)
    [Anonymous Symbol]                       0x08000308   Section        0  stm32f4xx_hal_dma.o(.text.HAL_DMA_Abort)
    [Anonymous Symbol]                       0x08000394   Section        0  stm32f4xx_hal_dma.o(.text.HAL_DMA_Abort_IT)
    [Anonymous Symbol]                       0x080003b8   Section        0  stm32f4xx_hal.o(.text.HAL_Delay)
    [Anonymous Symbol]                       0x080003e0   Section        0  main.o(.text.HAL_GPIO_EXTI_Callback)
    [Anonymous Symbol]                       0x080003fc   Section        0  stm32f4xx_hal_gpio.o(.text.HAL_GPIO_EXTI_IRQHandler)
    [Anonymous Symbol]                       0x08000418   Section        0  stm32f4xx_hal_gpio.o(.text.HAL_GPIO_Init)
    [Anonymous Symbol]                       0x080005b0   Section        0  stm32f4xx_hal_gpio.o(.text.HAL_GPIO_WritePin)
    [Anonymous Symbol]                       0x080005bc   Section        0  stm32f4xx_hal.o(.text.HAL_GetTick)
    [Anonymous Symbol]                       0x080005c8   Section        0  stm32f4xx_hal.o(.text.HAL_IncTick)
    [Anonymous Symbol]                       0x080005e4   Section        0  stm32f4xx_hal.o(.text.HAL_Init)
    [Anonymous Symbol]                       0x0800061c   Section        0  stm32f4xx_hal.o(.text.HAL_InitTick)
    [Anonymous Symbol]                       0x0800066c   Section        0  stm32f4xx_hal_msp.o(.text.HAL_MspInit)
    [Anonymous Symbol]                       0x080006a4   Section        0  stm32f4xx_hal_cortex.o(.text.HAL_NVIC_EnableIRQ)
    [Anonymous Symbol]                       0x080006ac   Section        0  stm32f4xx_hal_cortex.o(.text.HAL_NVIC_SetPriority)
    [Anonymous Symbol]                       0x080006cc   Section        0  stm32f4xx_hal_cortex.o(.text.HAL_NVIC_SetPriorityGrouping)
    [Anonymous Symbol]                       0x080006d4   Section        0  stm32f4xx_hal_rcc.o(.text.HAL_RCC_ClockConfig)
    [Anonymous Symbol]                       0x08000834   Section        0  stm32f4xx_hal_rcc.o(.text.HAL_RCC_GetHCLKFreq)
    [Anonymous Symbol]                       0x08000840   Section        0  stm32f4xx_hal_rcc.o(.text.HAL_RCC_GetPCLK1Freq)
    [Anonymous Symbol]                       0x08000864   Section        0  stm32f4xx_hal_rcc.o(.text.HAL_RCC_GetPCLK2Freq)
    [Anonymous Symbol]                       0x08000888   Section        0  stm32f4xx_hal_rcc.o(.text.HAL_RCC_GetSysClockFreq)
    [Anonymous Symbol]                       0x080008f4   Section        0  stm32f4xx_hal_rcc.o(.text.HAL_RCC_OscConfig)
    [Anonymous Symbol]                       0x08000c3c   Section        0  stm32f4xx_hal_spi.o(.text.HAL_SPI_Init)
    [Anonymous Symbol]                       0x08000cf0   Section        0  stm32f4xx_hal_msp.o(.text.HAL_SPI_MspInit)
    [Anonymous Symbol]                       0x08000e50   Section        0  stm32f4xx_hal_spi.o(.text.HAL_SPI_Receive)
    [Anonymous Symbol]                       0x08000fa0   Section        0  stm32f4xx_hal_spi.o(.text.HAL_SPI_Transmit)
    [Anonymous Symbol]                       0x0800111c   Section        0  stm32f4xx_hal_spi.o(.text.HAL_SPI_TransmitReceive)
    [Anonymous Symbol]                       0x08001300   Section        0  stm32f4xx_hal_cortex.o(.text.HAL_SYSTICK_Config)
    [Anonymous Symbol]                       0x08001308   Section        0  stm32f4xx_hal_uart.o(.text.HAL_UARTEx_RxEventCallback)
    [Anonymous Symbol]                       0x0800130c   Section        0  stm32f4xx_hal_uart.o(.text.HAL_UART_ErrorCallback)
    [Anonymous Symbol]                       0x08001310   Section        0  stm32f4xx_hal_uart.o(.text.HAL_UART_IRQHandler)
    [Anonymous Symbol]                       0x080014e4   Section        0  stm32f4xx_hal_uart.o(.text.HAL_UART_Init)
    [Anonymous Symbol]                       0x08001544   Section        0  stm32f4xx_hal_msp.o(.text.HAL_UART_MspInit)
    [Anonymous Symbol]                       0x080015c8   Section        0  stm32f4xx_hal_uart.o(.text.HAL_UART_RxCpltCallback)
    [Anonymous Symbol]                       0x080015cc   Section        0  stm32f4xx_hal_uart.o(.text.HAL_UART_Transmit)
    [Anonymous Symbol]                       0x08001698   Section        0  stm32f4xx_hal_uart.o(.text.HAL_UART_TxCpltCallback)
    [Anonymous Symbol]                       0x0800169c   Section        0  stm32f4xx_it.o(.text.HardFault_Handler)
    MX_GPIO_Init                             0x080016a1   Thumb Code   240  main.o(.text.MX_GPIO_Init)
    [Anonymous Symbol]                       0x080016a0   Section        0  main.o(.text.MX_GPIO_Init)
    MX_SPI1_Init                             0x08001791   Thumb Code    72  main.o(.text.MX_SPI1_Init)
    [Anonymous Symbol]                       0x08001790   Section        0  main.o(.text.MX_SPI1_Init)
    MX_SPI2_Init                             0x080017d9   Thumb Code    72  main.o(.text.MX_SPI2_Init)
    [Anonymous Symbol]                       0x080017d8   Section        0  main.o(.text.MX_SPI2_Init)
    MX_SPI3_Init                             0x08001821   Thumb Code    72  main.o(.text.MX_SPI3_Init)
    [Anonymous Symbol]                       0x08001820   Section        0  main.o(.text.MX_SPI3_Init)
    MX_USART2_UART_Init                      0x08001869   Thumb Code    56  main.o(.text.MX_USART2_UART_Init)
    [Anonymous Symbol]                       0x08001868   Section        0  main.o(.text.MX_USART2_UART_Init)
    [Anonymous Symbol]                       0x080018a0   Section        0  stm32f4xx_it.o(.text.MemManage_Handler)
    [Anonymous Symbol]                       0x080018a4   Section        0  stm32f4xx_it.o(.text.NMI_Handler)
    [Anonymous Symbol]                       0x080018a8   Section        0  my_nrf24.o(.text.NRF24_ACTIVATE_cmd)
    [Anonymous Symbol]                       0x080018d8   Section        0  my_nrf24.o(.text.NRF24_available)
    [Anonymous Symbol]                       0x080018e4   Section        0  my_nrf24.o(.text.NRF24_availablePipe)
    [Anonymous Symbol]                       0x0800191c   Section        0  my_nrf24.o(.text.NRF24_begin)
    [Anonymous Symbol]                       0x08001aa8   Section        0  my_nrf24.o(.text.NRF24_ce)
    [Anonymous Symbol]                       0x08001acc   Section        0  my_nrf24.o(.text.NRF24_csn)
    [Anonymous Symbol]                       0x08001af0   Section        0  my_nrf24.o(.text.NRF24_disableDynamicPayloads)
    [Anonymous Symbol]                       0x08001b0c   Section        0  my_nrf24.o(.text.NRF24_flush_rx)
    [Anonymous Symbol]                       0x08001b18   Section        0  my_nrf24.o(.text.NRF24_flush_tx)
    [Anonymous Symbol]                       0x08001b24   Section        0  my_nrf24.o(.text.NRF24_getDynamicPayloadSize)
    [Anonymous Symbol]                       0x08001b30   Section        0  my_nrf24.o(.text.NRF24_get_status)
    [Anonymous Symbol]                       0x08001b3c   Section        0  my_nrf24.o(.text.NRF24_openWritingPipe)
    [Anonymous Symbol]                       0x08001b74   Section        0  my_nrf24.o(.text.NRF24_powerDown)
    [Anonymous Symbol]                       0x08001b88   Section        0  my_nrf24.o(.text.NRF24_read_register)
    [Anonymous Symbol]                       0x08001bd0   Section        0  my_nrf24.o(.text.NRF24_read_registerN)
    [Anonymous Symbol]                       0x08001c14   Section        0  my_nrf24.o(.text.NRF24_resetStatus)
    [Anonymous Symbol]                       0x08001c20   Section        0  my_nrf24.o(.text.NRF24_setAutoAck)
    [Anonymous Symbol]                       0x08001c34   Section        0  my_nrf24.o(.text.NRF24_setCRCLength)
    [Anonymous Symbol]                       0x08001c58   Section        0  my_nrf24.o(.text.NRF24_setChannel)
    [Anonymous Symbol]                       0x08001c6c   Section        0  my_nrf24.o(.text.NRF24_setDataRate)
    [Anonymous Symbol]                       0x08001ca4   Section        0  my_nrf24.o(.text.NRF24_setPALevel)
    [Anonymous Symbol]                       0x08001ce0   Section        0  my_nrf24.o(.text.NRF24_setPayloadSize)
    [Anonymous Symbol]                       0x08001cf4   Section        0  my_nrf24.o(.text.NRF24_setRetries)
    [Anonymous Symbol]                       0x08001d08   Section        0  my_nrf24.o(.text.NRF24_startWrite)
    [Anonymous Symbol]                       0x08001d44   Section        0  my_nrf24.o(.text.NRF24_stopListening)
    [Anonymous Symbol]                       0x08001d58   Section        0  my_nrf24.o(.text.NRF24_whatHappened)
    [Anonymous Symbol]                       0x08001d8c   Section        0  my_nrf24.o(.text.NRF24_write)
    [Anonymous Symbol]                       0x08001e0c   Section        0  my_nrf24.o(.text.NRF24_write_payload)
    [Anonymous Symbol]                       0x08001e4c   Section        0  my_nrf24.o(.text.NRF24_write_register)
    [Anonymous Symbol]                       0x08001e84   Section        0  my_nrf24.o(.text.NRF24_write_registerN)
    NVIC_EncodePriority                      0x08001ec9   Thumb Code    44  stm32f4xx_hal_cortex.o(.text.NVIC_EncodePriority)
    [Anonymous Symbol]                       0x08001ec8   Section        0  stm32f4xx_hal_cortex.o(.text.NVIC_EncodePriority)
    [Anonymous Symbol]                       0x08001ef4   Section        0  stm32f4xx_it.o(.text.PendSV_Handler)
    SPI_EndRxTransaction                     0x08001ef9   Thumb Code   112  stm32f4xx_hal_spi.o(.text.SPI_EndRxTransaction)
    [Anonymous Symbol]                       0x08001ef8   Section        0  stm32f4xx_hal_spi.o(.text.SPI_EndRxTransaction)
    SPI_EndRxTxTransaction                   0x08001f69   Thumb Code   100  stm32f4xx_hal_spi.o(.text.SPI_EndRxTxTransaction)
    [Anonymous Symbol]                       0x08001f68   Section        0  stm32f4xx_hal_spi.o(.text.SPI_EndRxTxTransaction)
    SPI_WaitFlagStateUntilTimeout            0x08001fcd   Thumb Code   206  stm32f4xx_hal_spi.o(.text.SPI_WaitFlagStateUntilTimeout)
    [Anonymous Symbol]                       0x08001fcc   Section        0  stm32f4xx_hal_spi.o(.text.SPI_WaitFlagStateUntilTimeout)
    [Anonymous Symbol]                       0x0800209c   Section        0  stm32f4xx_it.o(.text.SVC_Handler)
    SysTick_Config                           0x080020a1   Thumb Code    46  stm32f4xx_hal_cortex.o(.text.SysTick_Config)
    [Anonymous Symbol]                       0x080020a0   Section        0  stm32f4xx_hal_cortex.o(.text.SysTick_Config)
    [Anonymous Symbol]                       0x080020d0   Section        0  stm32f4xx_it.o(.text.SysTick_Handler)
    [Anonymous Symbol]                       0x080020d8   Section        0  main.o(.text.SystemClock_Config)
    [Anonymous Symbol]                       0x08002178   Section        0  system_stm32f4xx.o(.text.SystemInit)
    UART_DMAAbortOnError                     0x0800218d   Thumb Code    16  stm32f4xx_hal_uart.o(.text.UART_DMAAbortOnError)
    [Anonymous Symbol]                       0x0800218c   Section        0  stm32f4xx_hal_uart.o(.text.UART_DMAAbortOnError)
    UART_EndRxTransfer                       0x0800219d   Thumb Code    44  stm32f4xx_hal_uart.o(.text.UART_EndRxTransfer)
    [Anonymous Symbol]                       0x0800219c   Section        0  stm32f4xx_hal_uart.o(.text.UART_EndRxTransfer)
    UART_EndTransmit_IT                      0x080021c9   Thumb Code    24  stm32f4xx_hal_uart.o(.text.UART_EndTransmit_IT)
    [Anonymous Symbol]                       0x080021c8   Section        0  stm32f4xx_hal_uart.o(.text.UART_EndTransmit_IT)
    UART_Receive_IT                          0x080021e1   Thumb Code   158  stm32f4xx_hal_uart.o(.text.UART_Receive_IT)
    [Anonymous Symbol]                       0x080021e0   Section        0  stm32f4xx_hal_uart.o(.text.UART_Receive_IT)
    UART_SetConfig                           0x08002281   Thumb Code   220  stm32f4xx_hal_uart.o(.text.UART_SetConfig)
    [Anonymous Symbol]                       0x08002280   Section        0  stm32f4xx_hal_uart.o(.text.UART_SetConfig)
    UART_Transmit_IT                         0x0800235d   Thumb Code    82  stm32f4xx_hal_uart.o(.text.UART_Transmit_IT)
    [Anonymous Symbol]                       0x0800235c   Section        0  stm32f4xx_hal_uart.o(.text.UART_Transmit_IT)
    UART_WaitOnFlagUntilTimeout              0x080023b1   Thumb Code   100  stm32f4xx_hal_uart.o(.text.UART_WaitOnFlagUntilTimeout)
    [Anonymous Symbol]                       0x080023b0   Section        0  stm32f4xx_hal_uart.o(.text.UART_WaitOnFlagUntilTimeout)
    [Anonymous Symbol]                       0x08002414   Section        0  stm32f4xx_it.o(.text.USART2_IRQHandler)
    [Anonymous Symbol]                       0x08002424   Section        0  stm32f4xx_it.o(.text.UsageFault_Handler)
    __NVIC_EnableIRQ                         0x08002429   Thumb Code    32  stm32f4xx_hal_cortex.o(.text.__NVIC_EnableIRQ)
    [Anonymous Symbol]                       0x08002428   Section        0  stm32f4xx_hal_cortex.o(.text.__NVIC_EnableIRQ)
    __NVIC_GetPriorityGrouping               0x08002449   Thumb Code    16  stm32f4xx_hal_cortex.o(.text.__NVIC_GetPriorityGrouping)
    [Anonymous Symbol]                       0x08002448   Section        0  stm32f4xx_hal_cortex.o(.text.__NVIC_GetPriorityGrouping)
    __NVIC_SetPriority                       0x08002459   Thumb Code    34  stm32f4xx_hal_cortex.o(.text.__NVIC_SetPriority)
    [Anonymous Symbol]                       0x08002458   Section        0  stm32f4xx_hal_cortex.o(.text.__NVIC_SetPriority)
    __NVIC_SetPriorityGrouping               0x0800247d   Thumb Code    32  stm32f4xx_hal_cortex.o(.text.__NVIC_SetPriorityGrouping)
    [Anonymous Symbol]                       0x0800247c   Section        0  stm32f4xx_hal_cortex.o(.text.__NVIC_SetPriorityGrouping)
    [Anonymous Symbol]                       0x0800249c   Section        0  main.o(.text.main)
    [Anonymous Symbol]                       0x080025d8   Section        0  my_nrf24.o(.text.nrf24_DebugUART_Init)
    [Anonymous Symbol]                       0x080025fc   Section        0  my_nrf24.o(.text.printRadioSettings)
    i.__0sprintf$8                           0x08002d24   Section        0  printf8.o(i.__0sprintf$8)
    i.__scatterload_copy                     0x08002d4c   Section       14  handlers.o(i.__scatterload_copy)
    i.__scatterload_null                     0x08002d5a   Section        2  handlers.o(i.__scatterload_null)
    i.__scatterload_zeroinit                 0x08002d5c   Section       14  handlers.o(i.__scatterload_zeroinit)
    _printf_core                             0x08002d6d   Thumb Code   996  printf8.o(i._printf_core)
    i._printf_core                           0x08002d6c   Section        0  printf8.o(i._printf_core)
    _printf_post_padding                     0x0800317d   Thumb Code    36  printf8.o(i._printf_post_padding)
    i._printf_post_padding                   0x0800317c   Section        0  printf8.o(i._printf_post_padding)
    _printf_pre_padding                      0x080031a1   Thumb Code    46  printf8.o(i._printf_pre_padding)
    i._printf_pre_padding                    0x080031a0   Section        0  printf8.o(i._printf_pre_padding)
    _sputc                                   0x080031cf   Thumb Code    10  printf8.o(i._sputc)
    i._sputc                                 0x080031ce   Section        0  printf8.o(i._sputc)
    .L.str.14                                0x080031f0   Data          48  my_nrf24.o(.rodata.str1.1)
    [Anonymous Symbol]                       0x080031f0   Section        0  my_nrf24.o(.rodata.str1.1)
    .L.str.15                                0x08003220   Data          48  my_nrf24.o(.rodata.str1.1)
    .L.str.20                                0x08003250   Data          42  my_nrf24.o(.rodata.str1.1)
    .L.str.16                                0x0800327a   Data          40  my_nrf24.o(.rodata.str1.1)
    .L.str.17                                0x080032a2   Data          40  my_nrf24.o(.rodata.str1.1)
    .L.str.18                                0x080032ca   Data          40  my_nrf24.o(.rodata.str1.1)
    .L.str.19                                0x080032f2   Data          40  my_nrf24.o(.rodata.str1.1)
    .L.str.21                                0x0800331a   Data          25  my_nrf24.o(.rodata.str1.1)
    .L.str.22                                0x08003333   Data          25  my_nrf24.o(.rodata.str1.1)
    .L.str.23                                0x0800334c   Data          25  my_nrf24.o(.rodata.str1.1)
    .L.str.4                                 0x08003365   Data          68  my_nrf24.o(.rodata.str1.1)
    .L.str.5                                 0x080033a9   Data          73  my_nrf24.o(.rodata.str1.1)
    .L.str.27                                0x080033f2   Data          74  my_nrf24.o(.rodata.str1.1)
    .L.str.13                                0x0800343c   Data          18  my_nrf24.o(.rodata.str1.4)
    .L.str.33                                0x0800343c   Data          87  my_nrf24.o(.rodata.str1.1)
    [Anonymous Symbol]                       0x0800343c   Section        0  my_nrf24.o(.rodata.str1.4)
    .L.str.11                                0x08003450   Data          20  my_nrf24.o(.rodata.str1.4)
    .L.str.12                                0x08003464   Data          19  my_nrf24.o(.rodata.str1.4)
    .L.str.10                                0x08003478   Data          20  my_nrf24.o(.rodata.str1.4)
    .L.str.28                                0x0800348c   Data          22  my_nrf24.o(.rodata.str1.4)
    .L.str.35                                0x08003493   Data          85  my_nrf24.o(.rodata.str1.1)
    .L.str.30                                0x080034a4   Data          26  my_nrf24.o(.rodata.str1.4)
    .L.str.3                                 0x080034c0   Data          20  my_nrf24.o(.rodata.str1.4)
    .L.str.29                                0x080034d4   Data          23  my_nrf24.o(.rodata.str1.4)
    .L.str.31                                0x080034ec   Data          27  my_nrf24.o(.rodata.str1.4)
    .L.str.2                                 0x08003508   Data          27  my_nrf24.o(.rodata.str1.4)
    .L.str.1                                 0x08003524   Data          28  my_nrf24.o(.rodata.str1.4)
    .L.str.9                                 0x08003540   Data          23  my_nrf24.o(.rodata.str1.4)
    .L.str.8                                 0x08003558   Data          23  my_nrf24.o(.rodata.str1.4)
    .L.str                                   0x08003570   Data          51  my_nrf24.o(.rodata.str1.4)
    .L.str.32                                0x080035a4   Data          30  my_nrf24.o(.rodata.str1.4)
    ack_payload_available                    0x20000018   Data           1  my_nrf24.o(.bss.ack_payload_available)
    [Anonymous Symbol]                       0x20000018   Section        0  my_nrf24.o(.bss.ack_payload_available)
    ack_payload_length                       0x20000019   Data           1  my_nrf24.o(.bss.ack_payload_length)
    [Anonymous Symbol]                       0x20000019   Section        0  my_nrf24.o(.bss.ack_payload_length)
    nrf24_CE_PIN                             0x20000168   Data           2  my_nrf24.o(.bss.nrf24_CE_PIN)
    [Anonymous Symbol]                       0x20000168   Section        0  my_nrf24.o(.bss.nrf24_CE_PIN)
    nrf24_CSN_PIN                            0x2000016a   Data           2  my_nrf24.o(.bss.nrf24_CSN_PIN)
    [Anonymous Symbol]                       0x2000016a   Section        0  my_nrf24.o(.bss.nrf24_CSN_PIN)
    nrf24_PORT                               0x2000016c   Data           4  my_nrf24.o(.bss.nrf24_PORT)
    [Anonymous Symbol]                       0x2000016c   Section        0  my_nrf24.o(.bss.nrf24_PORT)
    nrf24_hspi                               0x20000170   Data          88  my_nrf24.o(.bss.nrf24_hspi)
    [Anonymous Symbol]                       0x20000170   Section        0  my_nrf24.o(.bss.nrf24_hspi)
    nrf24_huart                              0x200001c8   Data          68  my_nrf24.o(.bss.nrf24_huart)
    [Anonymous Symbol]                       0x200001c8   Section        0  my_nrf24.o(.bss.nrf24_huart)
    payload_size                             0x2000020c   Data           1  my_nrf24.o(.bss.payload_size)
    [Anonymous Symbol]                       0x2000020c   Section        0  my_nrf24.o(.bss.payload_size)
    STACK                                    0x20000218   Section     1024  startup_stm32f407xx.o(STACK)

    Global Symbols

    Symbol Name                              Value     Ov Type        Size  Object(Section)

    BuildAttributes$$THM_ISAv4$E$P$D$K$B$S$7EM$VFPi3$EXTD16$VFPS$VFMA$PE$A:L22UL41UL21$X:L11$S22US41US21$IEEE1$IW$~IW$USESV6$~STKCKD$USESV7$~SHL$OTIME$ROPI$EBA8$MICROLIB$REQ8$PRES8$EABIv2 0x00000000   Number         0  anon$$obj.o ABSOLUTE
    _printf_a                                0x00000000   Number         0  printfstubs.o ABSOLUTE
    _printf_c                                0x00000000   Number         0  printfstubs.o ABSOLUTE
    _printf_charcount                        0x00000000   Number         0  printfstubs.o ABSOLUTE
    _printf_d                                0x00000000   Number         0  printfstubs.o ABSOLUTE
    _printf_e                                0x00000000   Number         0  printfstubs.o ABSOLUTE
    _printf_f                                0x00000000   Number         0  printfstubs.o ABSOLUTE
    _printf_flags                            0x00000000   Number         0  printfstubs.o ABSOLUTE
    _printf_fp_dec                           0x00000000   Number         0  printfstubs.o ABSOLUTE
    _printf_fp_hex                           0x00000000   Number         0  printfstubs.o ABSOLUTE
    _printf_g                                0x00000000   Number         0  printfstubs.o ABSOLUTE
    _printf_i                                0x00000000   Number         0  printfstubs.o ABSOLUTE
    _printf_int_dec                          0x00000000   Number         0  printfstubs.o ABSOLUTE
    _printf_l                                0x00000000   Number         0  printfstubs.o ABSOLUTE
    _printf_lc                               0x00000000   Number         0  printfstubs.o ABSOLUTE
    _printf_ll                               0x00000000   Number         0  printfstubs.o ABSOLUTE
    _printf_lld                              0x00000000   Number         0  printfstubs.o ABSOLUTE
    _printf_lli                              0x00000000   Number         0  printfstubs.o ABSOLUTE
    _printf_llo                              0x00000000   Number         0  printfstubs.o ABSOLUTE
    _printf_llu                              0x00000000   Number         0  printfstubs.o ABSOLUTE
    _printf_llx                              0x00000000   Number         0  printfstubs.o ABSOLUTE
    _printf_longlong_dec                     0x00000000   Number         0  printfstubs.o ABSOLUTE
    _printf_longlong_hex                     0x00000000   Number         0  printfstubs.o ABSOLUTE
    _printf_longlong_oct                     0x00000000   Number         0  printfstubs.o ABSOLUTE
    _printf_ls                               0x00000000   Number         0  printfstubs.o ABSOLUTE
    _printf_mbtowc                           0x00000000   Number         0  printfstubs.o ABSOLUTE
    _printf_n                                0x00000000   Number         0  printfstubs.o ABSOLUTE
    _printf_o                                0x00000000   Number         0  printfstubs.o ABSOLUTE
    _printf_p                                0x00000000   Number         0  printfstubs.o ABSOLUTE
    _printf_percent                          0x00000000   Number         0  printfstubs.o ABSOLUTE
    _printf_pre_padding                      0x00000000   Number         0  printfstubs.o ABSOLUTE
    _printf_return_value                     0x00000000   Number         0  printfstubs.o ABSOLUTE
    _printf_s                                0x00000000   Number         0  printfstubs.o ABSOLUTE
    _printf_sizespec                         0x00000000   Number         0  printfstubs.o ABSOLUTE
    _printf_str                              0x00000000   Number         0  printfstubs.o ABSOLUTE
    _printf_truncate_signed                  0x00000000   Number         0  printfstubs.o ABSOLUTE
    _printf_truncate_unsigned                0x00000000   Number         0  printfstubs.o ABSOLUTE
    _printf_u                                0x00000000   Number         0  printfstubs.o ABSOLUTE
    _printf_wc                               0x00000000   Number         0  printfstubs.o ABSOLUTE
    _printf_wctomb                           0x00000000   Number         0  printfstubs.o ABSOLUTE
    _printf_widthprec                        0x00000000   Number         0  printfstubs.o ABSOLUTE
    _printf_x                                0x00000000   Number         0  printfstubs.o ABSOLUTE
    __cpp_initialize__aeabi_                  - Undefined Weak Reference
    __cxa_finalize                            - Undefined Weak Reference
    __decompress                              - Undefined Weak Reference
    _clock_init                               - Undefined Weak Reference
    _microlib_exit                            - Undefined Weak Reference
    __Vectors_Size                           0x00000188   Number         0  startup_stm32f407xx.o ABSOLUTE
    __Vectors                                0x08000000   Data           4  startup_stm32f407xx.o(RESET)
    __Vectors_End                            0x08000188   Data           0  startup_stm32f407xx.o(RESET)
    __main                                   0x08000189   Thumb Code     0  entry.o(.ARM.Collect$$$$00000000)
    _main_stk                                0x08000189   Thumb Code     0  entry2.o(.ARM.Collect$$$$00000001)
    _main_scatterload                        0x0800018d   Thumb Code     0  entry5.o(.ARM.Collect$$$$00000004)
    __main_after_scatterload                 0x08000191   Thumb Code     0  entry5.o(.ARM.Collect$$$$00000004)
    _main_clock                              0x08000191   Thumb Code     0  entry7b.o(.ARM.Collect$$$$00000008)
    _main_cpp_init                           0x08000191   Thumb Code     0  entry8b.o(.ARM.Collect$$$$0000000A)
    _main_init                               0x08000191   Thumb Code     0  entry9a.o(.ARM.Collect$$$$0000000B)
    __rt_final_cpp                           0x08000199   Thumb Code     0  entry10a.o(.ARM.Collect$$$$0000000D)
    __rt_final_exit                          0x08000199   Thumb Code     0  entry11a.o(.ARM.Collect$$$$0000000F)
    Reset_Handler                            0x0800019d   Thumb Code     8  startup_stm32f407xx.o(.text)
    ADC_IRQHandler                           0x080001b7   Thumb Code     0  startup_stm32f407xx.o(.text)
    CAN1_RX0_IRQHandler                      0x080001b7   Thumb Code     0  startup_stm32f407xx.o(.text)
    CAN1_RX1_IRQHandler                      0x080001b7   Thumb Code     0  startup_stm32f407xx.o(.text)
    CAN1_SCE_IRQHandler                      0x080001b7   Thumb Code     0  startup_stm32f407xx.o(.text)
    CAN1_TX_IRQHandler                       0x080001b7   Thumb Code     0  startup_stm32f407xx.o(.text)
    CAN2_RX0_IRQHandler                      0x080001b7   Thumb Code     0  startup_stm32f407xx.o(.text)
    CAN2_RX1_IRQHandler                      0x080001b7   Thumb Code     0  startup_stm32f407xx.o(.text)
    CAN2_SCE_IRQHandler                      0x080001b7   Thumb Code     0  startup_stm32f407xx.o(.text)
    CAN2_TX_IRQHandler                       0x080001b7   Thumb Code     0  startup_stm32f407xx.o(.text)
    DCMI_IRQHandler                          0x080001b7   Thumb Code     0  startup_stm32f407xx.o(.text)
    DMA1_Stream0_IRQHandler                  0x080001b7   Thumb Code     0  startup_stm32f407xx.o(.text)
    DMA1_Stream1_IRQHandler                  0x080001b7   Thumb Code     0  startup_stm32f407xx.o(.text)
    DMA1_Stream2_IRQHandler                  0x080001b7   Thumb Code     0  startup_stm32f407xx.o(.text)
    DMA1_Stream3_IRQHandler                  0x080001b7   Thumb Code     0  startup_stm32f407xx.o(.text)
    DMA1_Stream4_IRQHandler                  0x080001b7   Thumb Code     0  startup_stm32f407xx.o(.text)
    DMA1_Stream5_IRQHandler                  0x080001b7   Thumb Code     0  startup_stm32f407xx.o(.text)
    DMA1_Stream6_IRQHandler                  0x080001b7   Thumb Code     0  startup_stm32f407xx.o(.text)
    DMA1_Stream7_IRQHandler                  0x080001b7   Thumb Code     0  startup_stm32f407xx.o(.text)
    DMA2_Stream0_IRQHandler                  0x080001b7   Thumb Code     0  startup_stm32f407xx.o(.text)
    DMA2_Stream1_IRQHandler                  0x080001b7   Thumb Code     0  startup_stm32f407xx.o(.text)
    DMA2_Stream2_IRQHandler                  0x080001b7   Thumb Code     0  startup_stm32f407xx.o(.text)
    DMA2_Stream3_IRQHandler                  0x080001b7   Thumb Code     0  startup_stm32f407xx.o(.text)
    DMA2_Stream4_IRQHandler                  0x080001b7   Thumb Code     0  startup_stm32f407xx.o(.text)
    DMA2_Stream5_IRQHandler                  0x080001b7   Thumb Code     0  startup_stm32f407xx.o(.text)
    DMA2_Stream6_IRQHandler                  0x080001b7   Thumb Code     0  startup_stm32f407xx.o(.text)
    DMA2_Stream7_IRQHandler                  0x080001b7   Thumb Code     0  startup_stm32f407xx.o(.text)
    ETH_IRQHandler                           0x080001b7   Thumb Code     0  startup_stm32f407xx.o(.text)
    ETH_WKUP_IRQHandler                      0x080001b7   Thumb Code     0  startup_stm32f407xx.o(.text)
    EXTI0_IRQHandler                         0x080001b7   Thumb Code     0  startup_stm32f407xx.o(.text)
    EXTI15_10_IRQHandler                     0x080001b7   Thumb Code     0  startup_stm32f407xx.o(.text)
    EXTI1_IRQHandler                         0x080001b7   Thumb Code     0  startup_stm32f407xx.o(.text)
    EXTI2_IRQHandler                         0x080001b7   Thumb Code     0  startup_stm32f407xx.o(.text)
    EXTI9_5_IRQHandler                       0x080001b7   Thumb Code     0  startup_stm32f407xx.o(.text)
    FLASH_IRQHandler                         0x080001b7   Thumb Code     0  startup_stm32f407xx.o(.text)
    FMC_IRQHandler                           0x080001b7   Thumb Code     0  startup_stm32f407xx.o(.text)
    FPU_IRQHandler                           0x080001b7   Thumb Code     0  startup_stm32f407xx.o(.text)
    HASH_RNG_IRQHandler                      0x080001b7   Thumb Code     0  startup_stm32f407xx.o(.text)
    I2C1_ER_IRQHandler                       0x080001b7   Thumb Code     0  startup_stm32f407xx.o(.text)
    I2C1_EV_IRQHandler                       0x080001b7   Thumb Code     0  startup_stm32f407xx.o(.text)
    I2C2_ER_IRQHandler                       0x080001b7   Thumb Code     0  startup_stm32f407xx.o(.text)
    I2C2_EV_IRQHandler                       0x080001b7   Thumb Code     0  startup_stm32f407xx.o(.text)
    I2C3_ER_IRQHandler                       0x080001b7   Thumb Code     0  startup_stm32f407xx.o(.text)
    I2C3_EV_IRQHandler                       0x080001b7   Thumb Code     0  startup_stm32f407xx.o(.text)
    OTG_FS_IRQHandler                        0x080001b7   Thumb Code     0  startup_stm32f407xx.o(.text)
    OTG_FS_WKUP_IRQHandler                   0x080001b7   Thumb Code     0  startup_stm32f407xx.o(.text)
    OTG_HS_EP1_IN_IRQHandler                 0x080001b7   Thumb Code     0  startup_stm32f407xx.o(.text)
    OTG_HS_EP1_OUT_IRQHandler                0x080001b7   Thumb Code     0  startup_stm32f407xx.o(.text)
    OTG_HS_IRQHandler                        0x080001b7   Thumb Code     0  startup_stm32f407xx.o(.text)
    OTG_HS_WKUP_IRQHandler                   0x080001b7   Thumb Code     0  startup_stm32f407xx.o(.text)
    PVD_IRQHandler                           0x080001b7   Thumb Code     0  startup_stm32f407xx.o(.text)
    RCC_IRQHandler                           0x080001b7   Thumb Code     0  startup_stm32f407xx.o(.text)
    RTC_Alarm_IRQHandler                     0x080001b7   Thumb Code     0  startup_stm32f407xx.o(.text)
    RTC_WKUP_IRQHandler                      0x080001b7   Thumb Code     0  startup_stm32f407xx.o(.text)
    SDIO_IRQHandler                          0x080001b7   Thumb Code     0  startup_stm32f407xx.o(.text)
    SPI1_IRQHandler                          0x080001b7   Thumb Code     0  startup_stm32f407xx.o(.text)
    SPI2_IRQHandler                          0x080001b7   Thumb Code     0  startup_stm32f407xx.o(.text)
    SPI3_IRQHandler                          0x080001b7   Thumb Code     0  startup_stm32f407xx.o(.text)
    TAMP_STAMP_IRQHandler                    0x080001b7   Thumb Code     0  startup_stm32f407xx.o(.text)
    TIM1_BRK_TIM9_IRQHandler                 0x080001b7   Thumb Code     0  startup_stm32f407xx.o(.text)
    TIM1_CC_IRQHandler                       0x080001b7   Thumb Code     0  startup_stm32f407xx.o(.text)
    TIM1_TRG_COM_TIM11_IRQHandler            0x080001b7   Thumb Code     0  startup_stm32f407xx.o(.text)
    TIM1_UP_TIM10_IRQHandler                 0x080001b7   Thumb Code     0  startup_stm32f407xx.o(.text)
    TIM2_IRQHandler                          0x080001b7   Thumb Code     0  startup_stm32f407xx.o(.text)
    TIM3_IRQHandler                          0x080001b7   Thumb Code     0  startup_stm32f407xx.o(.text)
    TIM4_IRQHandler                          0x080001b7   Thumb Code     0  startup_stm32f407xx.o(.text)
    TIM5_IRQHandler                          0x080001b7   Thumb Code     0  startup_stm32f407xx.o(.text)
    TIM6_DAC_IRQHandler                      0x080001b7   Thumb Code     0  startup_stm32f407xx.o(.text)
    TIM7_IRQHandler                          0x080001b7   Thumb Code     0  startup_stm32f407xx.o(.text)
    TIM8_BRK_TIM12_IRQHandler                0x080001b7   Thumb Code     0  startup_stm32f407xx.o(.text)
    TIM8_CC_IRQHandler                       0x080001b7   Thumb Code     0  startup_stm32f407xx.o(.text)
    TIM8_TRG_COM_TIM14_IRQHandler            0x080001b7   Thumb Code     0  startup_stm32f407xx.o(.text)
    TIM8_UP_TIM13_IRQHandler                 0x080001b7   Thumb Code     0  startup_stm32f407xx.o(.text)
    UART4_IRQHandler                         0x080001b7   Thumb Code     0  startup_stm32f407xx.o(.text)
    UART5_IRQHandler                         0x080001b7   Thumb Code     0  startup_stm32f407xx.o(.text)
    USART1_IRQHandler                        0x080001b7   Thumb Code     0  startup_stm32f407xx.o(.text)
    USART3_IRQHandler                        0x080001b7   Thumb Code     0  startup_stm32f407xx.o(.text)
    USART6_IRQHandler                        0x080001b7   Thumb Code     0  startup_stm32f407xx.o(.text)
    WWDG_IRQHandler                          0x080001b7   Thumb Code     0  startup_stm32f407xx.o(.text)
    __aeabi_uldivmod                         0x080001c1   Thumb Code    98  uldiv.o(.text)
    __aeabi_memcpy                           0x08000223   Thumb Code    36  memcpya.o(.text)
    __aeabi_memcpy4                          0x08000223   Thumb Code     0  memcpya.o(.text)
    __aeabi_memcpy8                          0x08000223   Thumb Code     0  memcpya.o(.text)
    __aeabi_memset                           0x08000247   Thumb Code    14  memseta.o(.text)
    __aeabi_memset4                          0x08000247   Thumb Code     0  memseta.o(.text)
    __aeabi_memset8                          0x08000247   Thumb Code     0  memseta.o(.text)
    __aeabi_memclr                           0x08000255   Thumb Code     4  memseta.o(.text)
    __aeabi_memclr4                          0x08000255   Thumb Code     0  memseta.o(.text)
    __aeabi_memclr8                          0x08000255   Thumb Code     0  memseta.o(.text)
    _memset$wrapper                          0x08000259   Thumb Code    18  memseta.o(.text)
    strlen                                   0x0800026b   Thumb Code    14  strlen.o(.text)
    __aeabi_llsl                             0x08000279   Thumb Code    30  llshl.o(.text)
    _ll_shift_l                              0x08000279   Thumb Code     0  llshl.o(.text)
    __aeabi_llsr                             0x08000297   Thumb Code    32  llushr.o(.text)
    _ll_ushift_r                             0x08000297   Thumb Code     0  llushr.o(.text)
    __scatterload                            0x080002b9   Thumb Code    28  init.o(.text)
    __scatterload_rt2                        0x080002b9   Thumb Code     0  init.o(.text)
    BusFault_Handler                         0x080002dd   Thumb Code     2  stm32f4xx_it.o(.text.BusFault_Handler)
    DebugMon_Handler                         0x080002e1   Thumb Code     2  stm32f4xx_it.o(.text.DebugMon_Handler)
    EXTI3_IRQHandler                         0x080002e5   Thumb Code    10  stm32f4xx_it.o(.text.EXTI3_IRQHandler)
    EXTI4_IRQHandler                         0x080002f1   Thumb Code    10  stm32f4xx_it.o(.text.EXTI4_IRQHandler)
    Error_Handler                            0x080002fd   Thumb Code    10  main.o(.text.Error_Handler)
    HAL_DMA_Abort                            0x08000309   Thumb Code   138  stm32f4xx_hal_dma.o(.text.HAL_DMA_Abort)
    HAL_DMA_Abort_IT                         0x08000395   Thumb Code    36  stm32f4xx_hal_dma.o(.text.HAL_DMA_Abort_IT)
    HAL_Delay                                0x080003b9   Thumb Code    40  stm32f4xx_hal.o(.text.HAL_Delay)
    HAL_GPIO_EXTI_Callback                   0x080003e1   Thumb Code    28  main.o(.text.HAL_GPIO_EXTI_Callback)
    HAL_GPIO_EXTI_IRQHandler                 0x080003fd   Thumb Code    26  stm32f4xx_hal_gpio.o(.text.HAL_GPIO_EXTI_IRQHandler)
    HAL_GPIO_Init                            0x08000419   Thumb Code   406  stm32f4xx_hal_gpio.o(.text.HAL_GPIO_Init)
    HAL_GPIO_WritePin                        0x080005b1   Thumb Code    10  stm32f4xx_hal_gpio.o(.text.HAL_GPIO_WritePin)
    HAL_GetTick                              0x080005bd   Thumb Code    12  stm32f4xx_hal.o(.text.HAL_GetTick)
    HAL_IncTick                              0x080005c9   Thumb Code    26  stm32f4xx_hal.o(.text.HAL_IncTick)
    HAL_Init                                 0x080005e5   Thumb Code    54  stm32f4xx_hal.o(.text.HAL_Init)
    HAL_InitTick                             0x0800061d   Thumb Code    80  stm32f4xx_hal.o(.text.HAL_InitTick)
    HAL_MspInit                              0x0800066d   Thumb Code    56  stm32f4xx_hal_msp.o(.text.HAL_MspInit)
    HAL_NVIC_EnableIRQ                       0x080006a5   Thumb Code     8  stm32f4xx_hal_cortex.o(.text.HAL_NVIC_EnableIRQ)
    HAL_NVIC_SetPriority                     0x080006ad   Thumb Code    30  stm32f4xx_hal_cortex.o(.text.HAL_NVIC_SetPriority)
    HAL_NVIC_SetPriorityGrouping             0x080006cd   Thumb Code     8  stm32f4xx_hal_cortex.o(.text.HAL_NVIC_SetPriorityGrouping)
    HAL_RCC_ClockConfig                      0x080006d5   Thumb Code   352  stm32f4xx_hal_rcc.o(.text.HAL_RCC_ClockConfig)
    HAL_RCC_GetHCLKFreq                      0x08000835   Thumb Code    12  stm32f4xx_hal_rcc.o(.text.HAL_RCC_GetHCLKFreq)
    HAL_RCC_GetPCLK1Freq                     0x08000841   Thumb Code    34  stm32f4xx_hal_rcc.o(.text.HAL_RCC_GetPCLK1Freq)
    HAL_RCC_GetPCLK2Freq                     0x08000865   Thumb Code    34  stm32f4xx_hal_rcc.o(.text.HAL_RCC_GetPCLK2Freq)
    HAL_RCC_GetSysClockFreq                  0x08000889   Thumb Code   106  stm32f4xx_hal_rcc.o(.text.HAL_RCC_GetSysClockFreq)
    HAL_RCC_OscConfig                        0x080008f5   Thumb Code   840  stm32f4xx_hal_rcc.o(.text.HAL_RCC_OscConfig)
    HAL_SPI_Init                             0x08000c3d   Thumb Code   180  stm32f4xx_hal_spi.o(.text.HAL_SPI_Init)
    HAL_SPI_MspInit                          0x08000cf1   Thumb Code   352  stm32f4xx_hal_msp.o(.text.HAL_SPI_MspInit)
    HAL_SPI_Receive                          0x08000e51   Thumb Code   334  stm32f4xx_hal_spi.o(.text.HAL_SPI_Receive)
    HAL_SPI_Transmit                         0x08000fa1   Thumb Code   380  stm32f4xx_hal_spi.o(.text.HAL_SPI_Transmit)
    HAL_SPI_TransmitReceive                  0x0800111d   Thumb Code   482  stm32f4xx_hal_spi.o(.text.HAL_SPI_TransmitReceive)
    HAL_SYSTICK_Config                       0x08001301   Thumb Code     8  stm32f4xx_hal_cortex.o(.text.HAL_SYSTICK_Config)
    HAL_UARTEx_RxEventCallback               0x08001309   Thumb Code     2  stm32f4xx_hal_uart.o(.text.HAL_UARTEx_RxEventCallback)
    HAL_UART_ErrorCallback                   0x0800130d   Thumb Code     2  stm32f4xx_hal_uart.o(.text.HAL_UART_ErrorCallback)
    HAL_UART_IRQHandler                      0x08001311   Thumb Code   466  stm32f4xx_hal_uart.o(.text.HAL_UART_IRQHandler)
    HAL_UART_Init                            0x080014e5   Thumb Code    94  stm32f4xx_hal_uart.o(.text.HAL_UART_Init)
    HAL_UART_MspInit                         0x08001545   Thumb Code   130  stm32f4xx_hal_msp.o(.text.HAL_UART_MspInit)
    HAL_UART_RxCpltCallback                  0x080015c9   Thumb Code     2  stm32f4xx_hal_uart.o(.text.HAL_UART_RxCpltCallback)
    HAL_UART_Transmit                        0x080015cd   Thumb Code   204  stm32f4xx_hal_uart.o(.text.HAL_UART_Transmit)
    HAL_UART_TxCpltCallback                  0x08001699   Thumb Code     2  stm32f4xx_hal_uart.o(.text.HAL_UART_TxCpltCallback)
    HardFault_Handler                        0x0800169d   Thumb Code     2  stm32f4xx_it.o(.text.HardFault_Handler)
    MemManage_Handler                        0x080018a1   Thumb Code     2  stm32f4xx_it.o(.text.MemManage_Handler)
    NMI_Handler                              0x080018a5   Thumb Code     2  stm32f4xx_it.o(.text.NMI_Handler)
    NRF24_ACTIVATE_cmd                       0x080018a9   Thumb Code    48  my_nrf24.o(.text.NRF24_ACTIVATE_cmd)
    NRF24_available                          0x080018d9   Thumb Code    10  my_nrf24.o(.text.NRF24_available)
    NRF24_availablePipe                      0x080018e5   Thumb Code    56  my_nrf24.o(.text.NRF24_availablePipe)
    NRF24_begin                              0x0800191d   Thumb Code   396  my_nrf24.o(.text.NRF24_begin)
    NRF24_ce                                 0x08001aa9   Thumb Code    36  my_nrf24.o(.text.NRF24_ce)
    NRF24_csn                                0x08001acd   Thumb Code    36  my_nrf24.o(.text.NRF24_csn)
    NRF24_disableDynamicPayloads             0x08001af1   Thumb Code    28  my_nrf24.o(.text.NRF24_disableDynamicPayloads)
    NRF24_flush_rx                           0x08001b0d   Thumb Code    12  my_nrf24.o(.text.NRF24_flush_rx)
    NRF24_flush_tx                           0x08001b19   Thumb Code    12  my_nrf24.o(.text.NRF24_flush_tx)
    NRF24_getDynamicPayloadSize              0x08001b25   Thumb Code    10  my_nrf24.o(.text.NRF24_getDynamicPayloadSize)
    NRF24_get_status                         0x08001b31   Thumb Code    10  my_nrf24.o(.text.NRF24_get_status)
    NRF24_openWritingPipe                    0x08001b3d   Thumb Code    56  my_nrf24.o(.text.NRF24_openWritingPipe)
    NRF24_powerDown                          0x08001b75   Thumb Code    20  my_nrf24.o(.text.NRF24_powerDown)
    NRF24_read_register                      0x08001b89   Thumb Code    72  my_nrf24.o(.text.NRF24_read_register)
    NRF24_read_registerN                     0x08001bd1   Thumb Code    68  my_nrf24.o(.text.NRF24_read_registerN)
    NRF24_resetStatus                        0x08001c15   Thumb Code    12  my_nrf24.o(.text.NRF24_resetStatus)
    NRF24_setAutoAck                         0x08001c21   Thumb Code    20  my_nrf24.o(.text.NRF24_setAutoAck)
    NRF24_setCRCLength                       0x08001c35   Thumb Code    36  my_nrf24.o(.text.NRF24_setCRCLength)
    NRF24_setChannel                         0x08001c59   Thumb Code    20  my_nrf24.o(.text.NRF24_setChannel)
    NRF24_setDataRate                        0x08001c6d   Thumb Code    56  my_nrf24.o(.text.NRF24_setDataRate)
    NRF24_setPALevel                         0x08001ca5   Thumb Code    58  my_nrf24.o(.text.NRF24_setPALevel)
    NRF24_setPayloadSize                     0x08001ce1   Thumb Code    18  my_nrf24.o(.text.NRF24_setPayloadSize)
    NRF24_setRetries                         0x08001cf5   Thumb Code    20  my_nrf24.o(.text.NRF24_setRetries)
    NRF24_startWrite                         0x08001d09   Thumb Code    58  my_nrf24.o(.text.NRF24_startWrite)
    NRF24_stopListening                      0x08001d45   Thumb Code    18  my_nrf24.o(.text.NRF24_stopListening)
    NRF24_whatHappened                       0x08001d59   Thumb Code    50  my_nrf24.o(.text.NRF24_whatHappened)
    NRF24_write                              0x08001d8d   Thumb Code   126  my_nrf24.o(.text.NRF24_write)
    NRF24_write_payload                      0x08001e0d   Thumb Code    64  my_nrf24.o(.text.NRF24_write_payload)
    NRF24_write_register                     0x08001e4d   Thumb Code    56  my_nrf24.o(.text.NRF24_write_register)
    NRF24_write_registerN                    0x08001e85   Thumb Code    68  my_nrf24.o(.text.NRF24_write_registerN)
    PendSV_Handler                           0x08001ef5   Thumb Code     2  stm32f4xx_it.o(.text.PendSV_Handler)
    SVC_Handler                              0x0800209d   Thumb Code     2  stm32f4xx_it.o(.text.SVC_Handler)
    SysTick_Handler                          0x080020d1   Thumb Code     8  stm32f4xx_it.o(.text.SysTick_Handler)
    SystemClock_Config                       0x080020d9   Thumb Code   160  main.o(.text.SystemClock_Config)
    SystemInit                               0x08002179   Thumb Code    18  system_stm32f4xx.o(.text.SystemInit)
    USART2_IRQHandler                        0x08002415   Thumb Code    16  stm32f4xx_it.o(.text.USART2_IRQHandler)
    UsageFault_Handler                       0x08002425   Thumb Code     2  stm32f4xx_it.o(.text.UsageFault_Handler)
    main                                     0x0800249d   Thumb Code   300  main.o(.text.main)
    nrf24_DebugUART_Init                     0x080025d9   Thumb Code    36  my_nrf24.o(.text.nrf24_DebugUART_Init)
    printRadioSettings                       0x080025fd   Thumb Code  1700  my_nrf24.o(.text.printRadioSettings)
    __0sprintf$8                             0x08002d25   Thumb Code    34  printf8.o(i.__0sprintf$8)
    __1sprintf$8                             0x08002d25   Thumb Code     0  printf8.o(i.__0sprintf$8)
    __2sprintf                               0x08002d25   Thumb Code     0  printf8.o(i.__0sprintf$8)
    __scatterload_copy                       0x08002d4d   Thumb Code    14  handlers.o(i.__scatterload_copy)
    __scatterload_null                       0x08002d5b   Thumb Code     2  handlers.o(i.__scatterload_null)
    __scatterload_zeroinit                   0x08002d5d   Thumb Code    14  handlers.o(i.__scatterload_zeroinit)
    AHBPrescTable                            0x080031d8   Data          16  system_stm32f4xx.o(.rodata.AHBPrescTable)
    APBPrescTable                            0x080031e8   Data           8  system_stm32f4xx.o(.rodata.APBPrescTable)
    Region$$Table$$Base                      0x080035a4   Number         0  anon$$obj.o(Region$$Table)
    Region$$Table$$Limit                     0x080035c4   Number         0  anon$$obj.o(Region$$Table)
    SystemCoreClock                          0x20000000   Data           4  system_stm32f4xx.o(.data.SystemCoreClock)
    TxpipeAddres                             0x20000008   Data           8  main.o(.data.TxpipeAddres)
    uwTickFreq                               0x20000010   Data           1  stm32f4xx_hal.o(.data.uwTickFreq)
    uwTickPrio                               0x20000014   Data           4  stm32f4xx_hal.o(.data.uwTickPrio)
    hspi1                                    0x2000001c   Data          88  main.o(.bss.hspi1)
    hspi2                                    0x20000074   Data          88  main.o(.bss.hspi2)
    hspi3                                    0x200000cc   Data          88  main.o(.bss.hspi3)
    huart2                                   0x20000124   Data          68  main.o(.bss.huart2)
    status                                   0x2000020d   Data           1  main.o(.bss.status)
    uwTick                                   0x20000210   Data           4  stm32f4xx_hal.o(.bss.uwTick)
    __initial_sp                             0x20000618   Data           0  startup_stm32f407xx.o(STACK)



==============================================================================

Memory Map of the image

  Image Entry point : 0x08000189

  Load Region LR_IROM1 (Base: 0x08000000, Size: 0x000035e0, Max: 0x00080000, ABSOLUTE)

    Execution Region ER_IROM1 (Exec base: 0x08000000, Load base: 0x08000000, Size: 0x000035c4, Max: 0x00080000, ABSOLUTE)

    Exec Addr    Load Addr    Size         Type   Attr      Idx    E Section Name        Object

    0x08000000   0x08000000   0x00000188   Data   RO            3    RESET               startup_stm32f407xx.o
    0x08000188   0x08000188   0x00000000   Code   RO          932  * .ARM.Collect$$$$00000000  mc_w.l(entry.o)
    0x08000188   0x08000188   0x00000004   Code   RO         1206    .ARM.Collect$$$$00000001  mc_w.l(entry2.o)
    0x0800018c   0x0800018c   0x00000004   Code   RO         1209    .ARM.Collect$$$$00000004  mc_w.l(entry5.o)
    0x08000190   0x08000190   0x00000000   Code   RO         1211    .ARM.Collect$$$$00000008  mc_w.l(entry7b.o)
    0x08000190   0x08000190   0x00000000   Code   RO         1213    .ARM.Collect$$$$0000000A  mc_w.l(entry8b.o)
    0x08000190   0x08000190   0x00000008   Code   RO         1214    .ARM.Collect$$$$0000000B  mc_w.l(entry9a.o)
    0x08000198   0x08000198   0x00000000   Code   RO         1216    .ARM.Collect$$$$0000000D  mc_w.l(entry10a.o)
    0x08000198   0x08000198   0x00000000   Code   RO         1218    .ARM.Collect$$$$0000000F  mc_w.l(entry11a.o)
    0x08000198   0x08000198   0x00000004   Code   RO         1207    .ARM.Collect$$$$00002712  mc_w.l(entry2.o)
    0x0800019c   0x0800019c   0x00000024   Code   RO            4    .text               startup_stm32f407xx.o
    0x080001c0   0x080001c0   0x00000062   Code   RO          935    .text               mc_w.l(uldiv.o)
    0x08000222   0x08000222   0x00000024   Code   RO          937    .text               mc_w.l(memcpya.o)
    0x08000246   0x08000246   0x00000024   Code   RO          939    .text               mc_w.l(memseta.o)
    0x0800026a   0x0800026a   0x0000000e   Code   RO          941    .text               mc_w.l(strlen.o)
    0x08000278   0x08000278   0x0000001e   Code   RO         1236    .text               mc_w.l(llshl.o)
    0x08000296   0x08000296   0x00000020   Code   RO         1238    .text               mc_w.l(llushr.o)
    0x080002b6   0x080002b6   0x00000002   PAD
    0x080002b8   0x080002b8   0x00000024   Code   RO         1251    .text               mc_w.l(init.o)
    0x080002dc   0x080002dc   0x00000002   Code   RO          182    .text.BusFault_Handler  stm32f4xx_it.o
    0x080002de   0x080002de   0x00000002   PAD
    0x080002e0   0x080002e0   0x00000002   Code   RO          188    .text.DebugMon_Handler  stm32f4xx_it.o
    0x080002e2   0x080002e2   0x00000002   PAD
    0x080002e4   0x080002e4   0x0000000a   Code   RO          194    .text.EXTI3_IRQHandler  stm32f4xx_it.o
    0x080002ee   0x080002ee   0x00000002   PAD
    0x080002f0   0x080002f0   0x0000000a   Code   RO          196    .text.EXTI4_IRQHandler  stm32f4xx_it.o
    0x080002fa   0x080002fa   0x00000002   PAD
    0x080002fc   0x080002fc   0x0000000a   Code   RO          156    .text.Error_Handler  main.o
    0x08000306   0x08000306   0x00000002   PAD
    0x08000308   0x08000308   0x0000008a   Code   RO          537    .text.HAL_DMA_Abort  stm32f4xx_hal_dma.o
    0x08000392   0x08000392   0x00000002   PAD
    0x08000394   0x08000394   0x00000024   Code   RO          539    .text.HAL_DMA_Abort_IT  stm32f4xx_hal_dma.o
    0x080003b8   0x080003b8   0x00000028   Code   RO          715    .text.HAL_Delay     stm32f4xx_hal.o
    0x080003e0   0x080003e0   0x0000001c   Code   RO          154    .text.HAL_GPIO_EXTI_Callback  main.o
    0x080003fc   0x080003fc   0x0000001a   Code   RO          495    .text.HAL_GPIO_EXTI_IRQHandler  stm32f4xx_hal_gpio.o
    0x08000416   0x08000416   0x00000002   PAD
    0x08000418   0x08000418   0x00000196   Code   RO          483    .text.HAL_GPIO_Init  stm32f4xx_hal_gpio.o
    0x080005ae   0x080005ae   0x00000002   PAD
    0x080005b0   0x080005b0   0x0000000a   Code   RO          489    .text.HAL_GPIO_WritePin  stm32f4xx_hal_gpio.o
    0x080005ba   0x080005ba   0x00000002   PAD
    0x080005bc   0x080005bc   0x0000000c   Code   RO          707    .text.HAL_GetTick   stm32f4xx_hal.o
    0x080005c8   0x080005c8   0x0000001a   Code   RO          705    .text.HAL_IncTick   stm32f4xx_hal.o
    0x080005e2   0x080005e2   0x00000002   PAD
    0x080005e4   0x080005e4   0x00000036   Code   RO          695    .text.HAL_Init      stm32f4xx_hal.o
    0x0800061a   0x0800061a   0x00000002   PAD
    0x0800061c   0x0800061c   0x00000050   Code   RO          697    .text.HAL_InitTick  stm32f4xx_hal.o
    0x0800066c   0x0800066c   0x00000038   Code   RO          207    .text.HAL_MspInit   stm32f4xx_hal_msp.o
    0x080006a4   0x080006a4   0x00000008   Code   RO          635    .text.HAL_NVIC_EnableIRQ  stm32f4xx_hal_cortex.o
    0x080006ac   0x080006ac   0x0000001e   Code   RO          627    .text.HAL_NVIC_SetPriority  stm32f4xx_hal_cortex.o
    0x080006ca   0x080006ca   0x00000002   PAD
    0x080006cc   0x080006cc   0x00000008   Code   RO          623    .text.HAL_NVIC_SetPriorityGrouping  stm32f4xx_hal_cortex.o
    0x080006d4   0x080006d4   0x00000160   Code   RO          347    .text.HAL_RCC_ClockConfig  stm32f4xx_hal_rcc.o
    0x08000834   0x08000834   0x0000000c   Code   RO          357    .text.HAL_RCC_GetHCLKFreq  stm32f4xx_hal_rcc.o
    0x08000840   0x08000840   0x00000022   Code   RO          359    .text.HAL_RCC_GetPCLK1Freq  stm32f4xx_hal_rcc.o
    0x08000862   0x08000862   0x00000002   PAD
    0x08000864   0x08000864   0x00000022   Code   RO          361    .text.HAL_RCC_GetPCLK2Freq  stm32f4xx_hal_rcc.o
    0x08000886   0x08000886   0x00000002   PAD
    0x08000888   0x08000888   0x0000006a   Code   RO          349    .text.HAL_RCC_GetSysClockFreq  stm32f4xx_hal_rcc.o
    0x080008f2   0x080008f2   0x00000002   PAD
    0x080008f4   0x080008f4   0x00000348   Code   RO          345    .text.HAL_RCC_OscConfig  stm32f4xx_hal_rcc.o
    0x08000c3c   0x08000c3c   0x000000b4   Code   RO          225    .text.HAL_SPI_Init  stm32f4xx_hal_spi.o
    0x08000cf0   0x08000cf0   0x00000160   Code   RO          209    .text.HAL_SPI_MspInit  stm32f4xx_hal_msp.o
    0x08000e50   0x08000e50   0x0000014e   Code   RO          237    .text.HAL_SPI_Receive  stm32f4xx_hal_spi.o
    0x08000f9e   0x08000f9e   0x00000002   PAD
    0x08000fa0   0x08000fa0   0x0000017c   Code   RO          233    .text.HAL_SPI_Transmit  stm32f4xx_hal_spi.o
    0x0800111c   0x0800111c   0x000001e2   Code   RO          239    .text.HAL_SPI_TransmitReceive  stm32f4xx_hal_spi.o
    0x080012fe   0x080012fe   0x00000002   PAD
    0x08001300   0x08001300   0x00000008   Code   RO          647    .text.HAL_SYSTICK_Config  stm32f4xx_hal_cortex.o
    0x08001308   0x08001308   0x00000002   Code   RO          878    .text.HAL_UARTEx_RxEventCallback  stm32f4xx_hal_uart.o
    0x0800130a   0x0800130a   0x00000002   PAD
    0x0800130c   0x0800130c   0x00000002   Code   RO          876    .text.HAL_UART_ErrorCallback  stm32f4xx_hal_uart.o
    0x0800130e   0x0800130e   0x00000002   PAD
    0x08001310   0x08001310   0x000001d2   Code   RO          870    .text.HAL_UART_IRQHandler  stm32f4xx_hal_uart.o
    0x080014e2   0x080014e2   0x00000002   PAD
    0x080014e4   0x080014e4   0x0000005e   Code   RO          788    .text.HAL_UART_Init  stm32f4xx_hal_uart.o
    0x08001542   0x08001542   0x00000002   PAD
    0x08001544   0x08001544   0x00000082   Code   RO          213    .text.HAL_UART_MspInit  stm32f4xx_hal_msp.o
    0x080015c6   0x080015c6   0x00000002   PAD
    0x080015c8   0x080015c8   0x00000002   Code   RO          888    .text.HAL_UART_RxCpltCallback  stm32f4xx_hal_uart.o
    0x080015ca   0x080015ca   0x00000002   PAD
    0x080015cc   0x080015cc   0x000000cc   Code   RO          804    .text.HAL_UART_Transmit  stm32f4xx_hal_uart.o
    0x08001698   0x08001698   0x00000002   Code   RO          884    .text.HAL_UART_TxCpltCallback  stm32f4xx_hal_uart.o
    0x0800169a   0x0800169a   0x00000002   PAD
    0x0800169c   0x0800169c   0x00000002   Code   RO          178    .text.HardFault_Handler  stm32f4xx_it.o
    0x0800169e   0x0800169e   0x00000002   PAD
    0x080016a0   0x080016a0   0x000000f0   Code   RO          144    .text.MX_GPIO_Init  main.o
    0x08001790   0x08001790   0x00000048   Code   RO          150    .text.MX_SPI1_Init  main.o
    0x080017d8   0x080017d8   0x00000048   Code   RO          152    .text.MX_SPI2_Init  main.o
    0x08001820   0x08001820   0x00000048   Code   RO          146    .text.MX_SPI3_Init  main.o
    0x08001868   0x08001868   0x00000038   Code   RO          148    .text.MX_USART2_UART_Init  main.o
    0x080018a0   0x080018a0   0x00000002   Code   RO          180    .text.MemManage_Handler  stm32f4xx_it.o
    0x080018a2   0x080018a2   0x00000002   PAD
    0x080018a4   0x080018a4   0x00000002   Code   RO          176    .text.NMI_Handler   stm32f4xx_it.o
    0x080018a6   0x080018a6   0x00000002   PAD
    0x080018a8   0x080018a8   0x00000030   Code   RO           39    .text.NRF24_ACTIVATE_cmd  my_nrf24.o
    0x080018d8   0x080018d8   0x0000000a   Code   RO           73    .text.NRF24_available  my_nrf24.o
    0x080018e2   0x080018e2   0x00000002   PAD
    0x080018e4   0x080018e4   0x00000038   Code   RO           75    .text.NRF24_availablePipe  my_nrf24.o
    0x0800191c   0x0800191c   0x0000018c   Code   RO           37    .text.NRF24_begin   my_nrf24.o
    0x08001aa8   0x08001aa8   0x00000024   Code   RO           15    .text.NRF24_ce      my_nrf24.o
    0x08001acc   0x08001acc   0x00000024   Code   RO           13    .text.NRF24_csn     my_nrf24.o
    0x08001af0   0x08001af0   0x0000001c   Code   RO           51    .text.NRF24_disableDynamicPayloads  my_nrf24.o
    0x08001b0c   0x08001b0c   0x0000000c   Code   RO           33    .text.NRF24_flush_rx  my_nrf24.o
    0x08001b18   0x08001b18   0x0000000c   Code   RO           31    .text.NRF24_flush_tx  my_nrf24.o
    0x08001b24   0x08001b24   0x0000000a   Code   RO           71    .text.NRF24_getDynamicPayloadSize  my_nrf24.o
    0x08001b2e   0x08001b2e   0x00000002   PAD
    0x08001b30   0x08001b30   0x0000000a   Code   RO           35    .text.NRF24_get_status  my_nrf24.o
    0x08001b3a   0x08001b3a   0x00000002   PAD
    0x08001b3c   0x08001b3c   0x00000038   Code   RO           79    .text.NRF24_openWritingPipe  my_nrf24.o
    0x08001b74   0x08001b74   0x00000014   Code   RO           59    .text.NRF24_powerDown  my_nrf24.o
    0x08001b88   0x08001b88   0x00000048   Code   RO           17    .text.NRF24_read_register  my_nrf24.o
    0x08001bd0   0x08001bd0   0x00000044   Code   RO           19    .text.NRF24_read_registerN  my_nrf24.o
    0x08001c14   0x08001c14   0x0000000c   Code   RO           55    .text.NRF24_resetStatus  my_nrf24.o
    0x08001c20   0x08001c20   0x00000014   Code   RO           89    .text.NRF24_setAutoAck  my_nrf24.o
    0x08001c34   0x08001c34   0x00000024   Code   RO           49    .text.NRF24_setCRCLength  my_nrf24.o
    0x08001c58   0x08001c58   0x00000014   Code   RO           57    .text.NRF24_setChannel  my_nrf24.o
    0x08001c6c   0x08001c6c   0x00000038   Code   RO           47    .text.NRF24_setDataRate  my_nrf24.o
    0x08001ca4   0x08001ca4   0x0000003a   Code   RO           45    .text.NRF24_setPALevel  my_nrf24.o
    0x08001cde   0x08001cde   0x00000002   PAD
    0x08001ce0   0x08001ce0   0x00000012   Code   RO           53    .text.NRF24_setPayloadSize  my_nrf24.o
    0x08001cf2   0x08001cf2   0x00000002   PAD
    0x08001cf4   0x08001cf4   0x00000014   Code   RO           43    .text.NRF24_setRetries  my_nrf24.o
    0x08001d08   0x08001d08   0x0000003a   Code   RO           67    .text.NRF24_startWrite  my_nrf24.o
    0x08001d42   0x08001d42   0x00000002   PAD
    0x08001d44   0x08001d44   0x00000012   Code   RO           63    .text.NRF24_stopListening  my_nrf24.o
    0x08001d56   0x08001d56   0x00000002   PAD
    0x08001d58   0x08001d58   0x00000032   Code   RO           69    .text.NRF24_whatHappened  my_nrf24.o
    0x08001d8a   0x08001d8a   0x00000002   PAD
    0x08001d8c   0x08001d8c   0x0000007e   Code   RO           65    .text.NRF24_write   my_nrf24.o
    0x08001e0a   0x08001e0a   0x00000002   PAD
    0x08001e0c   0x08001e0c   0x00000040   Code   RO           25    .text.NRF24_write_payload  my_nrf24.o
    0x08001e4c   0x08001e4c   0x00000038   Code   RO           21    .text.NRF24_write_register  my_nrf24.o
    0x08001e84   0x08001e84   0x00000044   Code   RO           23    .text.NRF24_write_registerN  my_nrf24.o
    0x08001ec8   0x08001ec8   0x0000002c   Code   RO          633    .text.NVIC_EncodePriority  stm32f4xx_hal_cortex.o
    0x08001ef4   0x08001ef4   0x00000002   Code   RO          190    .text.PendSV_Handler  stm32f4xx_it.o
    0x08001ef6   0x08001ef6   0x00000002   PAD
    0x08001ef8   0x08001ef8   0x00000070   Code   RO          241    .text.SPI_EndRxTransaction  stm32f4xx_hal_spi.o
    0x08001f68   0x08001f68   0x00000064   Code   RO          235    .text.SPI_EndRxTxTransaction  stm32f4xx_hal_spi.o
    0x08001fcc   0x08001fcc   0x000000ce   Code   RO          333    .text.SPI_WaitFlagStateUntilTimeout  stm32f4xx_hal_spi.o
    0x0800209a   0x0800209a   0x00000002   PAD
    0x0800209c   0x0800209c   0x00000002   Code   RO          186    .text.SVC_Handler   stm32f4xx_it.o
    0x0800209e   0x0800209e   0x00000002   PAD
    0x080020a0   0x080020a0   0x0000002e   Code   RO          649    .text.SysTick_Config  stm32f4xx_hal_cortex.o
    0x080020ce   0x080020ce   0x00000002   PAD
    0x080020d0   0x080020d0   0x00000008   Code   RO          192    .text.SysTick_Handler  stm32f4xx_it.o
    0x080020d8   0x080020d8   0x000000a0   Code   RO          142    .text.SystemClock_Config  main.o
    0x08002178   0x08002178   0x00000012   Code   RO          918    .text.SystemInit    system_stm32f4xx.o
    0x0800218a   0x0800218a   0x00000002   PAD
    0x0800218c   0x0800218c   0x00000010   Code   RO          874    .text.UART_DMAAbortOnError  stm32f4xx_hal_uart.o
    0x0800219c   0x0800219c   0x0000002c   Code   RO          836    .text.UART_EndRxTransfer  stm32f4xx_hal_uart.o
    0x080021c8   0x080021c8   0x00000018   Code   RO          882    .text.UART_EndTransmit_IT  stm32f4xx_hal_uart.o
    0x080021e0   0x080021e0   0x0000009e   Code   RO          872    .text.UART_Receive_IT  stm32f4xx_hal_uart.o
    0x0800227e   0x0800227e   0x00000002   PAD
    0x08002280   0x08002280   0x000000dc   Code   RO          792    .text.UART_SetConfig  stm32f4xx_hal_uart.o
    0x0800235c   0x0800235c   0x00000052   Code   RO          880    .text.UART_Transmit_IT  stm32f4xx_hal_uart.o
    0x080023ae   0x080023ae   0x00000002   PAD
    0x080023b0   0x080023b0   0x00000064   Code   RO          806    .text.UART_WaitOnFlagUntilTimeout  stm32f4xx_hal_uart.o
    0x08002414   0x08002414   0x00000010   Code   RO          198    .text.USART2_IRQHandler  stm32f4xx_it.o
    0x08002424   0x08002424   0x00000002   Code   RO          184    .text.UsageFault_Handler  stm32f4xx_it.o
    0x08002426   0x08002426   0x00000002   PAD
    0x08002428   0x08002428   0x00000020   Code   RO          637    .text.__NVIC_EnableIRQ  stm32f4xx_hal_cortex.o
    0x08002448   0x08002448   0x00000010   Code   RO          629    .text.__NVIC_GetPriorityGrouping  stm32f4xx_hal_cortex.o
    0x08002458   0x08002458   0x00000022   Code   RO          631    .text.__NVIC_SetPriority  stm32f4xx_hal_cortex.o
    0x0800247a   0x0800247a   0x00000002   PAD
    0x0800247c   0x0800247c   0x00000020   Code   RO          625    .text.__NVIC_SetPriorityGrouping  stm32f4xx_hal_cortex.o
    0x0800249c   0x0800249c   0x0000013c   Code   RO          140    .text.main          main.o
    0x080025d8   0x080025d8   0x00000024   Code   RO          117    .text.nrf24_DebugUART_Init  my_nrf24.o
    0x080025fc   0x080025fc   0x00000728   Code   RO           41    .text.printRadioSettings  my_nrf24.o
    0x08002d24   0x08002d24   0x00000028   Code   RO         1154    i.__0sprintf$8      mc_w.l(printf8.o)
    0x08002d4c   0x08002d4c   0x0000000e   Code   RO         1261    i.__scatterload_copy  mc_w.l(handlers.o)
    0x08002d5a   0x08002d5a   0x00000002   Code   RO         1262    i.__scatterload_null  mc_w.l(handlers.o)
    0x08002d5c   0x08002d5c   0x0000000e   Code   RO         1263    i.__scatterload_zeroinit  mc_w.l(handlers.o)
    0x08002d6a   0x08002d6a   0x00000002   PAD
    0x08002d6c   0x08002d6c   0x00000410   Code   RO         1159    i._printf_core      mc_w.l(printf8.o)
    0x0800317c   0x0800317c   0x00000024   Code   RO         1160    i._printf_post_padding  mc_w.l(printf8.o)
    0x080031a0   0x080031a0   0x0000002e   Code   RO         1161    i._printf_pre_padding  mc_w.l(printf8.o)
    0x080031ce   0x080031ce   0x0000000a   Code   RO         1163    i._sputc            mc_w.l(printf8.o)
    0x080031d8   0x080031d8   0x00000010   Data   RO          923    .rodata.AHBPrescTable  system_stm32f4xx.o
    0x080031e8   0x080031e8   0x00000008   Data   RO          924    .rodata.APBPrescTable  system_stm32f4xx.o
    0x080031f0   0x080031f0   0x0000024c   Data   RO          131    .rodata.str1.1      my_nrf24.o
    0x0800343c   0x0800343c   0x00000167   Data   RO          129    .rodata.str1.4      my_nrf24.o
    0x080035a3   0x080035a3   0x00000001   PAD
    0x080035a4   0x080035a4   0x00000020   Data   RO         1260    Region$$Table       anon$$obj.o


    Execution Region RW_IRAM2 (Exec base: 0x10000000, Load base: 0x080035e0, Size: 0x00000000, Max: 0x00010000, ABSOLUTE)

    **** No section assigned to this execution region ****


    Execution Region RW_IRAM1 (Exec base: 0x20000000, Load base: 0x080035c8, Size: 0x00000618, Max: 0x00020000, ABSOLUTE)

    Exec Addr    Load Addr    Size         Type   Attr      Idx    E Section Name        Object

    0x20000000   0x080035c8   0x00000004   Data   RW          922    .data.SystemCoreClock  system_stm32f4xx.o
    0x20000004   0x080035cc   0x00000004   PAD
    0x20000008   0x080035d0   0x00000008   Data   RW          159    .data.TxpipeAddres  main.o
    0x20000010   0x080035d8   0x00000001   Data   RW          750    .data.uwTickFreq    stm32f4xx_hal.o
    0x20000011   0x080035d9   0x00000003   PAD
    0x20000014   0x080035dc   0x00000004   Data   RW          749    .data.uwTickPrio    stm32f4xx_hal.o
    0x20000018        -       0x00000001   Zero   RW          126    .bss.ack_payload_available  my_nrf24.o
    0x20000019        -       0x00000001   Zero   RW          127    .bss.ack_payload_length  my_nrf24.o
    0x2000001a   0x080035e0   0x00000002   PAD
    0x2000001c        -       0x00000058   Zero   RW          163    .bss.hspi1          main.o
    0x20000074        -       0x00000058   Zero   RW          164    .bss.hspi2          main.o
    0x200000cc        -       0x00000058   Zero   RW          161    .bss.hspi3          main.o
    0x20000124        -       0x00000044   Zero   RW          162    .bss.huart2         main.o
    0x20000168        -       0x00000002   Zero   RW          123    .bss.nrf24_CE_PIN   my_nrf24.o
    0x2000016a        -       0x00000002   Zero   RW          122    .bss.nrf24_CSN_PIN  my_nrf24.o
    0x2000016c        -       0x00000004   Zero   RW          121    .bss.nrf24_PORT     my_nrf24.o
    0x20000170        -       0x00000058   Zero   RW          124    .bss.nrf24_hspi     my_nrf24.o
    0x200001c8        -       0x00000044   Zero   RW          130    .bss.nrf24_huart    my_nrf24.o
    0x2000020c        -       0x00000001   Zero   RW          128    .bss.payload_size   my_nrf24.o
    0x2000020d        -       0x00000001   Zero   RW          158    .bss.status         main.o
    0x2000020e   0x080035e0   0x00000002   PAD
    0x20000210        -       0x00000004   Zero   RW          751    .bss.uwTick         stm32f4xx_hal.o
    0x20000214   0x080035e0   0x00000004   PAD
    0x20000218        -       0x00000400   Zero   RW            1    STACK               startup_stm32f407xx.o


==============================================================================

Image component sizes


      Code (inc. data)   RO Data    RW Data    ZI Data      Debug   Object Name

      1026         16          0          8        333       9723   main.o
      3418        136        947          0        167      17328   my_nrf24.o
        36          8        392          0       1024        824   startup_stm32f407xx.o
       212          0          0          5          4       7301   stm32f4xx_hal.o
       258          0          0          0          0      10675   stm32f4xx_hal_cortex.o
       174          0          0          0          0       9237   stm32f4xx_hal_dma.o
       442          0          0          0          0       5173   stm32f4xx_hal_gpio.o
       538          0          0          0          0       8468   stm32f4xx_hal_msp.o
      1378          0          0          0          0       7299   stm32f4xx_hal_rcc.o
      1794          0          0          0          0      21642   stm32f4xx_hal_spi.o
      1416          0          0          0          0      20754   stm32f4xx_hal_uart.o
        60          0          0          0          0       1434   stm32f4xx_it.o
        18          0         24          4          0       2600   system_stm32f4xx.o

    ----------------------------------------------------------------------
     10860        160       1396         24       1536     122458   Object Totals
         0          0         32          0          0          0   (incl. Generated)
        90          0          1          7          8          0   (incl. Padding)

    ----------------------------------------------------------------------

      Code (inc. data)   RO Data    RW Data    ZI Data      Debug   Library Member Name

         0          0          0          0          0          0   entry.o
         0          0          0          0          0          0   entry10a.o
         0          0          0          0          0          0   entry11a.o
         8          4          0          0          0          0   entry2.o
         4          0          0          0          0          0   entry5.o
         0          0          0          0          0          0   entry7b.o
         0          0          0          0          0          0   entry8b.o
         8          4          0          0          0          0   entry9a.o
        30          0          0          0          0          0   handlers.o
        36          8          0          0          0         68   init.o
        30          0          0          0          0         68   llshl.o
        32          0          0          0          0         68   llushr.o
        36          0          0          0          0         68   memcpya.o
        36          0          0          0          0        108   memseta.o
      1172         50          0          0          0        420   printf8.o
        14          0          0          0          0         68   strlen.o
        98          0          0          0          0         92   uldiv.o

    ----------------------------------------------------------------------
      1508         66          0          0          0        960   Library Totals
         4          0          0          0          0          0   (incl. Padding)

    ----------------------------------------------------------------------

      Code (inc. data)   RO Data    RW Data    ZI Data      Debug   Library Name

      1504         66          0          0          0        960   mc_w.l

    ----------------------------------------------------------------------
      1508         66          0          0          0        960   Library Totals

    ----------------------------------------------------------------------

==============================================================================


      Code (inc. data)   RO Data    RW Data    ZI Data      Debug   

     12368        226       1396         24       1536     123030   Grand Totals
     12368        226       1396         24       1536     123030   ELF Image Totals
     12368        226       1396         24          0          0   ROM Totals

==============================================================================

    Total RO  Size (Code + RO Data)                13764 (  13.44kB)
    Total RW  Size (RW Data + ZI Data)              1560 (   1.52kB)
    Total ROM Size (Code + RO Data + RW Data)      13788 (  13.46kB)

==============================================================================

