Component: ARM Compiler 5.06 update 7 (build 960) Tool: armlink [4d3601]

==============================================================================

Section Cross References

    startup_stm32f407xx.o(RESET) refers to startup_stm32f407xx.o(STACK) for __initial_sp
    startup_stm32f407xx.o(RESET) refers to startup_stm32f407xx.o(.text) for Reset_Handler
    startup_stm32f407xx.o(RESET) refers to stm32f4xx_it.o(i.NMI_Handler) for NMI_Handler
    startup_stm32f407xx.o(RESET) refers to stm32f4xx_it.o(i.HardFault_Handler) for HardFault_Handler
    startup_stm32f407xx.o(RESET) refers to stm32f4xx_it.o(i.MemManage_Handler) for MemManage_Handler
    startup_stm32f407xx.o(RESET) refers to stm32f4xx_it.o(i.BusFault_Handler) for BusFault_Handler
    startup_stm32f407xx.o(RESET) refers to stm32f4xx_it.o(i.UsageFault_Handler) for UsageFault_Handler
    startup_stm32f407xx.o(RESET) refers to port.o(.emb_text) for SVC_Handler
    startup_stm32f407xx.o(RESET) refers to stm32f4xx_it.o(i.DebugMon_Handler) for DebugMon_Handler
    startup_stm32f407xx.o(RESET) refers to port.o(i.SysTick_Handler) for SysTick_Handler
    startup_stm32f407xx.o(RESET) refers to stm32f4xx_it.o(i.TIM1_UP_TIM10_IRQHandler) for TIM1_UP_TIM10_IRQHandler
    startup_stm32f407xx.o(RESET) refers to stm32f4xx_it.o(i.USART1_IRQHandler) for USART1_IRQHandler
    startup_stm32f407xx.o(.text) refers to system_stm32f4xx.o(i.SystemInit) for SystemInit
    startup_stm32f407xx.o(.text) refers to entry.o(.ARM.Collect$$$$00000000) for __main
    nrf24.o(i.NRF24_ACTIVATE_cmd) refers to nrf24.o(i.NRF24_csn) for NRF24_csn
    nrf24.o(i.NRF24_ACTIVATE_cmd) refers to stm32f4xx_hal_spi.o(i.HAL_SPI_Transmit) for HAL_SPI_Transmit
    nrf24.o(i.NRF24_ACTIVATE_cmd) refers to nrf24.o(.bss) for nrf24_hspi
    nrf24.o(i.NRF24_DelayMicroSeconds) refers to system_stm32f4xx.o(.data) for SystemCoreClock
    nrf24.o(i.NRF24_GetAckPayloadSize) refers to nrf24.o(.data) for ack_payload_length
    nrf24.o(i.NRF24_available) refers to nrf24.o(i.NRF24_availablePipe) for NRF24_availablePipe
    nrf24.o(i.NRF24_availablePipe) refers to nrf24.o(i.NRF24_get_status) for NRF24_get_status
    nrf24.o(i.NRF24_availablePipe) refers to nrf24.o(i.NRF24_write_register) for NRF24_write_register
    nrf24.o(i.NRF24_begin) refers to memcpya.o(.text) for __aeabi_memcpy4
    nrf24.o(i.NRF24_begin) refers to nrf24.o(i.NRF24_csn) for NRF24_csn
    nrf24.o(i.NRF24_begin) refers to nrf24.o(i.NRF24_ce) for NRF24_ce
    nrf24.o(i.NRF24_begin) refers to stm32f4xx_hal.o(i.HAL_Delay) for HAL_Delay
    nrf24.o(i.NRF24_begin) refers to nrf24.o(i.NRF24_write_register) for NRF24_write_register
    nrf24.o(i.NRF24_begin) refers to nrf24.o(i.NRF24_write_registerN) for NRF24_write_registerN
    nrf24.o(i.NRF24_begin) refers to nrf24.o(i.NRF24_ACTIVATE_cmd) for NRF24_ACTIVATE_cmd
    nrf24.o(i.NRF24_begin) refers to nrf24.o(i.printRadioSettings) for printRadioSettings
    nrf24.o(i.NRF24_begin) refers to nrf24.o(i.NRF24_setRetries) for NRF24_setRetries
    nrf24.o(i.NRF24_begin) refers to nrf24.o(i.NRF24_setPALevel) for NRF24_setPALevel
    nrf24.o(i.NRF24_begin) refers to nrf24.o(i.NRF24_setDataRate) for NRF24_setDataRate
    nrf24.o(i.NRF24_begin) refers to nrf24.o(i.NRF24_setCRCLength) for NRF24_setCRCLength
    nrf24.o(i.NRF24_begin) refers to nrf24.o(i.NRF24_disableDynamicPayloads) for NRF24_disableDynamicPayloads
    nrf24.o(i.NRF24_begin) refers to nrf24.o(i.NRF24_setPayloadSize) for NRF24_setPayloadSize
    nrf24.o(i.NRF24_begin) refers to nrf24.o(i.NRF24_resetStatus) for NRF24_resetStatus
    nrf24.o(i.NRF24_begin) refers to nrf24.o(i.NRF24_setChannel) for NRF24_setChannel
    nrf24.o(i.NRF24_begin) refers to nrf24.o(i.NRF24_flush_tx) for NRF24_flush_tx
    nrf24.o(i.NRF24_begin) refers to nrf24.o(i.NRF24_flush_rx) for NRF24_flush_rx
    nrf24.o(i.NRF24_begin) refers to nrf24.o(i.NRF24_powerDown) for NRF24_powerDown
    nrf24.o(i.NRF24_begin) refers to nrf24.o(.bss) for nrf24_hspi
    nrf24.o(i.NRF24_begin) refers to nrf24.o(.data) for nrf24_PORT
    nrf24.o(i.NRF24_ce) refers to stm32f4xx_hal_gpio.o(i.HAL_GPIO_WritePin) for HAL_GPIO_WritePin
    nrf24.o(i.NRF24_ce) refers to nrf24.o(.data) for nrf24_CE_PIN
    nrf24.o(i.NRF24_csn) refers to stm32f4xx_hal_gpio.o(i.HAL_GPIO_WritePin) for HAL_GPIO_WritePin
    nrf24.o(i.NRF24_csn) refers to nrf24.o(.data) for nrf24_CSN_PIN
    nrf24.o(i.NRF24_disableCRC) refers to nrf24.o(i.NRF24_read_register) for NRF24_read_register
    nrf24.o(i.NRF24_disableCRC) refers to nrf24.o(i.NRF24_write_register) for NRF24_write_register
    nrf24.o(i.NRF24_disableDynamicPayloads) refers to nrf24.o(i.NRF24_read_register) for NRF24_read_register
    nrf24.o(i.NRF24_disableDynamicPayloads) refers to nrf24.o(i.NRF24_write_register) for NRF24_write_register
    nrf24.o(i.NRF24_disableDynamicPayloads) refers to nrf24.o(.data) for dynamic_payloads_enabled
    nrf24.o(i.NRF24_enableAckPayload) refers to nrf24.o(i.NRF24_read_register) for NRF24_read_register
[...]
    ../clib/microlib/init/entry.s            0x00000000   Number         0  entry9b.o ABSOLUTE
    ../clib/microlib/longlong.c              0x00000000   Number         0  llsshr.o ABSOLUTE
    ../clib/microlib/longlong.c              0x00000000   Number         0  llushr.o ABSOLUTE
    ../clib/microlib/longlong.c              0x00000000   Number         0  llshl.o ABSOLUTE
    ../clib/microlib/printf/printf.c         0x00000000   Number         0  printf0.o ABSOLUTE
    ../clib/microlib/printf/printf.c         0x00000000   Number         0  printf7.o ABSOLUTE
    ../clib/microlib/printf/printf.c         0x00000000   Number         0  printf8.o ABSOLUTE
    ../clib/microlib/printf/printf.c         0x00000000   Number         0  printf3.o ABSOLUTE
    ../clib/microlib/printf/printf.c         0x00000000   Number         0  printf2.o ABSOLUTE
    ../clib/microlib/printf/printf.c         0x00000000   Number         0  printf1.o ABSOLUTE
    ../clib/microlib/printf/printf.c         0x00000000   Number         0  printfb.o ABSOLUTE
    ../clib/microlib/printf/printf.c         0x00000000   Number         0  printfa.o ABSOLUTE
    ../clib/microlib/printf/printf.c         0x00000000   Number         0  printf4.o ABSOLUTE
    ../clib/microlib/printf/printf.c         0x00000000   Number         0  printf5.o ABSOLUTE
    ../clib/microlib/printf/printf.c         0x00000000   Number         0  printf6.o ABSOLUTE
    ../clib/microlib/printf/stubs.s          0x00000000   Number         0  stubs.o ABSOLUTE
    ../clib/microlib/stdio/fputc.c           0x00000000   Number         0  fputc.o ABSOLUTE
    ../clib/microlib/stdio/semi.s            0x00000000   Number         0  semi.o ABSOLUTE
    ../clib/microlib/stdio/streams.c         0x00000000   Number         0  stdout.o ABSOLUTE
    ../clib/microlib/string/memcpy.c         0x00000000   Number         0  memcpyb.o ABSOLUTE
    ../clib/microlib/string/memcpy.c         0x00000000   Number         0  memcpya.o ABSOLUTE
    ../clib/microlib/string/memset.c         0x00000000   Number         0  memseta.o ABSOLUTE
    ../clib/microlib/string/memset.c         0x00000000   Number         0  memset.o ABSOLUTE
    ../clib/microlib/string/strlen.c         0x00000000   Number         0  strlen.o ABSOLUTE
    ../clib/microlib/stubs.s                 0x00000000   Number         0  iusefp.o ABSOLUTE
    ../clib/microlib/stubs.s                 0x00000000   Number         0  iusesemip.o ABSOLUTE
    ../fplib/microlib/fpadd.c                0x00000000   Number         0  dadd.o ABSOLUTE
    ../fplib/microlib/fpdiv.c                0x00000000   Number         0  ddiv.o ABSOLUTE
    ../fplib/microlib/fpepilogue.c           0x00000000   Number         0  depilogue.o ABSOLUTE
    ../fplib/microlib/fpfix.c                0x00000000   Number         0  dfixul.o ABSOLUTE
    ../fplib/microlib/fpmul.c                0x00000000   Number         0  dmul.o ABSOLUTE
    ..\Core\Src\freertos.c                   0x00000000   Number         0  freertos.o ABSOLUTE
    ..\Core\Src\main.c                       0x00000000   Number         0  main.o ABSOLUTE
    ..\Core\Src\stm32f4xx_hal_msp.c          0x00000000   Number         0  stm32f4xx_hal_msp.o ABSOLUTE
    ..\Core\Src\stm32f4xx_hal_timebase_tim.c 0x00000000   Number         0  stm32f4xx_hal_timebase_tim.o ABSOLUTE
    ..\Core\Src\stm32f4xx_it.c               0x00000000   Number         0  stm32f4xx_it.o ABSOLUTE
    ..\Core\Src\system_stm32f4xx.c           0x00000000   Number         0  system_stm32f4xx.o ABSOLUTE
    ..\Drivers\STM32F4xx_HAL_Driver\Src\stm32f4xx_hal.c 0x00000000   Number         0  stm32f4xx_hal.o ABSOLUTE
    ..\Drivers\STM32F4xx_HAL_Driver\Src\stm32f4xx_hal_cortex.c 0x00000000   Number         0  stm32f4xx_hal_cortex.o ABSOLUTE
    ..\Drivers\STM32F4xx_HAL_Driver\Src\stm32f4xx_hal_dma.c 0x00000000   Number         0  stm32f4xx_hal_dma.o ABSOLUTE
    ..\Drivers\STM32F4xx_HAL_Driver\Src\stm32f4xx_hal_dma_ex.c 0x00000000   Number         0  stm32f4xx_hal_dma_ex.o ABSOLUTE
    ..\Drivers\STM32F4xx_HAL_Driver\Src\stm32f4xx_hal_exti.c 0x00000000   Number         0  stm32f4xx_hal_exti.o ABSOLUTE
    ..\Drivers\STM32F4xx_HAL_Driver\Src\stm32f4xx_hal_flash.c 0x00000000   Number         0  stm32f4xx_hal_flash.o ABSOLUTE
    ..\Drivers\STM32F4xx_HAL_Driver\Src\stm32f4xx_hal_flash_ex.c 0x00000000   Number         0  stm32f4xx_hal_flash_ex.o ABSOLUTE
    ..\Drivers\STM32F4xx_HAL_Driver\Src\stm32f4xx_hal_flash_ramfunc.c 0x00000000   Number         0  stm32f4xx_hal_flash_ramfunc.o ABSOLUTE
    ..\Drivers\STM32F4xx_HAL_Driver\Src\stm32f4xx_hal_gpio.c 0x00000000   Number         0  stm32f4xx_hal_gpio.o ABSOLUTE
    ..\Drivers\STM32F4xx_HAL_Driver\Src\stm32f4xx_hal_pwr.c 0x00000000   Number         0  stm32f4xx_hal_pwr.o ABSOLUTE
    ..\Drivers\STM32F4xx_HAL_Driver\Src\stm32f4xx_hal_pwr_ex.c 0x00000000   Number         0  stm32f4xx_hal_pwr_ex.o ABSOLUTE
    ..\Drivers\STM32F4xx_HAL_Driver\Src\stm32f4xx_hal_rcc.c 0x00000000   Number         0  stm32f4xx_hal_rcc.o ABSOLUTE
    ..\Drivers\STM32F4xx_HAL_Driver\Src\stm32f4xx_hal_rcc_ex.c 0x00000000   Number         0  stm32f4xx_hal_rcc_ex.o ABSOLUTE
    ..\Drivers\STM32F4xx_HAL_Driver\Src\stm32f4xx_hal_spi.c 0x00000000   Number         0  stm32f4xx_hal_spi.o ABSOLUTE
    ..\Drivers\STM32F4xx_HAL_Driver\Src\stm32f4xx_hal_tim.c 0x00000000   Number         0  stm32f4xx_hal_tim.o ABSOLUTE
    ..\Drivers\STM32F4xx_HAL_Driver\Src\stm32f4xx_hal_tim_ex.c 0x00000000   Number         0  stm32f4xx_hal_tim_ex.o ABSOLUTE
    ..\Drivers\STM32F4xx_HAL_Driver\Src\stm32f4xx_hal_uart.c 0x00000000   Number         0  stm32f4xx_hal_uart.o ABSOLUTE
    ..\Middlewares\Third_Party\FreeRTOS\Source\CMSIS_RTOS\cmsis_os.c 0x00000000   Number         0  cmsis_os.o ABSOLUTE
    ..\Middlewares\Third_Party\FreeRTOS\Source\portable\RVDS\ARM_CM4F\port.c 0x00000000   Number         0  port.o ABSOLUTE
    cdrcmple.s                               0x00000000   Number         0  cdrcmple.o ABSOLUTE
    dc.s                                     0x00000000   Number         0  dc.o ABSOLUTE
    handlers.s                               0x00000000   Number         0  handlers.o ABSOLUTE
    init.s                                   0x00000000   Number         0  init.o ABSOLUTE
    nrf24.c                                  0x00000000   Number         0  nrf24.o ABSOLUTE
    nrf24.c                                  0x00000000   Number         0  nrf24.o ABSOLUTE
    startup_stm32f407xx.s                    0x00000000   Number         0  startup_stm32f407xx.o ABSOLUTE
    RESET                                    0x08000000   Section      392  startup_stm32f407xx.o(RESET)
    .ARM.Collect$$$$00000000                 0x08000188   Section        0  entry.o(.ARM.Collect$$$$00000000)
    .ARM.Collect$$$$00000001                 0x08000188   Section        4  entry2.o(.ARM.Collect$$$$00000001)
    .ARM.Collect$$$$00000004                 0x0800018c   Section        4  entry5.o(.ARM.Collect$$$$00000004)
    .ARM.Collect$$$$00000008                 0x08000190   Section        0  entry7b.o(.ARM.Collect$$$$00000008)
    .ARM.Collect$$$$0000000A                 0x08000190   Section        0  entry8b.o(.ARM.Collect$$$$0000000A)
    .ARM.Collect$$$$0000000B                 0x08000190   Section        8  entry9a.o(.ARM.Collect$$$$0000000B)
    .ARM.Collect$$$$0000000E                 0x08000198   Section        4  entry12b.o(.ARM.Collect$$$$0000000E)
    .ARM.Collect$$$$0000000F                 0x0800019c   Section        0  entry10a.o(.ARM.Collect$$$$0000000F)
    .ARM.Collect$$$$00000011                 0x0800019c   Section        0  entry11a.o(.ARM.Collect$$$$00000011)
    .ARM.Collect$$$$00002712                 0x0800019c   Section        4  entry2.o(.ARM.Collect$$$$00002712)
    __lit__00000000                          0x0800019c   Data           4  entry2.o(.ARM.Collect$$$$00002712)
    .emb_text                                0x080001a0   Section      190  port.o(.emb_text)
    $v0                                      0x080001a0   Number         0  port.o(.emb_text)
    .text                                    0x08000260   Section       36  startup_stm32f407xx.o(.text)
    $v0                                      0x08000260   Number         0  startup_stm32f407xx.o(.text)
    .text                                    0x08000284   Section        0  uldiv.o(.text)
    .text                                    0x080002e6   Section        0  memcpya.o(.text)
    .text                                    0x0800030a   Section        0  memseta.o(.text)
    .text                                    0x0800032e   Section        0  strlen.o(.text)
    .text                                    0x0800033c   Section        0  llshl.o(.text)
    .text                                    0x0800035a   Section        0  llushr.o(.text)
    .text                                    0x0800037c   Section       36  init.o(.text)
    i.BusFault_Handler                       0x080003a0   Section        0  stm32f4xx_it.o(i.BusFault_Handler)
    i.DebugMon_Handler                       0x080003a4   Section        0  stm32f4xx_it.o(i.DebugMon_Handler)
    i.Error_Handler                          0x080003a6   Section        0  main.o(i.Error_Handler)
    i.HAL_DMA_Abort                          0x080003ac   Section        0  stm32f4xx_hal_dma.o(i.HAL_DMA_Abort)
    i.HAL_DMA_Abort_IT                       0x08000456   Section        0  stm32f4xx_hal_dma.o(i.HAL_DMA_Abort_IT)
    i.HAL_Delay                              0x08000480   Section        0  stm32f4xx_hal.o(i.HAL_Delay)
    i.HAL_GPIO_Init                          0x080004a8   Section        0  stm32f4xx_hal_gpio.o(i.HAL_GPIO_Init)
    i.HAL_GPIO_WritePin                      0x080006ac   Section        0  stm32f4xx_hal_gpio.o(i.HAL_GPIO_WritePin)
    i.HAL_GetTick                            0x080006b8   Section        0  stm32f4xx_hal.o(i.HAL_GetTick)
    i.HAL_IncTick                            0x080006c4   Section        0  stm32f4xx_hal.o(i.HAL_IncTick)
    i.HAL_Init                               0x080006dc   Section        0  stm32f4xx_hal.o(i.HAL_Init)
    i.HAL_InitTick                           0x08000718   Section        0  stm32f4xx_hal_timebase_tim.o(i.HAL_InitTick)
    i.HAL_MspInit                            0x080007a4   Section        0  stm32f4xx_hal_msp.o(i.HAL_MspInit)
    i.HAL_NVIC_EnableIRQ                     0x080007f8   Section        0  stm32f4xx_hal_cortex.o(i.HAL_NVIC_EnableIRQ)
    i.HAL_NVIC_SetPriority                   0x08000818   Section        0  stm32f4xx_hal_cortex.o(i.HAL_NVIC_SetPriority)
    i.HAL_NVIC_SetPriorityGrouping           0x08000894   Section        0  stm32f4xx_hal_cortex.o(i.HAL_NVIC_SetPriorityGrouping)
    i.HAL_RCC_ClockConfig                    0x080008bc   Section        0  stm32f4xx_hal_rcc.o(i.HAL_RCC_ClockConfig)
    i.HAL_RCC_GetClockConfig                 0x08000a40   Section        0  stm32f4xx_hal_rcc.o(i.HAL_RCC_GetClockConfig)
    i.HAL_RCC_GetHCLKFreq                    0x08000a84   Section        0  stm32f4xx_hal_rcc.o(i.HAL_RCC_GetHCLKFreq)
    i.HAL_RCC_GetPCLK1Freq                   0x08000a90   Section        0  stm32f4xx_hal_rcc.o(i.HAL_RCC_GetPCLK1Freq)
    i.HAL_RCC_GetPCLK2Freq                   0x08000ab0   Section        0  stm32f4xx_hal_rcc.o(i.HAL_RCC_GetPCLK2Freq)
    i.HAL_RCC_GetSysClockFreq                0x08000ad0   Section        0  stm32f4xx_hal_rcc.o(i.HAL_RCC_GetSysClockFreq)
    i.HAL_RCC_OscConfig                      0x08000b80   Section        0  stm32f4xx_hal_rcc.o(i.HAL_RCC_OscConfig)
    i.HAL_SPI_Init                           0x0800101c   Section        0  stm32f4xx_hal_spi.o(i.HAL_SPI_Init)
    i.HAL_SPI_MspInit                        0x080010e4   Section        0  stm32f4xx_hal_msp.o(i.HAL_SPI_MspInit)
    i.HAL_SPI_Receive                        0x0800116c   Section        0  stm32f4xx_hal_spi.o(i.HAL_SPI_Receive)
    i.HAL_SPI_Transmit                       0x080012dc   Section        0  stm32f4xx_hal_spi.o(i.HAL_SPI_Transmit)
    i.HAL_SPI_TransmitReceive                0x0800148a   Section        0  stm32f4xx_hal_spi.o(i.HAL_SPI_TransmitReceive)
    i.HAL_TIMEx_BreakCallback                0x080016b4   Section        0  stm32f4xx_hal_tim_ex.o(i.HAL_TIMEx_BreakCallback)
    i.HAL_TIMEx_CommutCallback               0x080016b6   Section        0  stm32f4xx_hal_tim_ex.o(i.HAL_TIMEx_CommutCallback)
    i.HAL_TIM_Base_Init                      0x080016b8   Section        0  stm32f4xx_hal_tim.o(i.HAL_TIM_Base_Init)
    i.HAL_TIM_Base_MspInit                   0x0800171e   Section        0  stm32f4xx_hal_tim.o(i.HAL_TIM_Base_MspInit)
    i.HAL_TIM_Base_Start_IT                  0x08001720   Section        0  stm32f4xx_hal_tim.o(i.HAL_TIM_Base_Start_IT)
    i.HAL_TIM_IC_CaptureCallback             0x080017c8   Section        0  stm32f4xx_hal_tim.o(i.HAL_TIM_IC_CaptureCallback)
    i.HAL_TIM_IRQHandler                     0x080017ca   Section        0  stm32f4xx_hal_tim.o(i.HAL_TIM_IRQHandler)
    i.HAL_TIM_OC_DelayElapsedCallback        0x08001960   Section        0  stm32f4xx_hal_tim.o(i.HAL_TIM_OC_DelayElapsedCallback)
    i.HAL_TIM_PWM_PulseFinishedCallback      0x08001962   Section        0  stm32f4xx_hal_tim.o(i.HAL_TIM_PWM_PulseFinishedCallback)
    i.HAL_TIM_PeriodElapsedCallback          0x08001964   Section        0  main.o(i.HAL_TIM_PeriodElapsedCallback)
    i.HAL_TIM_TriggerCallback                0x0800197c   Section        0  stm32f4xx_hal_tim.o(i.HAL_TIM_TriggerCallback)
    i.HAL_UARTEx_RxEventCallback             0x0800197e   Section        0  stm32f4xx_hal_uart.o(i.HAL_UARTEx_RxEventCallback)
    i.HAL_UART_ErrorCallback                 0x08001980   Section        0  stm32f4xx_hal_uart.o(i.HAL_UART_ErrorCallback)
    i.HAL_UART_IRQHandler                    0x08001984   Section        0  stm32f4xx_hal_uart.o(i.HAL_UART_IRQHandler)
    i.HAL_UART_Init                          0x08001bd4   Section        0  stm32f4xx_hal_uart.o(i.HAL_UART_Init)
    i.HAL_UART_MspInit                       0x08001c48   Section        0  stm32f4xx_hal_msp.o(i.HAL_UART_MspInit)
    i.HAL_UART_RxCpltCallback                0x08001ce0   Section        0  stm32f4xx_hal_uart.o(i.HAL_UART_RxCpltCallback)
    i.HAL_UART_Transmit                      0x08001ce2   Section        0  stm32f4xx_hal_uart.o(i.HAL_UART_Transmit)
    i.HAL_UART_TxCpltCallback                0x08001db4   Section        0  stm32f4xx_hal_uart.o(i.HAL_UART_TxCpltCallback)
    i.HardFault_Handler                      0x08001db6   Section        0  stm32f4xx_it.o(i.HardFault_Handler)
    i.MX_GPIO_Init                           0x08001dbc   Section        0  main.o(i.MX_GPIO_Init)
    MX_GPIO_Init                             0x08001dbd   Thumb Code   176  main.o(i.MX_GPIO_Init)
    i.MX_SPI3_Init                           0x08001e78   Section        0  main.o(i.MX_SPI3_Init)
    MX_SPI3_Init                             0x08001e79   Thumb Code    60  main.o(i.MX_SPI3_Init)
    i.MX_USART1_UART_Init                    0x08001ebc   Section        0  main.o(i.MX_USART1_UART_Init)
    MX_USART1_UART_Init                      0x08001ebd   Thumb Code    46  main.o(i.MX_USART1_UART_Init)
    i.MemManage_Handler                      0x08001ef4   Section        0  stm32f4xx_it.o(i.MemManage_Handler)
    i.NMI_Handler                            0x08001ef8   Section        0  stm32f4xx_it.o(i.NMI_Handler)
    i.NRF24_ACTIVATE_cmd                     0x08001efc   Section        0  nrf24.o(i.NRF24_ACTIVATE_cmd)
    i.NRF24_DelayMicroSeconds                0x08001f28   Section        0  nrf24.o(i.NRF24_DelayMicroSeconds)
    i.NRF24_available                        0x08001f50   Section        0  nrf24.o(i.NRF24_available)
    i.NRF24_availablePipe                    0x08001f5a   Section        0  nrf24.o(i.NRF24_availablePipe)
    i.NRF24_begin                            0x08001f8c   Section        0  nrf24.o(i.NRF24_begin)
    i.NRF24_ce                               0x08002128   Section        0  nrf24.o(i.NRF24_ce)
    i.NRF24_csn                              0x08002158   Section        0  nrf24.o(i.NRF24_csn)
    i.NRF24_disableDynamicPayloads           0x08002188   Section        0  nrf24.o(i.NRF24_disableDynamicPayloads)
    i.NRF24_flush_rx                         0x080021b0   Section        0  nrf24.o(i.NRF24_flush_rx)
    i.NRF24_flush_tx                         0x080021bc   Section        0  nrf24.o(i.NRF24_flush_tx)
    i.NRF24_getDynamicPayloadSize            0x080021c8   Section        0  nrf24.o(i.NRF24_getDynamicPayloadSize)
    i.NRF24_getPayloadSize                   0x080021d4   Section        0  nrf24.o(i.NRF24_getPayloadSize)
    i.NRF24_get_status                       0x080021e0   Section        0  nrf24.o(i.NRF24_get_status)
    i.NRF24_openReadingPipe                  0x080021f0   Section        0  nrf24.o(i.NRF24_openReadingPipe)
    i.NRF24_powerDown                        0x08002258   Section        0  nrf24.o(i.NRF24_powerDown)
    i.NRF24_read                             0x0800226e   Section        0  nrf24.o(i.NRF24_read)
    i.NRF24_read_payload                     0x08002298   Section        0  nrf24.o(i.NRF24_read_payload)
    i.NRF24_read_register                    0x080022e0   Section        0  nrf24.o(i.NRF24_read_register)
    i.NRF24_read_registerN                   0x08002320   Section        0  nrf24.o(i.NRF24_read_registerN)
    i.NRF24_resetStatus                      0x0800235c   Section        0  nrf24.o(i.NRF24_resetStatus)
    i.NRF24_setAutoAck                       0x08002368   Section        0  nrf24.o(i.NRF24_setAutoAck)
    i.NRF24_setCRCLength                     0x08002382   Section        0  nrf24.o(i.NRF24_setCRCLength)
    i.NRF24_setChannel                       0x080023ae   Section        0  nrf24.o(i.NRF24_setChannel)
    i.NRF24_setDataRate                      0x080023c8   Section        0  nrf24.o(i.NRF24_setDataRate)
    i.NRF24_setPALevel                       0x08002428   Section        0  nrf24.o(i.NRF24_setPALevel)
    i.NRF24_setPayloadSize                   0x0800246c   Section        0  nrf24.o(i.NRF24_setPayloadSize)
    i.NRF24_setRetries                       0x08002484   Section        0  nrf24.o(i.NRF24_setRetries)
    i.NRF24_startListening                   0x080024a0   Section        0  nrf24.o(i.NRF24_startListening)
    i.NRF24_write_payload                    0x080024e8   Section        0  nrf24.o(i.NRF24_write_payload)
    i.NRF24_write_register                   0x0800251c   Section        0  nrf24.o(i.NRF24_write_register)
    i.NRF24_write_registerN                  0x0800254c   Section        0  nrf24.o(i.NRF24_write_registerN)
    i.SPI_EndRxTransaction                   0x08002588   Section        0  stm32f4xx_hal_spi.o(i.SPI_EndRxTransaction)
    SPI_EndRxTransaction                     0x08002589   Thumb Code   148  stm32f4xx_hal_spi.o(i.SPI_EndRxTransaction)
    i.SPI_EndRxTxTransaction                 0x0800261c   Section        0  stm32f4xx_hal_spi.o(i.SPI_EndRxTxTransaction)
    SPI_EndRxTxTransaction                   0x0800261d   Thumb Code   100  stm32f4xx_hal_spi.o(i.SPI_EndRxTxTransaction)
    i.SPI_WaitFlagStateUntilTimeout          0x08002688   Section        0  stm32f4xx_hal_spi.o(i.SPI_WaitFlagStateUntilTimeout)
    SPI_WaitFlagStateUntilTimeout            0x08002689   Thumb Code   210  stm32f4xx_hal_spi.o(i.SPI_WaitFlagStateUntilTimeout)
    i.StartHelloTask                         0x08002760   Section        0  main.o(i.StartHelloTask)
    i.StartnRF24L01Task                      0x08002764   Section        0  main.o(i.StartnRF24L01Task)
    i.SysTick_Handler                        0x08002930   Section        0  port.o(i.SysTick_Handler)
    i.SystemClock_Config                     0x08002964   Section        0  main.o(i.SystemClock_Config)
    i.SystemInit                             0x08002a1c   Section        0  system_stm32f4xx.o(i.SystemInit)
    i.TIM1_UP_TIM10_IRQHandler               0x08002a30   Section        0  stm32f4xx_it.o(i.TIM1_UP_TIM10_IRQHandler)
    i.TIM_Base_SetConfig                     0x08002a40   Section        0  stm32f4xx_hal_tim.o(i.TIM_Base_SetConfig)
    i.UART_DMAAbortOnError                   0x08002b18   Section        0  stm32f4xx_hal_uart.o(i.UART_DMAAbortOnError)
    UART_DMAAbortOnError                     0x08002b19   Thumb Code    20  stm32f4xx_hal_uart.o(i.UART_DMAAbortOnError)
    i.UART_EndRxTransfer                     0x08002b2c   Section        0  stm32f4xx_hal_uart.o(i.UART_EndRxTransfer)
    UART_EndRxTransfer                       0x08002b2d   Thumb Code    54  stm32f4xx_hal_uart.o(i.UART_EndRxTransfer)
    i.UART_EndTransmit_IT                    0x08002b62   Section        0  stm32f4xx_hal_uart.o(i.UART_EndTransmit_IT)
    UART_EndTransmit_IT                      0x08002b63   Thumb Code    32  stm32f4xx_hal_uart.o(i.UART_EndTransmit_IT)
    i.UART_Receive_IT                        0x08002b82   Section        0  stm32f4xx_hal_uart.o(i.UART_Receive_IT)
    UART_Receive_IT                          0x08002b83   Thumb Code   190  stm32f4xx_hal_uart.o(i.UART_Receive_IT)
    i.UART_SetConfig                         0x08002c40   Section        0  stm32f4xx_hal_uart.o(i.UART_SetConfig)
    UART_SetConfig                           0x08002c41   Thumb Code   546  stm32f4xx_hal_uart.o(i.UART_SetConfig)
    i.UART_Transmit_IT                       0x08002e6c   Section        0  stm32f4xx_hal_uart.o(i.UART_Transmit_IT)
    UART_Transmit_IT                         0x08002e6d   Thumb Code    96  stm32f4xx_hal_uart.o(i.UART_Transmit_IT)
    i.UART_WaitOnFlagUntilTimeout            0x08002ecc   Section        0  stm32f4xx_hal_uart.o(i.UART_WaitOnFlagUntilTimeout)
    UART_WaitOnFlagUntilTimeout              0x08002ecd   Thumb Code   108  stm32f4xx_hal_uart.o(i.UART_WaitOnFlagUntilTimeout)
    i.USART1_IRQHandler                      0x08002f38   Section        0  stm32f4xx_it.o(i.USART1_IRQHandler)
    i.UsageFault_Handler                     0x08002f48   Section        0  stm32f4xx_it.o(i.UsageFault_Handler)
    i.__0sprintf$8                           0x08002f4c   Section        0  printf8.o(i.__0sprintf$8)
    i.__NVIC_GetPriorityGrouping             0x08002f74   Section        0  stm32f4xx_hal_cortex.o(i.__NVIC_GetPriorityGrouping)
    __NVIC_GetPriorityGrouping               0x08002f75   Thumb Code    10  stm32f4xx_hal_cortex.o(i.__NVIC_GetPriorityGrouping)
    i.__NVIC_SetPriority                     0x08002f84   Section        0  stm32f4xx_hal_cortex.o(i.__NVIC_SetPriority)
    __NVIC_SetPriority                       0x08002f85   Thumb Code    32  stm32f4xx_hal_cortex.o(i.__NVIC_SetPriority)
    i.__scatterload_copy                     0x08002fac   Section       14  handlers.o(i.__scatterload_copy)
    i.__scatterload_null                     0x08002fba   Section        2  handlers.o(i.__scatterload_null)
    i.__scatterload_zeroinit                 0x08002fbc   Section       14  handlers.o(i.__scatterload_zeroinit)
    i._printf_core                           0x08002fcc   Section        0  printf8.o(i._printf_core)
    _printf_core                             0x08002fcd   Thumb Code   984  printf8.o(i._printf_core)
    i._printf_post_padding                   0x080033d0   Section        0  printf8.o(i._printf_post_padding)
    _printf_post_padding                     0x080033d1   Thumb Code    36  printf8.o(i._printf_post_padding)
    i._printf_pre_padding                    0x080033f4   Section        0  printf8.o(i._printf_pre_padding)
    _printf_pre_padding                      0x080033f5   Thumb Code    46  printf8.o(i._printf_pre_padding)
    i._sputc                                 0x08003422   Section        0  printf8.o(i._sputc)
    _sputc                                   0x08003423   Thumb Code    10  printf8.o(i._sputc)
    i.main                                   0x0800342c   Section        0  main.o(i.main)
    i.makeFreeRtosPriority                   0x08003484   Section        0  cmsis_os.o(i.makeFreeRtosPriority)
    makeFreeRtosPriority                     0x08003485   Thumb Code    14  cmsis_os.o(i.makeFreeRtosPriority)
    i.nrf24_DebugUART_Init                   0x08003494   Section        0  nrf24.o(i.nrf24_DebugUART_Init)
    i.osDelay                                0x080034ac   Section        0  cmsis_os.o(i.osDelay)
    i.osKernelStart                          0x080034c4   Section        0  cmsis_os.o(i.osKernelStart)
    i.osThreadCreate                         0x080034ce   Section        0  cmsis_os.o(i.osThreadCreate)
    i.printRadioSettings                     0x0800352c   Section        0  nrf24.o(i.printRadioSettings)
    i.prvAddCurrentTaskToDelayedList         0x08003e4c   Section        0  tasks.o(i.prvAddCurrentTaskToDelayedList)
    prvAddCurrentTaskToDelayedList           0x08003e4d   Thumb Code   124  tasks.o(i.prvAddCurrentTaskToDelayedList)
    i.prvAddNewTaskToReadyList               0x08003ee4   Section        0  tasks.o(i.prvAddNewTaskToReadyList)
    prvAddNewTaskToReadyList                 0x08003ee5   Thumb Code   150  tasks.o(i.prvAddNewTaskToReadyList)
    i.prvCheckTasksWaitingTermination        0x08003f98   Section        0  tasks.o(i.prvCheckTasksWaitingTermination)
    prvCheckTasksWaitingTermination          0x08003f99   Thumb Code    60  tasks.o(i.prvCheckTasksWaitingTermination)
    i.prvDeleteTCB                           0x08003fe0   Section        0  tasks.o(i.prvDeleteTCB)
    prvDeleteTCB                             0x08003fe1   Thumb Code    80  tasks.o(i.prvDeleteTCB)
    i.prvHeapInit                            0x08004030   Section        0  heap_4.o(i.prvHeapInit)
    prvHeapInit                              0x08004031   Thumb Code    98  heap_4.o(i.prvHeapInit)
    i.prvIdleTask                            0x080040ac   Section        0  tasks.o(i.prvIdleTask)
    prvIdleTask                              0x080040ad   Thumb Code    32  tasks.o(i.prvIdleTask)
    i.prvInitialiseNewTask                   0x080040d4   Section        0  tasks.o(i.prvInitialiseNewTask)
    prvInitialiseNewTask                     0x080040d5   Thumb Code   180  tasks.o(i.prvInitialiseNewTask)
    i.prvInitialiseTaskLists                 0x08004188   Section        0  tasks.o(i.prvInitialiseTaskLists)
    prvInitialiseTaskLists                   0x08004189   Thumb Code    70  tasks.o(i.prvInitialiseTaskLists)
    i.prvInsertBlockIntoFreeList             0x080041f0   Section        0  heap_4.o(i.prvInsertBlockIntoFreeList)
    prvInsertBlockIntoFreeList               0x080041f1   Thumb Code    96  heap_4.o(i.prvInsertBlockIntoFreeList)
    i.prvResetNextTaskUnblockTime            0x08004258   Section        0  tasks.o(i.prvResetNextTaskUnblockTime)
    prvResetNextTaskUnblockTime              0x08004259   Thumb Code    42  tasks.o(i.prvResetNextTaskUnblockTime)
    i.prvTaskExitError                       0x0800428c   Section        0  port.o(i.prvTaskExitError)
    prvTaskExitError                         0x0800428d   Thumb Code    60  port.o(i.prvTaskExitError)
    i.pvPortMalloc                           0x080042cc   Section        0  heap_4.o(i.pvPortMalloc)
    i.pxPortInitialiseStack                  0x08004418   Section        0  port.o(i.pxPortInitialiseStack)
    i.uxListRemove                           0x08004444   Section        0  list.o(i.uxListRemove)
    i.vApplicationGetIdleTaskMemory          0x0800446c   Section        0  freertos.o(i.vApplicationGetIdleTaskMemory)
    i.vListInitialise                        0x08004484   Section        0  list.o(i.vListInitialise)
    i.vListInitialiseItem                    0x0800449e   Section        0  list.o(i.vListInitialiseItem)
    i.vListInsert                            0x080044a4   Section        0  list.o(i.vListInsert)
    i.vListInsertEnd                         0x080044d8   Section        0  list.o(i.vListInsertEnd)
    i.vPortEnterCritical                     0x080044f0   Section        0  port.o(i.vPortEnterCritical)
    i.vPortExitCritical                      0x08004544   Section        0  port.o(i.vPortExitCritical)
    i.vPortFree                              0x08004580   Section        0  heap_4.o(i.vPortFree)
    i.vPortSetupTimerInterrupt               0x08004624   Section        0  port.o(i.vPortSetupTimerInterrupt)
    i.vTaskDelay                             0x0800464c   Section        0  tasks.o(i.vTaskDelay)
    i.vTaskStartScheduler                    0x080046a8   Section        0  tasks.o(i.vTaskStartScheduler)
    i.vTaskSuspendAll                        0x08004758   Section        0  tasks.o(i.vTaskSuspendAll)
    i.vTaskSwitchContext                     0x08004768   Section        0  tasks.o(i.vTaskSwitchContext)
    i.xPortStartScheduler                    0x080047f4   Section        0  port.o(i.xPortStartScheduler)
    i.xTaskCreate                            0x0800495c   Section        0  tasks.o(i.xTaskCreate)
    i.xTaskCreateStatic                      0x080049c0   Section        0  tasks.o(i.xTaskCreateStatic)
    i.xTaskIncrementTick                     0x08004a7c   Section        0  tasks.o(i.xTaskIncrementTick)
    i.xTaskResumeAll                         0x08004bc4   Section        0  tasks.o(i.xTaskResumeAll)
    .constdata                               0x08004cc8   Section       13  nrf24.o(.constdata)
    NRF24_ADDR_REGS                          0x08004cc8   Data           7  nrf24.o(.constdata)
    RF24_RX_PW_PIPE                          0x08004ccf   Data           6  nrf24.o(.constdata)
    .constdata                               0x08004cd8   Section       72  main.o(.constdata)
    NRF24_ADDR_REGS                          0x08004cd8   Data           7  main.o(.constdata)
    RF24_RX_PW_PIPE                          0x08004cdf   Data           6  main.o(.constdata)
    .constdata                               0x08004d20   Section       24  system_stm32f4xx.o(.constdata)
    .conststring                             0x08004d38   Section      218  nrf24.o(.conststring)
    .conststring                             0x08004e14   Section       23  main.o(.conststring)
    .data                                    0x20000000   Section       24  nrf24.o(.data)
    pipe0_reading_address                    0x20000000   Data           8  nrf24.o(.data)
    ack_payload_available                    0x20000008   Data           1  nrf24.o(.data)
    ack_payload_length                       0x20000009   Data           1  nrf24.o(.data)
    payload_size                             0x2000000a   Data           1  nrf24.o(.data)
    dynamic_payloads_enabled                 0x2000000b   Data           1  nrf24.o(.data)
    p_variant                                0x2000000c   Data           1  nrf24.o(.data)
    wide_band                                0x2000000d   Data           1  nrf24.o(.data)
    nrf24_PORT                               0x20000010   Data           4  nrf24.o(.data)
    nrf24_CSN_PIN                            0x20000014   Data           2  nrf24.o(.data)
    nrf24_CE_PIN                             0x20000016   Data           2  nrf24.o(.data)
    .data                                    0x20000018   Section       16  main.o(.data)
    .data                                    0x20000028   Section        9  stm32f4xx_hal.o(.data)
    .data                                    0x20000034   Section        4  system_stm32f4xx.o(.data)
    .data                                    0x20000038   Section       60  tasks.o(.data)
    pxDelayedTaskList                        0x2000003c   Data           4  tasks.o(.data)
    pxOverflowDelayedTaskList                0x20000040   Data           4  tasks.o(.data)
    uxDeletedTasksWaitingCleanUp             0x20000044   Data           4  tasks.o(.data)
    uxCurrentNumberOfTasks                   0x20000048   Data           4  tasks.o(.data)
    xTickCount                               0x2000004c   Data           4  tasks.o(.data)
    uxTopReadyPriority                       0x20000050   Data           4  tasks.o(.data)
    xSchedulerRunning                        0x20000054   Data           4  tasks.o(.data)
    xPendedTicks                             0x20000058   Data           4  tasks.o(.data)
    xYieldPending                            0x2000005c   Data           4  tasks.o(.data)
    xNumOfOverflows                          0x20000060   Data           4  tasks.o(.data)
    uxTaskNumber                             0x20000064   Data           4  tasks.o(.data)
    xNextTaskUnblockTime                     0x20000068   Data           4  tasks.o(.data)
    xIdleTaskHandle                          0x2000006c   Data           4  tasks.o(.data)
    uxSchedulerSuspended                     0x20000070   Data           4  tasks.o(.data)
    .data                                    0x20000074   Section       32  heap_4.o(.data)
    xStart                                   0x20000074   Data           8  heap_4.o(.data)
    pxEnd                                    0x2000007c   Data           4  heap_4.o(.data)
    xFreeBytesRemaining                      0x20000080   Data           4  heap_4.o(.data)
    xMinimumEverFreeBytesRemaining           0x20000084   Data           4  heap_4.o(.data)
    xNumberOfSuccessfulAllocations           0x20000088   Data           4  heap_4.o(.data)
    xNumberOfSuccessfulFrees                 0x2000008c   Data           4  heap_4.o(.data)
    xBlockAllocatedBit                       0x20000090   Data           4  heap_4.o(.data)
    .data                                    0x20000094   Section       12  port.o(.data)
    uxCriticalNesting                        0x20000094   Data           4  port.o(.data)
    ucMaxSysCallPriority                     0x20000098   Data           1  port.o(.data)
    ulMaxPRIGROUPValue                       0x2000009c   Data           4  port.o(.data)
    .bss                                     0x200000a0   Section      156  nrf24.o(.bss)
    nrf24_hspi                               0x200000a0   Data          88  nrf24.o(.bss)
    nrf24_huart                              0x200000f8   Data          68  nrf24.o(.bss)
    .bss                                     0x2000013c   Section      188  main.o(.bss)
    .bss                                     0x200001f8   Section      596  freertos.o(.bss)
    xIdleTaskTCBBuffer                       0x200001f8   Data          84  freertos.o(.bss)
    xIdleStack                               0x2000024c   Data         512  freertos.o(.bss)
    .bss                                     0x2000044c   Section       72  stm32f4xx_hal_timebase_tim.o(.bss)
    .bss                                     0x20000494   Section      240  tasks.o(.bss)
    pxReadyTasksLists                        0x20000494   Data         140  tasks.o(.bss)
    xDelayedTaskList1                        0x20000520   Data          20  tasks.o(.bss)
    xDelayedTaskList2                        0x20000534   Data          20  tasks.o(.bss)
    xPendingReadyList                        0x20000548   Data          20  tasks.o(.bss)
    xTasksWaitingTermination                 0x2000055c   Data          20  tasks.o(.bss)
    xSuspendedTaskList                       0x20000570   Data          20  tasks.o(.bss)
    .bss                                     0x20000584   Section    15360  heap_4.o(.bss)
    ucHeap                                   0x20000584   Data       15360  heap_4.o(.bss)
    STACK                                    0x20004188   Section     1024  startup_stm32f407xx.o(STACK)

    Global Symbols

    Symbol Name                              Value     Ov Type        Size  Object(Section)

    BuildAttributes$$THM_ISAv4$E$P$D$K$B$S$7EM$VFPi3$EXTD16$VFPS$VFMA$PE$A:L22UL41UL21$X:L11$S22US41US21$IEEE1$IW$USESV6$~STKCKD$USESV7$~SHL$OSPACE$ROPI$EBA8$MICROLIB$REQ8$PRES8$EABIv2 0x00000000   Number         0  anon$$obj.o ABSOLUTE
    __ARM_use_no_argv                        0x00000000   Number         0  main.o ABSOLUTE
    _printf_a                                0x00000000   Number         0  stubs.o ABSOLUTE
    _printf_c                                0x00000000   Number         0  stubs.o ABSOLUTE
    _printf_charcount                        0x00000000   Number         0  stubs.o ABSOLUTE
    _printf_d                                0x00000000   Number         0  stubs.o ABSOLUTE
    _printf_e                                0x00000000   Number         0  stubs.o ABSOLUTE
    _printf_f                                0x00000000   Number         0  stubs.o ABSOLUTE
    _printf_flags                            0x00000000   Number         0  stubs.o ABSOLUTE
    _printf_fp_dec                           0x00000000   Number         0  stubs.o ABSOLUTE
    _printf_fp_hex                           0x00000000   Number         0  stubs.o ABSOLUTE
    _printf_g                                0x00000000   Number         0  stubs.o ABSOLUTE
    _printf_i                                0x00000000   Number         0  stubs.o ABSOLUTE
    _printf_int_dec                          0x00000000   Number         0  stubs.o ABSOLUTE
    _printf_l                                0x00000000   Number         0  stubs.o ABSOLUTE
    _printf_lc                               0x00000000   Number         0  stubs.o ABSOLUTE
    _printf_ll                               0x00000000   Number         0  stubs.o ABSOLUTE
    _printf_lld                              0x00000000   Number         0  stubs.o ABSOLUTE
    _printf_lli                              0x00000000   Number         0  stubs.o ABSOLUTE
    _printf_llo                              0x00000000   Number         0  stubs.o ABSOLUTE
    _printf_llu                              0x00000000   Number         0  stubs.o ABSOLUTE
    _printf_llx                              0x00000000   Number         0  stubs.o ABSOLUTE
    _printf_longlong_dec                     0x00000000   Number         0  stubs.o ABSOLUTE
    _printf_longlong_hex                     0x00000000   Number         0  stubs.o ABSOLUTE
    _printf_longlong_oct                     0x00000000   Number         0  stubs.o ABSOLUTE
    _printf_ls                               0x00000000   Number         0  stubs.o ABSOLUTE
    _printf_mbtowc                           0x00000000   Number         0  stubs.o ABSOLUTE
    _printf_n                                0x00000000   Number         0  stubs.o ABSOLUTE
    _printf_o                                0x00000000   Number         0  stubs.o ABSOLUTE
    _printf_p                                0x00000000   Number         0  stubs.o ABSOLUTE
    _printf_percent                          0x00000000   Number         0  stubs.o ABSOLUTE
    _printf_pre_padding                      0x00000000   Number         0  stubs.o ABSOLUTE
    _printf_return_value                     0x00000000   Number         0  stubs.o ABSOLUTE
    _printf_s                                0x00000000   Number         0  stubs.o ABSOLUTE
    _printf_sizespec                         0x00000000   Number         0  stubs.o ABSOLUTE
    _printf_str                              0x00000000   Number         0  stubs.o ABSOLUTE
    _printf_truncate_signed                  0x00000000   Number         0  stubs.o ABSOLUTE
    _printf_truncate_unsigned                0x00000000   Number         0  stubs.o ABSOLUTE
    _printf_u                                0x00000000   Number         0  stubs.o ABSOLUTE
    _printf_wc                               0x00000000   Number         0  stubs.o ABSOLUTE
    _printf_wctomb                           0x00000000   Number         0  stubs.o ABSOLUTE
    _printf_widthprec                        0x00000000   Number         0  stubs.o ABSOLUTE
    _printf_x                                0x00000000   Number         0  stubs.o ABSOLUTE
    __arm_fini_                               - Undefined Weak Reference
    __cpp_initialize__aeabi_                  - Undefined Weak Reference
    __cxa_finalize                            - Undefined Weak Reference
    __decompress                              - Undefined Weak Reference
    _clock_init                               - Undefined Weak Reference
    _microlib_exit                            - Undefined Weak Reference
    __Vectors_Size                           0x00000188   Number         0  startup_stm32f407xx.o ABSOLUTE
    __Vectors                                0x08000000   Data           4  startup_stm32f407xx.o(RESET)
    __Vectors_End                            0x08000188   Data           0  startup_stm32f407xx.o(RESET)
    __main                                   0x08000189   Thumb Code     0  entry.o(.ARM.Collect$$$$00000000)
    _main_stk                                0x08000189   Thumb Code     0  entry2.o(.ARM.Collect$$$$00000001)
    _main_scatterload                        0x0800018d   Thumb Code     0  entry5.o(.ARM.Collect$$$$00000004)
    __main_after_scatterload                 0x08000191   Thumb Code     0  entry5.o(.ARM.Collect$$$$00000004)
    _main_clock                              0x08000191   Thumb Code     0  entry7b.o(.ARM.Collect$$$$00000008)
    _main_cpp_init                           0x08000191   Thumb Code     0  entry8b.o(.ARM.Collect$$$$0000000A)
    _main_init                               0x08000191   Thumb Code     0  entry9a.o(.ARM.Collect$$$$0000000B)
    __rt_lib_shutdown_fini                   0x08000199   Thumb Code     0  entry12b.o(.ARM.Collect$$$$0000000E)
    __rt_final_cpp                           0x0800019d   Thumb Code     0  entry10a.o(.ARM.Collect$$$$0000000F)
    __rt_final_exit                          0x0800019d   Thumb Code     0  entry11a.o(.ARM.Collect$$$$00000011)
    SVC_Handler                              0x080001a1   Thumb Code    28  port.o(.emb_text)
    __asm___6_port_c_39a90d8d__prvStartFirstTask 0x080001c1   Thumb Code    36  port.o(.emb_text)
    __asm___6_port_c_39a90d8d__prvEnableVFP  0x080001e9   Thumb Code    16  port.o(.emb_text)
    PendSV_Handler                           0x080001fd   Thumb Code    88  port.o(.emb_text)
    vPortGetIPSR                             0x08000259   Thumb Code     6  port.o(.emb_text)
    Reset_Handler                            0x08000261   Thumb Code     8  startup_stm32f407xx.o(.text)
    ADC_IRQHandler                           0x0800027b   Thumb Code     0  startup_stm32f407xx.o(.text)
    CAN1_RX0_IRQHandler                      0x0800027b   Thumb Code     0  startup_stm32f407xx.o(.text)
    CAN1_RX1_IRQHandler                      0x0800027b   Thumb Code     0  startup_stm32f407xx.o(.text)
    CAN1_SCE_IRQHandler                      0x0800027b   Thumb Code     0  startup_stm32f407xx.o(.text)
    CAN1_TX_IRQHandler                       0x0800027b   Thumb Code     0  startup_stm32f407xx.o(.text)
    CAN2_RX0_IRQHandler                      0x0800027b   Thumb Code     0  startup_stm32f407xx.o(.text)
    CAN2_RX1_IRQHandler                      0x0800027b   Thumb Code     0  startup_stm32f407xx.o(.text)
    CAN2_SCE_IRQHandler                      0x0800027b   Thumb Code     0  startup_stm32f407xx.o(.text)
    CAN2_TX_IRQHandler                       0x0800027b   Thumb Code     0  startup_stm32f407xx.o(.text)
    DCMI_IRQHandler                          0x0800027b   Thumb Code     0  startup_stm32f407xx.o(.text)
    DMA1_Stream0_IRQHandler                  0x0800027b   Thumb Code     0  startup_stm32f407xx.o(.text)
    DMA1_Stream1_IRQHandler                  0x0800027b   Thumb Code     0  startup_stm32f407xx.o(.text)
    DMA1_Stream2_IRQHandler                  0x0800027b   Thumb Code     0  startup_stm32f407xx.o(.text)
    DMA1_Stream3_IRQHandler                  0x0800027b   Thumb Code     0  startup_stm32f407xx.o(.text)
    DMA1_Stream4_IRQHandler                  0x0800027b   Thumb Code     0  startup_stm32f407xx.o(.text)
    DMA1_Stream5_IRQHandler                  0x0800027b   Thumb Code     0  startup_stm32f407xx.o(.text)
    DMA1_Stream6_IRQHandler                  0x0800027b   Thumb Code     0  startup_stm32f407xx.o(.text)
    DMA1_Stream7_IRQHandler                  0x0800027b   Thumb Code     0  startup_stm32f407xx.o(.text)
    DMA2_Stream0_IRQHandler                  0x0800027b   Thumb Code     0  startup_stm32f407xx.o(.text)
    DMA2_Stream1_IRQHandler                  0x0800027b   Thumb Code     0  startup_stm32f407xx.o(.text)
    DMA2_Stream2_IRQHandler                  0x0800027b   Thumb Code     0  startup_stm32f407xx.o(.text)
    DMA2_Stream3_IRQHandler                  0x0800027b   Thumb Code     0  startup_stm32f407xx.o(.text)
    DMA2_Stream4_IRQHandler                  0x0800027b   Thumb Code     0  startup_stm32f407xx.o(.text)
    DMA2_Stream5_IRQHandler                  0x0800027b   Thumb Code     0  startup_stm32f407xx.o(.text)
    DMA2_Stream6_IRQHandler                  0x0800027b   Thumb Code     0  startup_stm32f407xx.o(.text)
    DMA2_Stream7_IRQHandler                  0x0800027b   Thumb Code     0  startup_stm32f407xx.o(.text)
    ETH_IRQHandler                           0x0800027b   Thumb Code     0  startup_stm32f407xx.o(.text)
    ETH_WKUP_IRQHandler                      0x0800027b   Thumb Code     0  startup_stm32f407xx.o(.text)
    EXTI0_IRQHandler                         0x0800027b   Thumb Code     0  startup_stm32f407xx.o(.text)
    EXTI15_10_IRQHandler                     0x0800027b   Thumb Code     0  startup_stm32f407xx.o(.text)
    EXTI1_IRQHandler                         0x0800027b   Thumb Code     0  startup_stm32f407xx.o(.text)
    EXTI2_IRQHandler                         0x0800027b   Thumb Code     0  startup_stm32f407xx.o(.text)
    EXTI3_IRQHandler                         0x0800027b   Thumb Code     0  startup_stm32f407xx.o(.text)
    EXTI4_IRQHandler                         0x0800027b   Thumb Code     0  startup_stm32f407xx.o(.text)
    EXTI9_5_IRQHandler                       0x0800027b   Thumb Code     0  startup_stm32f407xx.o(.text)
    FLASH_IRQHandler                         0x0800027b   Thumb Code     0  startup_stm32f407xx.o(.text)
    FMC_IRQHandler                           0x0800027b   Thumb Code     0  startup_stm32f407xx.o(.text)
    FPU_IRQHandler                           0x0800027b   Thumb Code     0  startup_stm32f407xx.o(.text)
    HASH_RNG_IRQHandler                      0x0800027b   Thumb Code     0  startup_stm32f407xx.o(.text)
    I2C1_ER_IRQHandler                       0x0800027b   Thumb Code     0  startup_stm32f407xx.o(.text)
    I2C1_EV_IRQHandler                       0x0800027b   Thumb Code     0  startup_stm32f407xx.o(.text)
    I2C2_ER_IRQHandler                       0x0800027b   Thumb Code     0  startup_stm32f407xx.o(.text)
    I2C2_EV_IRQHandler                       0x0800027b   Thumb Code     0  startup_stm32f407xx.o(.text)
    I2C3_ER_IRQHandler                       0x0800027b   Thumb Code     0  startup_stm32f407xx.o(.text)
    I2C3_EV_IRQHandler                       0x0800027b   Thumb Code     0  startup_stm32f407xx.o(.text)
    OTG_FS_IRQHandler                        0x0800027b   Thumb Code     0  startup_stm32f407xx.o(.text)
    OTG_FS_WKUP_IRQHandler                   0x0800027b   Thumb Code     0  startup_stm32f407xx.o(.text)
    OTG_HS_EP1_IN_IRQHandler                 0x0800027b   Thumb Code     0  startup_stm32f407xx.o(.text)
    OTG_HS_EP1_OUT_IRQHandler                0x0800027b   Thumb Code     0  startup_stm32f407xx.o(.text)
    OTG_HS_IRQHandler                        0x0800027b   Thumb Code     0  startup_stm32f407xx.o(.text)
    OTG_HS_WKUP_IRQHandler                   0x0800027b   Thumb Code     0  startup_stm32f407xx.o(.text)
    PVD_IRQHandler                           0x0800027b   Thumb Code     0  startup_stm32f407xx.o(.text)
    RCC_IRQHandler                           0x0800027b   Thumb Code     0  startup_stm32f407xx.o(.text)
    RTC_Alarm_IRQHandler                     0x0800027b   Thumb Code     0  startup_stm32f407xx.o(.text)
    RTC_WKUP_IRQHandler                      0x0800027b   Thumb Code     0  startup_stm32f407xx.o(.text)
    SDIO_IRQHandler                          0x0800027b   Thumb Code     0  startup_stm32f407xx.o(.text)
    SPI1_IRQHandler                          0x0800027b   Thumb Code     0  startup_stm32f407xx.o(.text)
    SPI2_IRQHandler                          0x0800027b   Thumb Code     0  startup_stm32f407xx.o(.text)
    SPI3_IRQHandler                          0x0800027b   Thumb Code     0  startup_stm32f407xx.o(.text)
    TAMP_STAMP_IRQHandler                    0x0800027b   Thumb Code     0  startup_stm32f407xx.o(.text)
    TIM1_BRK_TIM9_IRQHandler                 0x0800027b   Thumb Code     0  startup_stm32f407xx.o(.text)
    TIM1_CC_IRQHandler                       0x0800027b   Thumb Code     0  startup_stm32f407xx.o(.text)
    TIM1_TRG_COM_TIM11_IRQHandler            0x0800027b   Thumb Code     0  startup_stm32f407xx.o(.text)
    TIM2_IRQHandler                          0x0800027b   Thumb Code     0  startup_stm32f407xx.o(.text)
    TIM3_IRQHandler                          0x0800027b   Thumb Code     0  startup_stm32f407xx.o(.text)
    TIM4_IRQHandler                          0x0800027b   Thumb Code     0  startup_stm32f407xx.o(.text)
    TIM5_IRQHandler                          0x0800027b   Thumb Code     0  startup_stm32f407xx.o(.text)
    TIM6_DAC_IRQHandler                      0x0800027b   Thumb Code     0  startup_stm32f407xx.o(.text)
    TIM7_IRQHandler                          0x0800027b   Thumb Code     0  startup_stm32f407xx.o(.text)
    TIM8_BRK_TIM12_IRQHandler                0x0800027b   Thumb Code     0  startup_stm32f407xx.o(.text)
    TIM8_CC_IRQHandler                       0x0800027b   Thumb Code     0  startup_stm32f407xx.o(.text)
    TIM8_TRG_COM_TIM14_IRQHandler            0x0800027b   Thumb Code     0  startup_stm32f407xx.o(.text)
    TIM8_UP_TIM13_IRQHandler                 0x0800027b   Thumb Code     0  startup_stm32f407xx.o(.text)
    UART4_IRQHandler                         0x0800027b   Thumb Code     0  startup_stm32f407xx.o(.text)
    UART5_IRQHandler                         0x0800027b   Thumb Code     0  startup_stm32f407xx.o(.text)
    USART2_IRQHandler                        0x0800027b   Thumb Code     0  startup_stm32f407xx.o(.text)
    USART3_IRQHandler                        0x0800027b   Thumb Code     0  startup_stm32f407xx.o(.text)
    USART6_IRQHandler                        0x0800027b   Thumb Code     0  startup_stm32f407xx.o(.text)
    WWDG_IRQHandler                          0x0800027b   Thumb Code     0  startup_stm32f407xx.o(.text)
    __aeabi_uldivmod                         0x08000285   Thumb Code    98  uldiv.o(.text)
    __aeabi_memcpy                           0x080002e7   Thumb Code    36  memcpya.o(.text)
    __aeabi_memcpy4                          0x080002e7   Thumb Code     0  memcpya.o(.text)
    __aeabi_memcpy8                          0x080002e7   Thumb Code     0  memcpya.o(.text)
    __aeabi_memset                           0x0800030b   Thumb Code    14  memseta.o(.text)
    __aeabi_memset4                          0x0800030b   Thumb Code     0  memseta.o(.text)
    __aeabi_memset8                          0x0800030b   Thumb Code     0  memseta.o(.text)
    __aeabi_memclr                           0x08000319   Thumb Code     4  memseta.o(.text)
    __aeabi_memclr4                          0x08000319   Thumb Code     0  memseta.o(.text)
    __aeabi_memclr8                          0x08000319   Thumb Code     0  memseta.o(.text)
    memset                                   0x0800031d   Thumb Code    18  memseta.o(.text)
    strlen                                   0x0800032f   Thumb Code    14  strlen.o(.text)
    __aeabi_llsl                             0x0800033d   Thumb Code    30  llshl.o(.text)
    _ll_shift_l                              0x0800033d   Thumb Code     0  llshl.o(.text)
    __aeabi_llsr                             0x0800035b   Thumb Code    32  llushr.o(.text)
    _ll_ushift_r                             0x0800035b   Thumb Code     0  llushr.o(.text)
    __scatterload                            0x0800037d   Thumb Code    28  init.o(.text)
    __scatterload_rt2                        0x0800037d   Thumb Code     0  init.o(.text)
    BusFault_Handler                         0x080003a1   Thumb Code     4  stm32f4xx_it.o(i.BusFault_Handler)
    DebugMon_Handler                         0x080003a5   Thumb Code     2  stm32f4xx_it.o(i.DebugMon_Handler)
    Error_Handler                            0x080003a7   Thumb Code     6  main.o(i.Error_Handler)
    HAL_DMA_Abort                            0x080003ad   Thumb Code   170  stm32f4xx_hal_dma.o(i.HAL_DMA_Abort)
    HAL_DMA_Abort_IT                         0x08000457   Thumb Code    40  stm32f4xx_hal_dma.o(i.HAL_DMA_Abort_IT)
    HAL_Delay                                0x08000481   Thumb Code    36  stm32f4xx_hal.o(i.HAL_Delay)
    HAL_GPIO_Init                            0x080004a9   Thumb Code   470  stm32f4xx_hal_gpio.o(i.HAL_GPIO_Init)
    HAL_GPIO_WritePin                        0x080006ad   Thumb Code    12  stm32f4xx_hal_gpio.o(i.HAL_GPIO_WritePin)
    HAL_GetTick                              0x080006b9   Thumb Code     6  stm32f4xx_hal.o(i.HAL_GetTick)
    HAL_IncTick                              0x080006c5   Thumb Code    16  stm32f4xx_hal.o(i.HAL_IncTick)
    HAL_Init                                 0x080006dd   Thumb Code    54  stm32f4xx_hal.o(i.HAL_Init)
    HAL_InitTick                             0x08000719   Thumb Code   122  stm32f4xx_hal_timebase_tim.o(i.HAL_InitTick)
    HAL_MspInit                              0x080007a5   Thumb Code    78  stm32f4xx_hal_msp.o(i.HAL_MspInit)
    HAL_NVIC_EnableIRQ                       0x080007f9   Thumb Code    32  stm32f4xx_hal_cortex.o(i.HAL_NVIC_EnableIRQ)
    HAL_NVIC_SetPriority                     0x08000819   Thumb Code   124  stm32f4xx_hal_cortex.o(i.HAL_NVIC_SetPriority)
    HAL_NVIC_SetPriorityGrouping             0x08000895   Thumb Code    32  stm32f4xx_hal_cortex.o(i.HAL_NVIC_SetPriorityGrouping)
    HAL_RCC_ClockConfig                      0x080008bd   Thumb Code   368  stm32f4xx_hal_rcc.o(i.HAL_RCC_ClockConfig)
    HAL_RCC_GetClockConfig                   0x08000a41   Thumb Code    58  stm32f4xx_hal_rcc.o(i.HAL_RCC_GetClockConfig)
    HAL_RCC_GetHCLKFreq                      0x08000a85   Thumb Code     6  stm32f4xx_hal_rcc.o(i.HAL_RCC_GetHCLKFreq)
    HAL_RCC_GetPCLK1Freq                     0x08000a91   Thumb Code    22  stm32f4xx_hal_rcc.o(i.HAL_RCC_GetPCLK1Freq)
    HAL_RCC_GetPCLK2Freq                     0x08000ab1   Thumb Code    22  stm32f4xx_hal_rcc.o(i.HAL_RCC_GetPCLK2Freq)
    HAL_RCC_GetSysClockFreq                  0x08000ad1   Thumb Code   162  stm32f4xx_hal_rcc.o(i.HAL_RCC_GetSysClockFreq)
    HAL_RCC_OscConfig                        0x08000b81   Thumb Code  1172  stm32f4xx_hal_rcc.o(i.HAL_RCC_OscConfig)
    HAL_SPI_Init                             0x0800101d   Thumb Code   200  stm32f4xx_hal_spi.o(i.HAL_SPI_Init)
    HAL_SPI_MspInit                          0x080010e5   Thumb Code   122  stm32f4xx_hal_msp.o(i.HAL_SPI_MspInit)
    HAL_SPI_Receive                          0x0800116d   Thumb Code   368  stm32f4xx_hal_spi.o(i.HAL_SPI_Receive)
    HAL_SPI_Transmit                         0x080012dd   Thumb Code   430  stm32f4xx_hal_spi.o(i.HAL_SPI_Transmit)
    HAL_SPI_TransmitReceive                  0x0800148b   Thumb Code   554  stm32f4xx_hal_spi.o(i.HAL_SPI_TransmitReceive)
    HAL_TIMEx_BreakCallback                  0x080016b5   Thumb Code     2  stm32f4xx_hal_tim_ex.o(i.HAL_TIMEx_BreakCallback)
    HAL_TIMEx_CommutCallback                 0x080016b7   Thumb Code     2  stm32f4xx_hal_tim_ex.o(i.HAL_TIMEx_CommutCallback)
    HAL_TIM_Base_Init                        0x080016b9   Thumb Code   102  stm32f4xx_hal_tim.o(i.HAL_TIM_Base_Init)
    HAL_TIM_Base_MspInit                     0x0800171f   Thumb Code     2  stm32f4xx_hal_tim.o(i.HAL_TIM_Base_MspInit)
    HAL_TIM_Base_Start_IT                    0x08001721   Thumb Code   138  stm32f4xx_hal_tim.o(i.HAL_TIM_Base_Start_IT)
    HAL_TIM_IC_CaptureCallback               0x080017c9   Thumb Code     2  stm32f4xx_hal_tim.o(i.HAL_TIM_IC_CaptureCallback)
    HAL_TIM_IRQHandler                       0x080017cb   Thumb Code   406  stm32f4xx_hal_tim.o(i.HAL_TIM_IRQHandler)
    HAL_TIM_OC_DelayElapsedCallback          0x08001961   Thumb Code     2  stm32f4xx_hal_tim.o(i.HAL_TIM_OC_DelayElapsedCallback)
    HAL_TIM_PWM_PulseFinishedCallback        0x08001963   Thumb Code     2  stm32f4xx_hal_tim.o(i.HAL_TIM_PWM_PulseFinishedCallback)
    HAL_TIM_PeriodElapsedCallback            0x08001965   Thumb Code    18  main.o(i.HAL_TIM_PeriodElapsedCallback)
    HAL_TIM_TriggerCallback                  0x0800197d   Thumb Code     2  stm32f4xx_hal_tim.o(i.HAL_TIM_TriggerCallback)
    HAL_UARTEx_RxEventCallback               0x0800197f   Thumb Code     2  stm32f4xx_hal_uart.o(i.HAL_UARTEx_RxEventCallback)
    HAL_UART_ErrorCallback                   0x08001981   Thumb Code     2  stm32f4xx_hal_uart.o(i.HAL_UART_ErrorCallback)
    HAL_UART_IRQHandler                      0x08001985   Thumb Code   586  stm32f4xx_hal_uart.o(i.HAL_UART_IRQHandler)
    HAL_UART_Init                            0x08001bd5   Thumb Code   114  stm32f4xx_hal_uart.o(i.HAL_UART_Init)
    HAL_UART_MspInit                         0x08001c49   Thumb Code   140  stm32f4xx_hal_msp.o(i.HAL_UART_MspInit)
    HAL_UART_RxCpltCallback                  0x08001ce1   Thumb Code     2  stm32f4xx_hal_uart.o(i.HAL_UART_RxCpltCallback)
    HAL_UART_Transmit                        0x08001ce3   Thumb Code   210  stm32f4xx_hal_uart.o(i.HAL_UART_Transmit)
    HAL_UART_TxCpltCallback                  0x08001db5   Thumb Code     2  stm32f4xx_hal_uart.o(i.HAL_UART_TxCpltCallback)
    HardFault_Handler                        0x08001db7   Thumb Code     4  stm32f4xx_it.o(i.HardFault_Handler)
    MemManage_Handler                        0x08001ef5   Thumb Code     4  stm32f4xx_it.o(i.MemManage_Handler)
    NMI_Handler                              0x08001ef9   Thumb Code     4  stm32f4xx_it.o(i.NMI_Handler)
    NRF24_ACTIVATE_cmd                       0x08001efd   Thumb Code    40  nrf24.o(i.NRF24_ACTIVATE_cmd)
    NRF24_DelayMicroSeconds                  0x08001f29   Thumb Code    32  nrf24.o(i.NRF24_DelayMicroSeconds)
    NRF24_available                          0x08001f51   Thumb Code    10  nrf24.o(i.NRF24_available)
    NRF24_availablePipe                      0x08001f5b   Thumb Code    50  nrf24.o(i.NRF24_availablePipe)
    NRF24_begin                              0x08001f8d   Thumb Code   394  nrf24.o(i.NRF24_begin)
    NRF24_ce                                 0x08002129   Thumb Code    38  nrf24.o(i.NRF24_ce)
    NRF24_csn                                0x08002159   Thumb Code    38  nrf24.o(i.NRF24_csn)
    NRF24_disableDynamicPayloads             0x08002189   Thumb Code    36  nrf24.o(i.NRF24_disableDynamicPayloads)
    NRF24_flush_rx                           0x080021b1   Thumb Code    12  nrf24.o(i.NRF24_flush_rx)
    NRF24_flush_tx                           0x080021bd   Thumb Code    12  nrf24.o(i.NRF24_flush_tx)
    NRF24_getDynamicPayloadSize              0x080021c9   Thumb Code    10  nrf24.o(i.NRF24_getDynamicPayloadSize)
    NRF24_getPayloadSize                     0x080021d5   Thumb Code     6  nrf24.o(i.NRF24_getPayloadSize)
    NRF24_get_status                         0x080021e1   Thumb Code    14  nrf24.o(i.NRF24_get_status)
    NRF24_openReadingPipe                    0x080021f1   Thumb Code    86  nrf24.o(i.NRF24_openReadingPipe)
    NRF24_powerDown                          0x08002259   Thumb Code    22  nrf24.o(i.NRF24_powerDown)
    NRF24_read                               0x0800226f   Thumb Code    42  nrf24.o(i.NRF24_read)
    NRF24_read_payload                       0x08002299   Thumb Code    66  nrf24.o(i.NRF24_read_payload)
    NRF24_read_register                      0x080022e1   Thumb Code    58  nrf24.o(i.NRF24_read_register)
    NRF24_read_registerN                     0x08002321   Thumb Code    54  nrf24.o(i.NRF24_read_registerN)
    NRF24_resetStatus                        0x0800235d   Thumb Code    12  nrf24.o(i.NRF24_resetStatus)
    NRF24_setAutoAck                         0x08002369   Thumb Code    26  nrf24.o(i.NRF24_setAutoAck)
    NRF24_setCRCLength                       0x08002383   Thumb Code    44  nrf24.o(i.NRF24_setCRCLength)
    NRF24_setChannel                         0x080023af   Thumb Code    26  nrf24.o(i.NRF24_setChannel)
    NRF24_setDataRate                        0x080023c9   Thumb Code    90  nrf24.o(i.NRF24_setDataRate)
    NRF24_setPALevel                         0x08002429   Thumb Code    66  nrf24.o(i.NRF24_setPALevel)
    NRF24_setPayloadSize                     0x0800246d   Thumb Code    18  nrf24.o(i.NRF24_setPayloadSize)
    NRF24_setRetries                         0x08002485   Thumb Code    26  nrf24.o(i.NRF24_setRetries)
    NRF24_startListening                     0x080024a1   Thumb Code    68  nrf24.o(i.NRF24_startListening)
    NRF24_write_payload                      0x080024e9   Thumb Code    48  nrf24.o(i.NRF24_write_payload)
    NRF24_write_register                     0x0800251d   Thumb Code    44  nrf24.o(i.NRF24_write_register)
    NRF24_write_registerN                    0x0800254d   Thumb Code    54  nrf24.o(i.NRF24_write_registerN)
    StartHelloTask                           0x08002761   Thumb Code     4  main.o(i.StartHelloTask)
    StartnRF24L01Task                        0x08002765   Thumb Code   386  main.o(i.StartnRF24L01Task)
    SysTick_Handler                          0x08002931   Thumb Code    46  port.o(i.SysTick_Handler)
    SystemClock_Config                       0x08002965   Thumb Code   174  main.o(i.SystemClock_Config)
    SystemInit                               0x08002a1d   Thumb Code    14  system_stm32f4xx.o(i.SystemInit)
    TIM1_UP_TIM10_IRQHandler                 0x08002a31   Thumb Code    10  stm32f4xx_it.o(i.TIM1_UP_TIM10_IRQHandler)
    TIM_Base_SetConfig                       0x08002a41   Thumb Code   170  stm32f4xx_hal_tim.o(i.TIM_Base_SetConfig)
    USART1_IRQHandler                        0x08002f39   Thumb Code    10  stm32f4xx_it.o(i.USART1_IRQHandler)
    UsageFault_Handler                       0x08002f49   Thumb Code     4  stm32f4xx_it.o(i.UsageFault_Handler)
    __0sprintf$8                             0x08002f4d   Thumb Code    34  printf8.o(i.__0sprintf$8)
    __1sprintf$8                             0x08002f4d   Thumb Code     0  printf8.o(i.__0sprintf$8)
    __2sprintf                               0x08002f4d   Thumb Code     0  printf8.o(i.__0sprintf$8)
    __scatterload_copy                       0x08002fad   Thumb Code    14  handlers.o(i.__scatterload_copy)
    __scatterload_null                       0x08002fbb   Thumb Code     2  handlers.o(i.__scatterload_null)
    __scatterload_zeroinit                   0x08002fbd   Thumb Code    14  handlers.o(i.__scatterload_zeroinit)
    main                                     0x0800342d   Thumb Code    76  main.o(i.main)
    nrf24_DebugUART_Init                     0x08003495   Thumb Code    20  nrf24.o(i.nrf24_DebugUART_Init)
    osDelay                                  0x080034ad   Thumb Code    24  cmsis_os.o(i.osDelay)
    osKernelStart                            0x080034c5   Thumb Code    10  cmsis_os.o(i.osKernelStart)
    osThreadCreate                           0x080034cf   Thumb Code    94  cmsis_os.o(i.osThreadCreate)
    printRadioSettings                       0x0800352d   Thumb Code  2084  nrf24.o(i.printRadioSettings)
    pvPortMalloc                             0x080042cd   Thumb Code   306  heap_4.o(i.pvPortMalloc)
    pxPortInitialiseStack                    0x08004419   Thumb Code    38  port.o(i.pxPortInitialiseStack)
    uxListRemove                             0x08004445   Thumb Code    40  list.o(i.uxListRemove)
    vApplicationGetIdleTaskMemory            0x0800446d   Thumb Code    14  freertos.o(i.vApplicationGetIdleTaskMemory)
    vListInitialise                          0x08004485   Thumb Code    26  list.o(i.vListInitialise)
    vListInitialiseItem                      0x0800449f   Thumb Code     6  list.o(i.vListInitialiseItem)
    vListInsert                              0x080044a5   Thumb Code    52  list.o(i.vListInsert)
    vListInsertEnd                           0x080044d9   Thumb Code    24  list.o(i.vListInsertEnd)
    vPortEnterCritical                       0x080044f1   Thumb Code    76  port.o(i.vPortEnterCritical)
    vPortExitCritical                        0x08004545   Thumb Code    56  port.o(i.vPortExitCritical)
    vPortFree                                0x08004581   Thumb Code   150  heap_4.o(i.vPortFree)
    vPortSetupTimerInterrupt                 0x08004625   Thumb Code    36  port.o(i.vPortSetupTimerInterrupt)
    vTaskDelay                               0x0800464d   Thumb Code    82  tasks.o(i.vTaskDelay)
    vTaskStartScheduler                      0x080046a9   Thumb Code   146  tasks.o(i.vTaskStartScheduler)
    vTaskSuspendAll                          0x08004759   Thumb Code    12  tasks.o(i.vTaskSuspendAll)
    vTaskSwitchContext                       0x08004769   Thumb Code   118  tasks.o(i.vTaskSwitchContext)
    xPortStartScheduler                      0x080047f5   Thumb Code   330  port.o(i.xPortStartScheduler)
    xTaskCreate                              0x0800495d   Thumb Code   100  tasks.o(i.xTaskCreate)
    xTaskCreateStatic                        0x080049c1   Thumb Code   186  tasks.o(i.xTaskCreateStatic)
    xTaskIncrementTick                       0x08004a7d   Thumb Code   282  tasks.o(i.xTaskIncrementTick)
    xTaskResumeAll                           0x08004bc5   Thumb Code   224  tasks.o(i.xTaskResumeAll)
    AHBPrescTable                            0x08004d20   Data          16  system_stm32f4xx.o(.constdata)
    APBPrescTable                            0x08004d30   Data           8  system_stm32f4xx.o(.constdata)
    Region$$Table$$Base                      0x08004e2c   Number         0  anon$$obj.o(Region$$Table)
    Region$$Table$$Limit                     0x08004e4c   Number         0  anon$$obj.o(Region$$Table)
    nRF24L01Handle                           0x20000018   Data           4  main.o(.data)
    HelloHandle                              0x2000001c   Data           4  main.o(.data)
    RxpipeAddres                             0x20000020   Data           8  main.o(.data)
    uwTick                                   0x20000028   Data           4  stm32f4xx_hal.o(.data)
    uwTickPrio                               0x2000002c   Data           4  stm32f4xx_hal.o(.data)
    uwTickFreq                               0x20000030   Data           1  stm32f4xx_hal.o(.data)
    SystemCoreClock                          0x20000034   Data           4  system_stm32f4xx.o(.data)
    pxCurrentTCB                             0x20000038   Data           4  tasks.o(.data)
    hspi3                                    0x2000013c   Data          88  main.o(.bss)
    huart1                                   0x20000194   Data          68  main.o(.bss)
    MyRxData                                 0x200001d8   Data          32  main.o(.bss)
    htim1                                    0x2000044c   Data          72  stm32f4xx_hal_timebase_tim.o(.bss)
    __initial_sp                             0x20004588   Data           0  startup_stm32f407xx.o(STACK)



==============================================================================

Memory Map of the image

  Image Entry point : 0x08000189

  Load Region LR_IROM1 (Base: 0x08000000, Size: 0x00004eec, Max: 0x00080000, ABSOLUTE)

    Execution Region ER_IROM1 (Exec base: 0x08000000, Load base: 0x08000000, Size: 0x00004e4c, Max: 0x00080000, ABSOLUTE)

    Exec Addr    Load Addr    Size         Type   Attr      Idx    E Section Name        Object

    0x08000000   0x08000000   0x00000188   Data   RO            3    RESET               startup_stm32f407xx.o
    0x08000188   0x08000188   0x00000000   Code   RO         5002  * .ARM.Collect$$$$00000000  mc_w.l(entry.o)
    0x08000188   0x08000188   0x00000004   Code   RO         5278    .ARM.Collect$$$$00000001  mc_w.l(entry2.o)
    0x0800018c   0x0800018c   0x00000004   Code   RO         5281    .ARM.Collect$$$$00000004  mc_w.l(entry5.o)
    0x08000190   0x08000190   0x00000000   Code   RO         5283    .ARM.Collect$$$$00000008  mc_w.l(entry7b.o)
    0x08000190   0x08000190   0x00000000   Code   RO         5285    .ARM.Collect$$$$0000000A  mc_w.l(entry8b.o)
    0x08000190   0x08000190   0x00000008   Code   RO         5286    .ARM.Collect$$$$0000000B  mc_w.l(entry9a.o)
    0x08000198   0x08000198   0x00000004   Code   RO         5293    .ARM.Collect$$$$0000000E  mc_w.l(entry12b.o)
    0x0800019c   0x0800019c   0x00000000   Code   RO         5288    .ARM.Collect$$$$0000000F  mc_w.l(entry10a.o)
    0x0800019c   0x0800019c   0x00000000   Code   RO         5290    .ARM.Collect$$$$00000011  mc_w.l(entry11a.o)
    0x0800019c   0x0800019c   0x00000004   Code   RO         5279    .ARM.Collect$$$$00002712  mc_w.l(entry2.o)
    0x080001a0   0x080001a0   0x000000be   Code   RO         4925    .emb_text           port.o
    0x0800025e   0x0800025e   0x00000002   PAD
    0x08000260   0x08000260   0x00000024   Code   RO            4    .text               startup_stm32f407xx.o
    0x08000284   0x08000284   0x00000062   Code   RO         5005    .text               mc_w.l(uldiv.o)
    0x080002e6   0x080002e6   0x00000024   Code   RO         5007    .text               mc_w.l(memcpya.o)
    0x0800030a   0x0800030a   0x00000024   Code   RO         5011    .text               mc_w.l(memseta.o)
    0x0800032e   0x0800032e   0x0000000e   Code   RO         5013    .text               mc_w.l(strlen.o)
    0x0800033c   0x0800033c   0x0000001e   Code   RO         5299    .text               mc_w.l(llshl.o)
    0x0800035a   0x0800035a   0x00000020   Code   RO         5301    .text               mc_w.l(llushr.o)
    0x0800037a   0x0800037a   0x00000002   PAD
    0x0800037c   0x0800037c   0x00000024   Code   RO         5314    .text               mc_w.l(init.o)
    0x080003a0   0x080003a0   0x00000004   Code   RO          638    i.BusFault_Handler  stm32f4xx_it.o
    0x080003a4   0x080003a4   0x00000002   Code   RO          639    i.DebugMon_Handler  stm32f4xx_it.o
    0x080003a6   0x080003a6   0x00000006   Code   RO          478    i.Error_Handler     main.o
    0x080003ac   0x080003ac   0x000000aa   Code   RO         1302    i.HAL_DMA_Abort     stm32f4xx_hal_dma.o
    0x08000456   0x08000456   0x00000028   Code   RO         1303    i.HAL_DMA_Abort_IT  stm32f4xx_hal_dma.o
    0x0800047e   0x0800047e   0x00000002   PAD
    0x08000480   0x08000480   0x00000028   Code   RO         1726    i.HAL_Delay         stm32f4xx_hal.o
    0x080004a8   0x080004a8   0x00000204   Code   RO         1195    i.HAL_GPIO_Init     stm32f4xx_hal_gpio.o
    0x080006ac   0x080006ac   0x0000000c   Code   RO         1199    i.HAL_GPIO_WritePin  stm32f4xx_hal_gpio.o
    0x080006b8   0x080006b8   0x0000000c   Code   RO         1732    i.HAL_GetTick       stm32f4xx_hal.o
    0x080006c4   0x080006c4   0x00000018   Code   RO         1738    i.HAL_IncTick       stm32f4xx_hal.o
    0x080006dc   0x080006dc   0x0000003c   Code   RO         1739    i.HAL_Init          stm32f4xx_hal.o
    0x08000718   0x08000718   0x0000008c   Code   RO          756    i.HAL_InitTick      stm32f4xx_hal_timebase_tim.o
    0x080007a4   0x080007a4   0x00000054   Code   RO          708    i.HAL_MspInit       stm32f4xx_hal_msp.o
    0x080007f8   0x080007f8   0x00000020   Code   RO         1584    i.HAL_NVIC_EnableIRQ  stm32f4xx_hal_cortex.o
    0x08000818   0x08000818   0x0000007c   Code   RO         1590    i.HAL_NVIC_SetPriority  stm32f4xx_hal_cortex.o
    0x08000894   0x08000894   0x00000028   Code   RO         1591    i.HAL_NVIC_SetPriorityGrouping  stm32f4xx_hal_cortex.o
    0x080008bc   0x080008bc   0x00000184   Code   RO          796    i.HAL_RCC_ClockConfig  stm32f4xx_hal_rcc.o
    0x08000a40   0x08000a40   0x00000044   Code   RO          800    i.HAL_RCC_GetClockConfig  stm32f4xx_hal_rcc.o
    0x08000a84   0x08000a84   0x0000000c   Code   RO          801    i.HAL_RCC_GetHCLKFreq  stm32f4xx_hal_rcc.o
    0x08000a90   0x08000a90   0x00000020   Code   RO          803    i.HAL_RCC_GetPCLK1Freq  stm32f4xx_hal_rcc.o
    0x08000ab0   0x08000ab0   0x00000020   Code   RO          804    i.HAL_RCC_GetPCLK2Freq  stm32f4xx_hal_rcc.o
    0x08000ad0   0x08000ad0   0x000000b0   Code   RO          805    i.HAL_RCC_GetSysClockFreq  stm32f4xx_hal_rcc.o
    0x08000b80   0x08000b80   0x0000049c   Code   RO          808    i.HAL_RCC_OscConfig  stm32f4xx_hal_rcc.o
    0x0800101c   0x0800101c   0x000000c8   Code   RO         1988    i.HAL_SPI_Init      stm32f4xx_hal_spi.o
    0x080010e4   0x080010e4   0x00000088   Code   RO          710    i.HAL_SPI_MspInit   stm32f4xx_hal_msp.o
    0x0800116c   0x0800116c   0x00000170   Code   RO         1991    i.HAL_SPI_Receive   stm32f4xx_hal_spi.o
    0x080012dc   0x080012dc   0x000001ae   Code   RO         1996    i.HAL_SPI_Transmit  stm32f4xx_hal_spi.o
    0x0800148a   0x0800148a   0x0000022a   Code   RO         1997    i.HAL_SPI_TransmitReceive  stm32f4xx_hal_spi.o
    0x080016b4   0x080016b4   0x00000002   Code   RO         3016    i.HAL_TIMEx_BreakCallback  stm32f4xx_hal_tim_ex.o
    0x080016b6   0x080016b6   0x00000002   Code   RO         3017    i.HAL_TIMEx_CommutCallback  stm32f4xx_hal_tim_ex.o
    0x080016b8   0x080016b8   0x00000066   Code   RO         2301    i.HAL_TIM_Base_Init  stm32f4xx_hal_tim.o
    0x0800171e   0x0800171e   0x00000002   Code   RO         2303    i.HAL_TIM_Base_MspInit  stm32f4xx_hal_tim.o
    0x08001720   0x08001720   0x000000a8   Code   RO         2306    i.HAL_TIM_Base_Start_IT  stm32f4xx_hal_tim.o
    0x080017c8   0x080017c8   0x00000002   Code   RO         2335    i.HAL_TIM_IC_CaptureCallback  stm32f4xx_hal_tim.o
    0x080017ca   0x080017ca   0x00000196   Code   RO         2349    i.HAL_TIM_IRQHandler  stm32f4xx_hal_tim.o
    0x08001960   0x08001960   0x00000002   Code   RO         2352    i.HAL_TIM_OC_DelayElapsedCallback  stm32f4xx_hal_tim.o
    0x08001962   0x08001962   0x00000002   Code   RO         2379    i.HAL_TIM_PWM_PulseFinishedCallback  stm32f4xx_hal_tim.o
    0x08001964   0x08001964   0x00000018   Code   RO          479    i.HAL_TIM_PeriodElapsedCallback  main.o
    0x0800197c   0x0800197c   0x00000002   Code   RO         2392    i.HAL_TIM_TriggerCallback  stm32f4xx_hal_tim.o
    0x0800197e   0x0800197e   0x00000002   Code   RO         3294    i.HAL_UARTEx_RxEventCallback  stm32f4xx_hal_uart.o
    0x08001980   0x08001980   0x00000002   Code   RO         3308    i.HAL_UART_ErrorCallback  stm32f4xx_hal_uart.o
    0x08001982   0x08001982   0x00000002   PAD
    0x08001984   0x08001984   0x00000250   Code   RO         3311    i.HAL_UART_IRQHandler  stm32f4xx_hal_uart.o
    0x08001bd4   0x08001bd4   0x00000072   Code   RO         3312    i.HAL_UART_Init     stm32f4xx_hal_uart.o
    0x08001c46   0x08001c46   0x00000002   PAD
    0x08001c48   0x08001c48   0x00000098   Code   RO          712    i.HAL_UART_MspInit  stm32f4xx_hal_msp.o
    0x08001ce0   0x08001ce0   0x00000002   Code   RO         3318    i.HAL_UART_RxCpltCallback  stm32f4xx_hal_uart.o
    0x08001ce2   0x08001ce2   0x000000d2   Code   RO         3320    i.HAL_UART_Transmit  stm32f4xx_hal_uart.o
    0x08001db4   0x08001db4   0x00000002   Code   RO         3323    i.HAL_UART_TxCpltCallback  stm32f4xx_hal_uart.o
    0x08001db6   0x08001db6   0x00000004   Code   RO          640    i.HardFault_Handler  stm32f4xx_it.o
    0x08001dba   0x08001dba   0x00000002   PAD
    0x08001dbc   0x08001dbc   0x000000bc   Code   RO          480    i.MX_GPIO_Init      main.o
    0x08001e78   0x08001e78   0x00000044   Code   RO          481    i.MX_SPI3_Init      main.o
    0x08001ebc   0x08001ebc   0x00000038   Code   RO          482    i.MX_USART1_UART_Init  main.o
    0x08001ef4   0x08001ef4   0x00000004   Code   RO          641    i.MemManage_Handler  stm32f4xx_it.o
    0x08001ef8   0x08001ef8   0x00000004   Code   RO          642    i.NMI_Handler       stm32f4xx_it.o
    0x08001efc   0x08001efc   0x0000002c   Code   RO           13    i.NRF24_ACTIVATE_cmd  nrf24.o
    0x08001f28   0x08001f28   0x00000028   Code   RO           14    i.NRF24_DelayMicroSeconds  nrf24.o
    0x08001f50   0x08001f50   0x0000000a   Code   RO           16    i.NRF24_available   nrf24.o
    0x08001f5a   0x08001f5a   0x00000032   Code   RO           17    i.NRF24_availablePipe  nrf24.o
    0x08001f8c   0x08001f8c   0x0000019c   Code   RO           18    i.NRF24_begin       nrf24.o
    0x08002128   0x08002128   0x00000030   Code   RO           19    i.NRF24_ce          nrf24.o
    0x08002158   0x08002158   0x00000030   Code   RO           20    i.NRF24_csn         nrf24.o
    0x08002188   0x08002188   0x00000028   Code   RO           22    i.NRF24_disableDynamicPayloads  nrf24.o
    0x080021b0   0x080021b0   0x0000000c   Code   RO           25    i.NRF24_flush_rx    nrf24.o
    0x080021bc   0x080021bc   0x0000000c   Code   RO           26    i.NRF24_flush_tx    nrf24.o
    0x080021c8   0x080021c8   0x0000000a   Code   RO           29    i.NRF24_getDynamicPayloadSize  nrf24.o
    0x080021d2   0x080021d2   0x00000002   PAD
    0x080021d4   0x080021d4   0x0000000c   Code   RO           31    i.NRF24_getPayloadSize  nrf24.o
    0x080021e0   0x080021e0   0x0000000e   Code   RO           32    i.NRF24_get_status  nrf24.o
    0x080021ee   0x080021ee   0x00000002   PAD
    0x080021f0   0x080021f0   0x00000068   Code   RO           35    i.NRF24_openReadingPipe  nrf24.o
    0x08002258   0x08002258   0x00000016   Code   RO           37    i.NRF24_powerDown   nrf24.o
    0x0800226e   0x0800226e   0x0000002a   Code   RO           39    i.NRF24_read        nrf24.o
    0x08002298   0x08002298   0x00000048   Code   RO           40    i.NRF24_read_payload  nrf24.o
    0x080022e0   0x080022e0   0x00000040   Code   RO           41    i.NRF24_read_register  nrf24.o
    0x08002320   0x08002320   0x0000003c   Code   RO           42    i.NRF24_read_registerN  nrf24.o
    0x0800235c   0x0800235c   0x0000000c   Code   RO           43    i.NRF24_resetStatus  nrf24.o
    0x08002368   0x08002368   0x0000001a   Code   RO           44    i.NRF24_setAutoAck  nrf24.o
    0x08002382   0x08002382   0x0000002c   Code   RO           46    i.NRF24_setCRCLength  nrf24.o
    0x080023ae   0x080023ae   0x0000001a   Code   RO           47    i.NRF24_setChannel  nrf24.o
    0x080023c8   0x080023c8   0x00000060   Code   RO           48    i.NRF24_setDataRate  nrf24.o
    0x08002428   0x08002428   0x00000042   Code   RO           49    i.NRF24_setPALevel  nrf24.o
    0x0800246a   0x0800246a   0x00000002   PAD
    0x0800246c   0x0800246c   0x00000018   Code   RO           50    i.NRF24_setPayloadSize  nrf24.o
    0x08002484   0x08002484   0x0000001a   Code   RO           51    i.NRF24_setRetries  nrf24.o
    0x0800249e   0x0800249e   0x00000002   PAD
    0x080024a0   0x080024a0   0x00000048   Code   RO           52    i.NRF24_startListening  nrf24.o
    0x080024e8   0x080024e8   0x00000034   Code   RO           60    i.NRF24_write_payload  nrf24.o
    0x0800251c   0x0800251c   0x00000030   Code   RO           61    i.NRF24_write_register  nrf24.o
    0x0800254c   0x0800254c   0x0000003c   Code   RO           62    i.NRF24_write_registerN  nrf24.o
    0x08002588   0x08002588   0x00000094   Code   RO         2025    i.SPI_EndRxTransaction  stm32f4xx_hal_spi.o
    0x0800261c   0x0800261c   0x0000006c   Code   RO         2026    i.SPI_EndRxTxTransaction  stm32f4xx_hal_spi.o
    0x08002688   0x08002688   0x000000d8   Code   RO         2031    i.SPI_WaitFlagStateUntilTimeout  stm32f4xx_hal_spi.o
    0x08002760   0x08002760   0x00000004   Code   RO          483    i.StartHelloTask    main.o
    0x08002764   0x08002764   0x000001cc   Code   RO          484    i.StartnRF24L01Task  main.o
    0x08002930   0x08002930   0x00000034   Code   RO         4926    i.SysTick_Handler   port.o
    0x08002964   0x08002964   0x000000b8   Code   RO          485    i.SystemClock_Config  main.o
    0x08002a1c   0x08002a1c   0x00000014   Code   RO         3651    i.SystemInit        system_stm32f4xx.o
    0x08002a30   0x08002a30   0x00000010   Code   RO          643    i.TIM1_UP_TIM10_IRQHandler  stm32f4xx_it.o
    0x08002a40   0x08002a40   0x000000d8   Code   RO         2394    i.TIM_Base_SetConfig  stm32f4xx_hal_tim.o
    0x08002b18   0x08002b18   0x00000014   Code   RO         3325    i.UART_DMAAbortOnError  stm32f4xx_hal_uart.o
    0x08002b2c   0x08002b2c   0x00000036   Code   RO         3335    i.UART_EndRxTransfer  stm32f4xx_hal_uart.o
    0x08002b62   0x08002b62   0x00000020   Code   RO         3336    i.UART_EndTransmit_IT  stm32f4xx_hal_uart.o
    0x08002b82   0x08002b82   0x000000be   Code   RO         3338    i.UART_Receive_IT   stm32f4xx_hal_uart.o
    0x08002c40   0x08002c40   0x0000022c   Code   RO         3339    i.UART_SetConfig    stm32f4xx_hal_uart.o
    0x08002e6c   0x08002e6c   0x00000060   Code   RO         3342    i.UART_Transmit_IT  stm32f4xx_hal_uart.o
    0x08002ecc   0x08002ecc   0x0000006c   Code   RO         3343    i.UART_WaitOnFlagUntilTimeout  stm32f4xx_hal_uart.o
    0x08002f38   0x08002f38   0x00000010   Code   RO          644    i.USART1_IRQHandler  stm32f4xx_it.o
    0x08002f48   0x08002f48   0x00000004   Code   RO          645    i.UsageFault_Handler  stm32f4xx_it.o
    0x08002f4c   0x08002f4c   0x00000028   Code   RO         5226    i.__0sprintf$8      mc_w.l(printf8.o)
    0x08002f74   0x08002f74   0x00000010   Code   RO         1597    i.__NVIC_GetPriorityGrouping  stm32f4xx_hal_cortex.o
    0x08002f84   0x08002f84   0x00000028   Code   RO         1598    i.__NVIC_SetPriority  stm32f4xx_hal_cortex.o
    0x08002fac   0x08002fac   0x0000000e   Code   RO         5324    i.__scatterload_copy  mc_w.l(handlers.o)
    0x08002fba   0x08002fba   0x00000002   Code   RO         5325    i.__scatterload_null  mc_w.l(handlers.o)
    0x08002fbc   0x08002fbc   0x0000000e   Code   RO         5326    i.__scatterload_zeroinit  mc_w.l(handlers.o)
    0x08002fca   0x08002fca   0x00000002   PAD
    0x08002fcc   0x08002fcc   0x00000404   Code   RO         5231    i._printf_core      mc_w.l(printf8.o)
    0x080033d0   0x080033d0   0x00000024   Code   RO         5232    i._printf_post_padding  mc_w.l(printf8.o)
    0x080033f4   0x080033f4   0x0000002e   Code   RO         5233    i._printf_pre_padding  mc_w.l(printf8.o)
    0x08003422   0x08003422   0x0000000a   Code   RO         5235    i._sputc            mc_w.l(printf8.o)
    0x0800342c   0x0800342c   0x00000058   Code   RO          486    i.main              main.o
    0x08003484   0x08003484   0x0000000e   Code   RO         4491    i.makeFreeRtosPriority  cmsis_os.o
    0x08003492   0x08003492   0x00000002   PAD
    0x08003494   0x08003494   0x00000018   Code   RO           63    i.nrf24_DebugUART_Init  nrf24.o
    0x080034ac   0x080034ac   0x00000018   Code   RO         4493    i.osDelay           cmsis_os.o
    0x080034c4   0x080034c4   0x0000000a   Code   RO         4496    i.osKernelStart     cmsis_os.o
    0x080034ce   0x080034ce   0x0000005e   Code   RO         4530    i.osThreadCreate    cmsis_os.o
    0x0800352c   0x0800352c   0x00000920   Code   RO           66    i.printRadioSettings  nrf24.o
    0x08003e4c   0x08003e4c   0x00000098   Code   RO         4162    i.prvAddCurrentTaskToDelayedList  tasks.o
    0x08003ee4   0x08003ee4   0x000000b4   Code   RO         4163    i.prvAddNewTaskToReadyList  tasks.o
    0x08003f98   0x08003f98   0x00000048   Code   RO         4164    i.prvCheckTasksWaitingTermination  tasks.o
    0x08003fe0   0x08003fe0   0x00000050   Code   RO         4165    i.prvDeleteTCB      tasks.o
    0x08004030   0x08004030   0x0000007c   Code   RO         4858    i.prvHeapInit       heap_4.o
    0x080040ac   0x080040ac   0x00000028   Code   RO         4166    i.prvIdleTask       tasks.o
    0x080040d4   0x080040d4   0x000000b4   Code   RO         4167    i.prvInitialiseNewTask  tasks.o
    0x08004188   0x08004188   0x00000068   Code   RO         4168    i.prvInitialiseTaskLists  tasks.o
    0x080041f0   0x080041f0   0x00000068   Code   RO         4859    i.prvInsertBlockIntoFreeList  heap_4.o
    0x08004258   0x08004258   0x00000034   Code   RO         4169    i.prvResetNextTaskUnblockTime  tasks.o
    0x0800428c   0x0800428c   0x00000040   Code   RO         4927    i.prvTaskExitError  port.o
    0x080042cc   0x080042cc   0x0000014c   Code   RO         4860    i.pvPortMalloc      heap_4.o
    0x08004418   0x08004418   0x0000002c   Code   RO         4928    i.pxPortInitialiseStack  port.o
    0x08004444   0x08004444   0x00000028   Code   RO         3788    i.uxListRemove      list.o
    0x0800446c   0x0800446c   0x00000018   Code   RO          604    i.vApplicationGetIdleTaskMemory  freertos.o
    0x08004484   0x08004484   0x0000001a   Code   RO         3789    i.vListInitialise   list.o
    0x0800449e   0x0800449e   0x00000006   Code   RO         3790    i.vListInitialiseItem  list.o
    0x080044a4   0x080044a4   0x00000034   Code   RO         3791    i.vListInsert       list.o
    0x080044d8   0x080044d8   0x00000018   Code   RO         3792    i.vListInsertEnd    list.o
    0x080044f0   0x080044f0   0x00000054   Code   RO         4930    i.vPortEnterCritical  port.o
    0x08004544   0x08004544   0x0000003c   Code   RO         4931    i.vPortExitCritical  port.o
    0x08004580   0x08004580   0x000000a4   Code   RO         4861    i.vPortFree         heap_4.o
    0x08004624   0x08004624   0x00000028   Code   RO         4932    i.vPortSetupTimerInterrupt  port.o
    0x0800464c   0x0800464c   0x0000005c   Code   RO         4178    i.vTaskDelay        tasks.o
    0x080046a8   0x080046a8   0x000000b0   Code   RO         4191    i.vTaskStartScheduler  tasks.o
    0x08004758   0x08004758   0x00000010   Code   RO         4193    i.vTaskSuspendAll   tasks.o
    0x08004768   0x08004768   0x0000008c   Code   RO         4194    i.vTaskSwitchContext  tasks.o
    0x080047f4   0x080047f4   0x00000168   Code   RO         4934    i.xPortStartScheduler  port.o
    0x0800495c   0x0800495c   0x00000064   Code   RO         4197    i.xTaskCreate       tasks.o
    0x080049c0   0x080049c0   0x000000ba   Code   RO         4198    i.xTaskCreateStatic  tasks.o
    0x08004a7a   0x08004a7a   0x00000002   PAD
    0x08004a7c   0x08004a7c   0x00000148   Code   RO         4205    i.xTaskIncrementTick  tasks.o
    0x08004bc4   0x08004bc4   0x00000104   Code   RO         4211    i.xTaskResumeAll    tasks.o
    0x08004cc8   0x08004cc8   0x0000000d   Data   RO           69    .constdata          nrf24.o
    0x08004cd5   0x08004cd5   0x00000003   PAD
    0x08004cd8   0x08004cd8   0x00000048   Data   RO          488    .constdata          main.o
    0x08004d20   0x08004d20   0x00000018   Data   RO         3652    .constdata          system_stm32f4xx.o
    0x08004d38   0x08004d38   0x000000da   Data   RO           70    .conststring        nrf24.o
    0x08004e12   0x08004e12   0x00000002   PAD
    0x08004e14   0x08004e14   0x00000017   Data   RO          489    .conststring        main.o
    0x08004e2b   0x08004e2b   0x00000001   PAD
    0x08004e2c   0x08004e2c   0x00000020   Data   RO         5322    Region$$Table       anon$$obj.o


    Execution Region RW_IRAM2 (Exec base: 0x10000000, Load base: 0x08004eec, Size: 0x00000000, Max: 0x00010000, ABSOLUTE)

    **** No section assigned to this execution region ****


    Execution Region RW_IRAM1 (Exec base: 0x20000000, Load base: 0x08004e4c, Size: 0x00004588, Max: 0x00020000, ABSOLUTE)

    Exec Addr    Load Addr    Size         Type   Attr      Idx    E Section Name        Object

    0x20000000   0x08004e4c   0x00000018   Data   RW           71    .data               nrf24.o
    0x20000018   0x08004e64   0x00000010   Data   RW          490    .data               main.o
    0x20000028   0x08004e74   0x00000009   Data   RW         1746    .data               stm32f4xx_hal.o
    0x20000031   0x08004e7d   0x00000003   PAD
    0x20000034   0x08004e80   0x00000004   Data   RW         3653    .data               system_stm32f4xx.o
    0x20000038   0x08004e84   0x0000003c   Data   RW         4214    .data               tasks.o
    0x20000074   0x08004ec0   0x00000020   Data   RW         4867    .data               heap_4.o
    0x20000094   0x08004ee0   0x0000000c   Data   RW         4935    .data               port.o
    0x200000a0        -       0x0000009c   Zero   RW           68    .bss                nrf24.o
    0x2000013c        -       0x000000bc   Zero   RW          487    .bss                main.o
    0x200001f8        -       0x00000254   Zero   RW          605    .bss                freertos.o
    0x2000044c        -       0x00000048   Zero   RW          759    .bss                stm32f4xx_hal_timebase_tim.o
    0x20000494        -       0x000000f0   Zero   RW         4213    .bss                tasks.o
    0x20000584        -       0x00003c00   Zero   RW         4866    .bss                heap_4.o
    0x20004184   0x08004eec   0x00000004   PAD
    0x20004188        -       0x00000400   Zero   RW            1    STACK               startup_stm32f407xx.o


==============================================================================

Image component sizes


      Code (inc. data)   RO Data    RW Data    ZI Data      Debug   Object Name

       142          0          0          0          0      23203   cmsis_os.o
         0          0          0          0          0      16972   event_groups.o
        24         10          0          0        596       1308   freertos.o
       724         74          0         32      15360       7571   heap_4.o
       148          0          0          0          0       3698   list.o
      1078        132         95         16        188      38705   main.o
      4028       1026        231         24        156     716834   nrf24.o
       894         78          0         12          0      11380   port.o
        36          8        392          0       1024        856   startup_stm32f407xx.o
       136         24          0          9          0       8870   stm32f4xx_hal.o
       252         22          0          0          0      33806   stm32f4xx_hal_cortex.o
       210          0          0          0          0       2015   stm32f4xx_hal_dma.o
       528         46          0          0          0       2172   stm32f4xx_hal_gpio.o
       372         32          0          0          0       2427   stm32f4xx_hal_msp.o
      1888         94          0          0          0       6441   stm32f4xx_hal_rcc.o
      2024         14          0          0          0       8082   stm32f4xx_hal_spi.o
       902         76          0          0          0       6678   stm32f4xx_hal_tim.o
         4          0          0          0          0       1633   stm32f4xx_hal_tim_ex.o
       140         18          0          0         72       1535   stm32f4xx_hal_timebase_tim.o
      1980         16          0          0          0      11088   stm32f4xx_hal_uart.o
        54         12          0          0          0       3988   stm32f4xx_it.o
         0          0          0          0          0        392   stream_buffer.o
        20          6         24          4          0       1195   system_stm32f4xx.o
      2158        270          0         60        240      20853   tasks.o

    ----------------------------------------------------------------------
     17764       1958        780        160      17640     931702   Object Totals
         0          0         32          0          0          0   (incl. Generated)
        22          0          6          3          4          0   (incl. Padding)

    ----------------------------------------------------------------------

      Code (inc. data)   RO Data    RW Data    ZI Data      Debug   Library Member Name

         0          0          0          0          0          0   entry.o
         0          0          0          0          0          0   entry10a.o
         0          0          0          0          0          0   entry11a.o
         4          0          0          0          0          0   entry12b.o
         8          4          0          0          0          0   entry2.o
         4          0          0          0          0          0   entry5.o
         0          0          0          0          0          0   entry7b.o
         0          0          0          0          0          0   entry8b.o
         8          4          0          0          0          0   entry9a.o
        30          0          0          0          0          0   handlers.o
        36          8          0          0          0         68   init.o
        30          0          0          0          0         68   llshl.o
        32          0          0          0          0         68   llushr.o
        36          0          0          0          0         68   memcpya.o
        36          0          0          0          0        108   memseta.o
      1160         50          0          0          0        420   printf8.o
        14          0          0          0          0         68   strlen.o
        98          0          0          0          0         92   uldiv.o

    ----------------------------------------------------------------------
      1500         66          0          0          0        960   Library Totals
         4          0          0          0          0          0   (incl. Padding)

    ----------------------------------------------------------------------

      Code (inc. data)   RO Data    RW Data    ZI Data      Debug   Library Name

      1496         66          0          0          0        960   mc_w.l

    ----------------------------------------------------------------------
      1500         66          0          0          0        960   Library Totals

    ----------------------------------------------------------------------

==============================================================================


      Code (inc. data)   RO Data    RW Data    ZI Data      Debug   

     19264       2024        780        160      17640     918550   Grand Totals
     19264       2024        780        160      17640     918550   ELF Image Totals
     19264       2024        780        160          0          0   ROM Totals

==============================================================================

    Total RO  Size (Code + RO Data)                20044 (  19.57kB)
    Total RW  Size (RW Data + ZI Data)             17800 (  17.38kB)
    Total ROM Size (Code + RO Data + RW Data)      20204 (  19.73kB)

==============================================================================

